Archive member included to satisfy reference by file (symbol)

D:\University\Engineering\Ano 4\se1\HAL_SE1\Debug\libHAL_SE1.a(BMP.o)
                              ./src/LAB_8.o (getTempCelsius)
D:\University\Engineering\Ano 4\se1\HAL_SE1\Debug\libHAL_SE1.a(SPI.o)
                              D:\University\Engineering\Ano 4\se1\HAL_SE1\Debug\libHAL_SE1.a(BMP.o) (SPI_Init)
D:\University\Engineering\Ano 4\se1\CMSIS_CORE_LPC17xx\Debug\libCMSIS_CORE_LPC17xx.a(system_LPC17xx.o)
                              ./src/cr_startup_lpc175x_6x.o (SystemInit)
c:/nxp/mcuxpressoide_11.4.1_6260/ide/plugins/com.nxp.mcuxpresso.tools.win32_11.4.0.202103011116/tools/bin/../lib/gcc/arm-none-eabi/10.2.1/../../../../arm-none-eabi/lib/thumb/v7-m/nofp\libcr_semihost.a(_cr__main.o)
                              ./src/cr_startup_lpc175x_6x.o (__main)
c:/nxp/mcuxpressoide_11.4.1_6260/ide/plugins/com.nxp.mcuxpresso.tools.win32_11.4.0.202103011116/tools/bin/../lib/gcc/arm-none-eabi/10.2.1/../../../../arm-none-eabi/lib/thumb/v7-m/nofp\libcr_c.a(fpprintf.o)
                              ./src/LAB_8.o (printf)
c:/nxp/mcuxpressoide_11.4.1_6260/ide/plugins/com.nxp.mcuxpresso.tools.win32_11.4.0.202103011116/tools/bin/../lib/gcc/arm-none-eabi/10.2.1/../../../../arm-none-eabi/lib/thumb/v7-m/nofp\libcr_c.a(initio.o)
                              c:/nxp/mcuxpressoide_11.4.1_6260/ide/plugins/com.nxp.mcuxpresso.tools.win32_11.4.0.202103011116/tools/bin/../lib/gcc/arm-none-eabi/10.2.1/../../../../arm-none-eabi/lib/thumb/v7-m/nofp\libcr_semihost.a(_cr__main.o) (_initio)
c:/nxp/mcuxpressoide_11.4.1_6260/ide/plugins/com.nxp.mcuxpresso.tools.win32_11.4.0.202103011116/tools/bin/../lib/gcc/arm-none-eabi/10.2.1/../../../../arm-none-eabi/lib/thumb/v7-m/nofp\libcr_c.a(printf.o)
                              c:/nxp/mcuxpressoide_11.4.1_6260/ide/plugins/com.nxp.mcuxpresso.tools.win32_11.4.0.202103011116/tools/bin/../lib/gcc/arm-none-eabi/10.2.1/../../../../arm-none-eabi/lib/thumb/v7-m/nofp\libcr_c.a(fpprintf.o) (__vfprintf)
c:/nxp/mcuxpressoide_11.4.1_6260/ide/plugins/com.nxp.mcuxpresso.tools.win32_11.4.0.202103011116/tools/bin/../lib/gcc/arm-none-eabi/10.2.1/../../../../arm-none-eabi/lib/thumb/v7-m/nofp\libcr_c.a(setvbuf.o)
                              c:/nxp/mcuxpressoide_11.4.1_6260/ide/plugins/com.nxp.mcuxpresso.tools.win32_11.4.0.202103011116/tools/bin/../lib/gcc/arm-none-eabi/10.2.1/../../../../arm-none-eabi/lib/thumb/v7-m/nofp\libcr_c.a(initio.o) (setvbuf)
c:/nxp/mcuxpressoide_11.4.1_6260/ide/plugins/com.nxp.mcuxpresso.tools.win32_11.4.0.202103011116/tools/bin/../lib/gcc/arm-none-eabi/10.2.1/../../../../arm-none-eabi/lib/thumb/v7-m/nofp\libcr_c.a(strlen.o)
                              c:/nxp/mcuxpressoide_11.4.1_6260/ide/plugins/com.nxp.mcuxpresso.tools.win32_11.4.0.202103011116/tools/bin/../lib/gcc/arm-none-eabi/10.2.1/../../../../arm-none-eabi/lib/thumb/v7-m/nofp\libcr_c.a(printf.o) (strlen)
c:/nxp/mcuxpressoide_11.4.1_6260/ide/plugins/com.nxp.mcuxpresso.tools.win32_11.4.0.202103011116/tools/bin/../lib/gcc/arm-none-eabi/10.2.1/../../../../arm-none-eabi/lib/thumb/v7-m/nofp\libcr_c.a(memset.o)
                              c:/nxp/mcuxpressoide_11.4.1_6260/ide/plugins/com.nxp.mcuxpresso.tools.win32_11.4.0.202103011116/tools/bin/../lib/gcc/arm-none-eabi/10.2.1/../../../../arm-none-eabi/lib/thumb/v7-m/nofp\libcr_c.a(fpprintf.o) (memset)
c:/nxp/mcuxpressoide_11.4.1_6260/ide/plugins/com.nxp.mcuxpresso.tools.win32_11.4.0.202103011116/tools/bin/../lib/gcc/arm-none-eabi/10.2.1/../../../../arm-none-eabi/lib/thumb/v7-m/nofp\libcr_c.a(_deferredlazyseek.o)
                              c:/nxp/mcuxpressoide_11.4.1_6260/ide/plugins/com.nxp.mcuxpresso.tools.win32_11.4.0.202103011116/tools/bin/../lib/gcc/arm-none-eabi/10.2.1/../../../../arm-none-eabi/lib/thumb/v7-m/nofp\libcr_c.a(fpprintf.o) (__flsbuf)
c:/nxp/mcuxpressoide_11.4.1_6260/ide/plugins/com.nxp.mcuxpresso.tools.win32_11.4.0.202103011116/tools/bin/../lib/gcc/arm-none-eabi/10.2.1/../../../../arm-none-eabi/lib/thumb/v7-m/nofp\libcr_c.a(_fdopen.o)
                              c:/nxp/mcuxpressoide_11.4.1_6260/ide/plugins/com.nxp.mcuxpresso.tools.win32_11.4.0.202103011116/tools/bin/../lib/gcc/arm-none-eabi/10.2.1/../../../../arm-none-eabi/lib/thumb/v7-m/nofp\libcr_c.a(initio.o) (_fdopen)
c:/nxp/mcuxpressoide_11.4.1_6260/ide/plugins/com.nxp.mcuxpresso.tools.win32_11.4.0.202103011116/tools/bin/../lib/gcc/arm-none-eabi/10.2.1/../../../../arm-none-eabi/lib/thumb/v7-m/nofp\libcr_c.a(_fflush.o)
                              c:/nxp/mcuxpressoide_11.4.1_6260/ide/plugins/com.nxp.mcuxpresso.tools.win32_11.4.0.202103011116/tools/bin/../lib/gcc/arm-none-eabi/10.2.1/../../../../arm-none-eabi/lib/thumb/v7-m/nofp\libcr_c.a(_deferredlazyseek.o) (_fflush)
c:/nxp/mcuxpressoide_11.4.1_6260/ide/plugins/com.nxp.mcuxpresso.tools.win32_11.4.0.202103011116/tools/bin/../lib/gcc/arm-none-eabi/10.2.1/../../../../arm-none-eabi/lib/thumb/v7-m/nofp\libcr_c.a(_frexpl.o)
[...]
Memory Configuration

Name             Origin             Length             Attributes
MFlash512        0x00000000         0x00080000         xr
RamLoc32         0x10000000         0x00008000         xrw
RamAHB32         0x2007c000         0x00008000         xrw
*default*        0x00000000         0xffffffff

Linker script and memory map

LOAD ./src/LAB_8.o
LOAD ./src/cr_startup_lpc175x_6x.o
LOAD ./src/crp.o
LOAD D:\University\Engineering\Ano 4\se1\HAL_SE1\Debug\libHAL_SE1.a
LOAD D:\University\Engineering\Ano 4\se1\CMSIS_CORE_LPC17xx\Debug\libCMSIS_CORE_LPC17xx.a
START GROUP
LOAD c:/nxp/mcuxpressoide_11.4.1_6260/ide/plugins/com.nxp.mcuxpresso.tools.win32_11.4.0.202103011116/tools/bin/../lib/gcc/arm-none-eabi/10.2.1/../../../../arm-none-eabi/lib/thumb/v7-m/nofp\libcr_semihost.a
LOAD c:/nxp/mcuxpressoide_11.4.1_6260/ide/plugins/com.nxp.mcuxpresso.tools.win32_11.4.0.202103011116/tools/bin/../lib/gcc/arm-none-eabi/10.2.1/../../../../arm-none-eabi/lib/thumb/v7-m/nofp\libcr_c.a
LOAD c:/nxp/mcuxpressoide_11.4.1_6260/ide/plugins/com.nxp.mcuxpresso.tools.win32_11.4.0.202103011116/tools/bin/../lib/gcc/arm-none-eabi/10.2.1/thumb/v7-m/nofp\libcr_eabihelpers.a
LOAD c:/nxp/mcuxpressoide_11.4.1_6260/ide/plugins/com.nxp.mcuxpresso.tools.win32_11.4.0.202103011116/tools/bin/../lib/gcc/arm-none-eabi/10.2.1/thumb/v7-m/nofp\libgcc.a
END GROUP
                0x00000000                __base_MFlash512 = 0x0
                0x00000000                __base_Flash = 0x0
                0x00080000                __top_MFlash512 = 0x80000
                0x00080000                __top_Flash = 0x80000
                0x10000000                __base_RamLoc32 = 0x10000000
                0x10000000                __base_RAM = 0x10000000
                0x10008000                __top_RamLoc32 = 0x10008000
                0x10008000                __top_RAM = 0x10008000
                0x2007c000                __base_RamAHB32 = 0x2007c000
                0x2007c000                __base_RAM2 = 0x2007c000
                0x20084000                __top_RamAHB32 = 0x20084000
                0x20084000                __top_RAM2 = 0x20084000

.text           0x00000000     0x3174
 FILL mask 0xff
                0x00000000                __vectors_start__ = ABSOLUTE (.)
 *(.isr_vector)
 .isr_vector    0x00000000       0xcc ./src/cr_startup_lpc175x_6x.o
                0x00000000                g_pfnVectors
                0x000000cc                . = ALIGN (0x4)
                0x000000cc                __section_table_start = .
                0x000000cc                __data_section_table = .
                0x000000cc        0x4 LONG 0x3174 LOADADDR (.data)
                0x000000d0        0x4 LONG 0x10000000 ADDR (.data)
                0x000000d4        0x4 LONG 0x4 SIZEOF (.data)
                0x000000d8        0x4 LONG 0x3174 LOADADDR (.data_RAM2)
                0x000000dc        0x4 LONG 0x2007c000 ADDR (.data_RAM2)
                0x000000e0        0x4 LONG 0x0 SIZEOF (.data_RAM2)
                0x000000e4                __data_section_table_end = .
                0x000000e4                __bss_section_table = .
                0x000000e4        0x4 LONG 0x10000004 ADDR (.bss)
                0x000000e8        0x4 LONG 0x1ec SIZEOF (.bss)
                0x000000ec        0x4 LONG 0x2007c000 ADDR (.bss_RAM2)
                0x000000f0        0x4 LONG 0x0 SIZEOF (.bss_RAM2)
                0x000000f4                __bss_section_table_end = .
                0x000000f4                __section_table_end = .
 *(.after_vectors*)
 .after_vectors
                0x000000f4      0x130 ./src/cr_startup_lpc175x_6x.o
                0x000000f4                data_init
                0x00000138                bss_init
                0x00000170                ResetISR
                0x000001e8                NMI_Handler
                0x000001ee                HardFault_Handler
                0x000001f4                MemManage_Handler
                0x000001fa                BusFault_Handler
                0x00000200                UsageFault_Handler
                0x00000206                SVC_Handler
                0x0000020c                DebugMon_Handler
                0x00000212                PendSV_Handler
                0x00000218                SysTick_Handler
                0x0000021e                EINT3_IRQHandler
                0x0000021e                CANActivity_IRQHandler
                0x0000021e                TIMER3_IRQHandler
                0x0000021e                UART0_IRQHandler
                0x0000021e                UART1_IRQHandler
                0x0000021e                EINT2_IRQHandler
                0x0000021e                USBActivity_IRQHandler
                0x0000021e                IntDefaultHandler
                0x0000021e                PLL0_IRQHandler
                0x0000021e                I2C0_IRQHandler
                0x0000021e                I2C1_IRQHandler
                0x0000021e                SSP0_IRQHandler
                0x0000021e                I2S_IRQHandler
                0x0000021e                I2C2_IRQHandler
                0x0000021e                RTC_IRQHandler
                0x0000021e                TIMER0_IRQHandler
                0x0000021e                SPI_IRQHandler
                0x0000021e                RIT_IRQHandler
                0x0000021e                EINT1_IRQHandler
                0x0000021e                TIMER1_IRQHandler
                0x0000021e                UART2_IRQHandler
                0x0000021e                ADC_IRQHandler
                0x0000021e                SSP1_IRQHandler
                0x0000021e                USB_IRQHandler
                0x0000021e                BOD_IRQHandler
                0x0000021e                PLL1_IRQHandler
                0x0000021e                WDT_IRQHandler
                0x0000021e                PWM1_IRQHandler
                0x0000021e                QEI_IRQHandler
                0x0000021e                EINT0_IRQHandler
                0x0000021e                CAN_IRQHandler
                0x0000021e                DMA_IRQHandler
                0x0000021e                TIMER2_IRQHandler
                0x0000021e                UART3_IRQHandler
                0x0000021e                MCPWM_IRQHandler
                0x0000021e                ENET_IRQHandler
                0x000002fc                . = 0x2fc
 *fill*         0x00000224       0xd8 ff
                0x000002fc                PROVIDE (__CRP_WORD_START__ = .)
 *(.crp)
 .crp           0x000002fc        0x4 ./src/crp.o
                0x000002fc                CRP_WORD
                0x00000300                PROVIDE (__CRP_WORD_END__ = .)
                0x00000001                ASSERT (! ((__CRP_WORD_START__ == __CRP_WORD_END__)), Linker CRP Enabled, but no CRP_WORD provided within application)
 *(.text*)
 .text.main     0x00000300      0x1c4 ./src/LAB_8.o
                0x00000300                main
 .text.getTempCelsius
                0x000004c4      0x1ac D:\University\Engineering\Ano 4\se1\HAL_SE1\Debug\libHAL_SE1.a(BMP.o)
                0x000004c4                getTempCelsius
 .text.SetReg8  0x00000670       0x58 D:\University\Engineering\Ano 4\se1\HAL_SE1\Debug\libHAL_SE1.a(BMP.o)
                0x00000670                SetReg8
 .text.GetReg16
                0x000006c8       0x6c D:\University\Engineering\Ano 4\se1\HAL_SE1\Debug\libHAL_SE1.a(BMP.o)
                0x000006c8                GetReg16
 .text.GetReg8  0x00000734       0x58 D:\University\Engineering\Ano 4\se1\HAL_SE1\Debug\libHAL_SE1.a(BMP.o)
                0x00000734                GetReg8
 .text.BMP_Init
                0x0000078c       0x64 D:\University\Engineering\Ano 4\se1\HAL_SE1\Debug\libHAL_SE1.a(BMP.o)
                0x0000078c                BMP_Init
 .text.spi_GetPclk
                0x000007f0       0x6c D:\University\Engineering\Ano 4\se1\HAL_SE1\Debug\libHAL_SE1.a(SPI.o)
 .text.SPI_Init
                0x0000085c       0x98 D:\University\Engineering\Ano 4\se1\HAL_SE1\Debug\libHAL_SE1.a(SPI.o)
                0x0000085c                SPI_Init
 .text.SPI_ConfigTransfer
                0x000008f4       0x6c D:\University\Engineering\Ano 4\se1\HAL_SE1\Debug\libHAL_SE1.a(SPI.o)
                0x000008f4                SPI_ConfigTransfer
 .text.SPI_Transfer
                0x00000960       0x64 D:\University\Engineering\Ano 4\se1\HAL_SE1\Debug\libHAL_SE1.a(SPI.o)
                0x00000960                SPI_Transfer
 .text.SystemInit
                0x000009c4       0xd8 D:\University\Engineering\Ano 4\se1\CMSIS_CORE_LPC17xx\Debug\libCMSIS_CORE_LPC17xx.a(system_LPC17xx.o)
                0x000009c4                SystemInit
 .text.__main   0x00000a9c        0xe c:/nxp/mcuxpressoide_11.4.1_6260/ide/plugins/com.nxp.mcuxpresso.tools.win32_11.4.0.202103011116/tools/bin/../lib/gcc/arm-none-eabi/10.2.1/../../../../arm-none-eabi/lib/thumb/v7-m/nofp\libcr_semihost.a(_cr__main.o)
                0x00000a9c                __CR_SEMIHOST
                0x00000a9c                __main
 .text.fp_round
                0x00000aaa       0x4c c:/nxp/mcuxpressoide_11.4.1_6260/ide/plugins/com.nxp.mcuxpresso.tools.win32_11.4.0.202103011116/tools/bin/../lib/gcc/arm-none-eabi/10.2.1/../../../../arm-none-eabi/lib/thumb/v7-m/nofp\libcr_c.a(fpprintf.o)
 .text.pr_dec.constprop.0
                0x00000af6       0x26 c:/nxp/mcuxpressoide_11.4.1_6260/ide/plugins/com.nxp.mcuxpresso.tools.win32_11.4.0.202103011116/tools/bin/../lib/gcc/arm-none-eabi/10.2.1/../../../../arm-none-eabi/lib/thumb/v7-m/nofp\libcr_c.a(fpprintf.o)
 .text.sprintf  0x00000b1c       0x6c c:/nxp/mcuxpressoide_11.4.1_6260/ide/plugins/com.nxp.mcuxpresso.tools.win32_11.4.0.202103011116/tools/bin/../lib/gcc/arm-none-eabi/10.2.1/../../../../arm-none-eabi/lib/thumb/v7-m/nofp\libcr_c.a(fpprintf.o)
                0x00000b1c                sprintf
 .text.fp_display
                0x00000b88      0x950 c:/nxp/mcuxpressoide_11.4.1_6260/ide/plugins/com.nxp.mcuxpresso.tools.win32_11.4.0.202103011116/tools/bin/../lib/gcc/arm-none-eabi/10.2.1/../../../../arm-none-eabi/lib/thumb/v7-m/nofp\libcr_c.a(fpprintf.o)
 .text.vsnprintf
                0x000014d8       0x68 c:/nxp/mcuxpressoide_11.4.1_6260/ide/plugins/com.nxp.mcuxpresso.tools.win32_11.4.0.202103011116/tools/bin/../lib/gcc/arm-none-eabi/10.2.1/../../../../arm-none-eabi/lib/thumb/v7-m/nofp\libcr_c.a(fpprintf.o)
                0x000014d8                vsnprintf
 .text.printf   0x00001540       0x54 c:/nxp/mcuxpressoide_11.4.1_6260/ide/plugins/com.nxp.mcuxpresso.tools.win32_11.4.0.202103011116/tools/bin/../lib/gcc/arm-none-eabi/10.2.1/../../../../arm-none-eabi/lib/thumb/v7-m/nofp\libcr_c.a(fpprintf.o)
                0x00001540                printf
 .text._initio  0x00001594       0x78 c:/nxp/mcuxpressoide_11.4.1_6260/ide/plugins/com.nxp.mcuxpresso.tools.win32_11.4.0.202103011116/tools/bin/../lib/gcc/arm-none-eabi/10.2.1/../../../../arm-none-eabi/lib/thumb/v7-m/nofp\libcr_c.a(initio.o)
                0x00001594                _initio
 .text.__vfprintf
                0x0000160c      0xbe4 c:/nxp/mcuxpressoide_11.4.1_6260/ide/plugins/com.nxp.mcuxpresso.tools.win32_11.4.0.202103011116/tools/bin/../lib/gcc/arm-none-eabi/10.2.1/../../../../arm-none-eabi/lib/thumb/v7-m/nofp\libcr_c.a(printf.o)
                0x0000160c                __vfprintf
 .text.setvbuf  0x000021f0       0x3e c:/nxp/mcuxpressoide_11.4.1_6260/ide/plugins/com.nxp.mcuxpresso.tools.win32_11.4.0.202103011116/tools/bin/../lib/gcc/arm-none-eabi/10.2.1/../../../../arm-none-eabi/lib/thumb/v7-m/nofp\libcr_c.a(setvbuf.o)
                0x000021f0                setvbuf
 .text.strlen   0x0000222e       0x48 c:/nxp/mcuxpressoide_11.4.1_6260/ide/plugins/com.nxp.mcuxpresso.tools.win32_11.4.0.202103011116/tools/bin/../lib/gcc/arm-none-eabi/10.2.1/../../../../arm-none-eabi/lib/thumb/v7-m/nofp\libcr_c.a(strlen.o)
                0x0000222e                strlen
 .text.memset   0x00002276        0x4 c:/nxp/mcuxpressoide_11.4.1_6260/ide/plugins/com.nxp.mcuxpresso.tools.win32_11.4.0.202103011116/tools/bin/../lib/gcc/arm-none-eabi/10.2.1/../../../../arm-none-eabi/lib/thumb/v7-m/nofp\libcr_c.a(memset.o)
                0x00002276                memset
 .text._deferredlazyseek
                0x0000227a       0x40 c:/nxp/mcuxpressoide_11.4.1_6260/ide/plugins/com.nxp.mcuxpresso.tools.win32_11.4.0.202103011116/tools/bin/../lib/gcc/arm-none-eabi/10.2.1/../../../../arm-none-eabi/lib/thumb/v7-m/nofp\libcr_c.a(_deferredlazyseek.o)
                0x0000227a                _deferredlazyseek
 .text.__flsbuf
                0x000022ba      0x140 c:/nxp/mcuxpressoide_11.4.1_6260/ide/plugins/com.nxp.mcuxpresso.tools.win32_11.4.0.202103011116/tools/bin/../lib/gcc/arm-none-eabi/10.2.1/../../../../arm-none-eabi/lib/thumb/v7-m/nofp\libcr_c.a(_deferredlazyseek.o)
                0x000022ba                __flsbuf
 .text._fdopen  0x000023fa       0x68 c:/nxp/mcuxpressoide_11.4.1_6260/ide/plugins/com.nxp.mcuxpresso.tools.win32_11.4.0.202103011116/tools/bin/../lib/gcc/arm-none-eabi/10.2.1/../../../../arm-none-eabi/lib/thumb/v7-m/nofp\libcr_c.a(_fdopen.o)
                0x000023fa                _fdopen
 .text._fflush  0x00002462       0x52 c:/nxp/mcuxpressoide_11.4.1_6260/ide/plugins/com.nxp.mcuxpresso.tools.win32_11.4.0.202103011116/tools/bin/../lib/gcc/arm-none-eabi/10.2.1/../../../../arm-none-eabi/lib/thumb/v7-m/nofp\libcr_c.a(_fflush.o)
                0x00002462                _fflush
 .text._frexpl  0x000024b4       0x56 c:/nxp/mcuxpressoide_11.4.1_6260/ide/plugins/com.nxp.mcuxpresso.tools.win32_11.4.0.202103011116/tools/bin/../lib/gcc/arm-none-eabi/10.2.1/../../../../arm-none-eabi/lib/thumb/v7-m/nofp\libcr_c.a(_frexpl.o)
                0x000024b4                _frexpl
 *fill*         0x0000250a        0x2 ff
 .text._ldexpl  0x0000250c       0x48 c:/nxp/mcuxpressoide_11.4.1_6260/ide/plugins/com.nxp.mcuxpresso.tools.win32_11.4.0.202103011116/tools/bin/../lib/gcc/arm-none-eabi/10.2.1/../../../../arm-none-eabi/lib/thumb/v7-m/nofp\libcr_c.a(_ldexpl.o)
                0x0000250c                _ldexpl
 .text._Cwritebuf
                0x00002554       0x6c c:/nxp/mcuxpressoide_11.4.1_6260/ide/plugins/com.nxp.mcuxpresso.tools.win32_11.4.0.202103011116/tools/bin/../lib/gcc/arm-none-eabi/10.2.1/../../../../arm-none-eabi/lib/thumb/v7-m/nofp\libcr_c.a(_writebuf.o)
                0x00002554                _Cwritebuf
 .text.malloc   0x000025c0       0xc8 c:/nxp/mcuxpressoide_11.4.1_6260/ide/plugins/com.nxp.mcuxpresso.tools.win32_11.4.0.202103011116/tools/bin/../lib/gcc/arm-none-eabi/10.2.1/../../../../arm-none-eabi/lib/thumb/v7-m/nofp\libcr_c.a(alloc.o)
                0x000025c0                malloc
 .text.free     0x00002688       0x30 c:/nxp/mcuxpressoide_11.4.1_6260/ide/plugins/com.nxp.mcuxpresso.tools.win32_11.4.0.202103011116/tools/bin/../lib/gcc/arm-none-eabi/10.2.1/../../../../arm-none-eabi/lib/thumb/v7-m/nofp\libcr_c.a(alloc.o)
                0x00002688                free
 .text._Csys_alloc
                0x000026b8       0x20 c:/nxp/mcuxpressoide_11.4.1_6260/ide/plugins/com.nxp.mcuxpresso.tools.win32_11.4.0.202103011116/tools/bin/../lib/gcc/arm-none-eabi/10.2.1/../../../../arm-none-eabi/lib/thumb/v7-m/nofp\libcr_c.a(alloc.o)
                0x000026b8                _Csys_alloc
 .text.fclose   0x000026d8       0x58 c:/nxp/mcuxpressoide_11.4.1_6260/ide/plugins/com.nxp.mcuxpresso.tools.win32_11.4.0.202103011116/tools/bin/../lib/gcc/arm-none-eabi/10.2.1/../../../../arm-none-eabi/lib/thumb/v7-m/nofp\libcr_c.a(fclose.o)
                0x000026d8                fclose
 .text.fflush   0x00002730       0x3c c:/nxp/mcuxpressoide_11.4.1_6260/ide/plugins/com.nxp.mcuxpresso.tools.win32_11.4.0.202103011116/tools/bin/../lib/gcc/arm-none-eabi/10.2.1/../../../../arm-none-eabi/lib/thumb/v7-m/nofp\libcr_c.a(fflush.o)
                0x00002730                fflush
 .text.fseek    0x0000276c       0xfc c:/nxp/mcuxpressoide_11.4.1_6260/ide/plugins/com.nxp.mcuxpresso.tools.win32_11.4.0.202103011116/tools/bin/../lib/gcc/arm-none-eabi/10.2.1/../../../../arm-none-eabi/lib/thumb/v7-m/nofp\libcr_c.a(fseek.o)
                0x0000276c                fseek
 .text.ftell    0x00002868       0x44 c:/nxp/mcuxpressoide_11.4.1_6260/ide/plugins/com.nxp.mcuxpresso.tools.win32_11.4.0.202103011116/tools/bin/../lib/gcc/arm-none-eabi/10.2.1/../../../../arm-none-eabi/lib/thumb/v7-m/nofp\libcr_c.a(ftell.o)
                0x00002868                ftell
 .text.remove   0x000028ac       0x14 c:/nxp/mcuxpressoide_11.4.1_6260/ide/plugins/com.nxp.mcuxpresso.tools.win32_11.4.0.202103011116/tools/bin/../lib/gcc/arm-none-eabi/10.2.1/../../../../arm-none-eabi/lib/thumb/v7-m/nofp\libcr_c.a(remove.o)
                0x000028ac                remove
 .text._sbrk    0x000028c0       0x3c c:/nxp/mcuxpressoide_11.4.1_6260/ide/plugins/com.nxp.mcuxpresso.tools.win32_11.4.0.202103011116/tools/bin/../lib/gcc/arm-none-eabi/10.2.1/../../../../arm-none-eabi/lib/thumb/v7-m/nofp\libcr_c.a(_cr_sbrk.o)
                0x000028c0                _sbrk
 .text._do_fflush
                0x000028fc       0x40 c:/nxp/mcuxpressoide_11.4.1_6260/ide/plugins/com.nxp.mcuxpresso.tools.win32_11.4.0.202103011116/tools/bin/../lib/gcc/arm-none-eabi/10.2.1/../../../../arm-none-eabi/lib/thumb/v7-m/nofp\libcr_c.a(_do_fflush.o)
                0x000028fc                _do_fflush
 .text.__check_heap_overflow
                0x0000293c       0x14 c:/nxp/mcuxpressoide_11.4.1_6260/ide/plugins/com.nxp.mcuxpresso.tools.win32_11.4.0.202103011116/tools/bin/../lib/gcc/arm-none-eabi/10.2.1/../../../../arm-none-eabi/lib/thumb/v7-m/nofp\libcr_c.a(_cr_check_heap.o)
                0x0000293c                __check_heap_overflow
 .text.__aeabi_dmul
                0x00002950       0xfc c:/nxp/mcuxpressoide_11.4.1_6260/ide/plugins/com.nxp.mcuxpresso.tools.win32_11.4.0.202103011116/tools/bin/../lib/gcc/arm-none-eabi/10.2.1/thumb/v7-m/nofp\libcr_eabihelpers.a(double.o)
                0x00002950                __aeabi_dmul
 .text.__aeabi_ddiv
                0x00002a4c      0x134 c:/nxp/mcuxpressoide_11.4.1_6260/ide/plugins/com.nxp.mcuxpresso.tools.win32_11.4.0.202103011116/tools/bin/../lib/gcc/arm-none-eabi/10.2.1/thumb/v7-m/nofp\libcr_eabihelpers.a(double.o)
                0x00002a4c                __aeabi_ddiv
 .text.__aeabi_dsub
                0x00002b80      0x1ac c:/nxp/mcuxpressoide_11.4.1_6260/ide/plugins/com.nxp.mcuxpresso.tools.win32_11.4.0.202103011116/tools/bin/../lib/gcc/arm-none-eabi/10.2.1/thumb/v7-m/nofp\libcr_eabihelpers.a(double.o)
                0x00002b80                __aeabi_dsub
 .text.__aeabi_dadd
                0x00002d2c      0x110 c:/nxp/mcuxpressoide_11.4.1_6260/ide/plugins/com.nxp.mcuxpresso.tools.win32_11.4.0.202103011116/tools/bin/../lib/gcc/arm-none-eabi/10.2.1/thumb/v7-m/nofp\libcr_eabihelpers.a(double.o)
                0x00002d2c                __aeabi_dadd
 .text.__aeabi_d2iz
                0x00002e3c       0x42 c:/nxp/mcuxpressoide_11.4.1_6260/ide/plugins/com.nxp.mcuxpresso.tools.win32_11.4.0.202103011116/tools/bin/../lib/gcc/arm-none-eabi/10.2.1/thumb/v7-m/nofp\libcr_eabihelpers.a(double.o)
                0x00002e3c                __aeabi_d2iz
 .text.__bhs_ui2d
                0x00002e7e       0x46 c:/nxp/mcuxpressoide_11.4.1_6260/ide/plugins/com.nxp.mcuxpresso.tools.win32_11.4.0.202103011116/tools/bin/../lib/gcc/arm-none-eabi/10.2.1/thumb/v7-m/nofp\libcr_eabihelpers.a(double.o)
                0x00002e7e                __bhs_ui2d
 .text.__aeabi_i2d
                0x00002ec4       0x12 c:/nxp/mcuxpressoide_11.4.1_6260/ide/plugins/com.nxp.mcuxpresso.tools.win32_11.4.0.202103011116/tools/bin/../lib/gcc/arm-none-eabi/10.2.1/thumb/v7-m/nofp\libcr_eabihelpers.a(double.o)
                0x00002ec4                __aeabi_i2d
 .text.__aeabi_ui2d
                0x00002ed6        0x8 c:/nxp/mcuxpressoide_11.4.1_6260/ide/plugins/com.nxp.mcuxpresso.tools.win32_11.4.0.202103011116/tools/bin/../lib/gcc/arm-none-eabi/10.2.1/thumb/v7-m/nofp\libcr_eabihelpers.a(double.o)
                0x00002ed6                __aeabi_ui2d
 .text.__aeabi_dcmpeq
                0x00002ede       0x3c c:/nxp/mcuxpressoide_11.4.1_6260/ide/plugins/com.nxp.mcuxpresso.tools.win32_11.4.0.202103011116/tools/bin/../lib/gcc/arm-none-eabi/10.2.1/thumb/v7-m/nofp\libcr_eabihelpers.a(double.o)
                0x00002ede                __aeabi_dcmpeq
 .text.__aeabi_dcmplt
                0x00002f1a       0x58 c:/nxp/mcuxpressoide_11.4.1_6260/ide/plugins/com.nxp.mcuxpresso.tools.win32_11.4.0.202103011116/tools/bin/../lib/gcc/arm-none-eabi/10.2.1/thumb/v7-m/nofp\libcr_eabihelpers.a(double.o)
                0x00002f1a                __aeabi_dcmplt
 .text.__aeabi_dcmple
                0x00002f72       0x62 c:/nxp/mcuxpressoide_11.4.1_6260/ide/plugins/com.nxp.mcuxpresso.tools.win32_11.4.0.202103011116/tools/bin/../lib/gcc/arm-none-eabi/10.2.1/thumb/v7-m/nofp\libcr_eabihelpers.a(double.o)
                0x00002f72                __aeabi_dcmple
 .text.__aeabi_dcmpge
                0x00002fd4       0x62 c:/nxp/mcuxpressoide_11.4.1_6260/ide/plugins/com.nxp.mcuxpresso.tools.win32_11.4.0.202103011116/tools/bin/../lib/gcc/arm-none-eabi/10.2.1/thumb/v7-m/nofp\libcr_eabihelpers.a(double.o)
                0x00002fd4                __aeabi_dcmpge
 .text.__aeabi_memset_lowlevel
                0x00003036       0x32 c:/nxp/mcuxpressoide_11.4.1_6260/ide/plugins/com.nxp.mcuxpresso.tools.win32_11.4.0.202103011116/tools/bin/../lib/gcc/arm-none-eabi/10.2.1/thumb/v7-m/nofp\libcr_eabihelpers.a(memcpy.o)
                0x00003036                __aeabi_lowlevel_memset
 .text.__sys_appexit
                0x00003068        0xc c:/nxp/mcuxpressoide_11.4.1_6260/ide/plugins/com.nxp.mcuxpresso.tools.win32_11.4.0.202103011116/tools/bin/../lib/gcc/arm-none-eabi/10.2.1/../../../../arm-none-eabi/lib/thumb/v7-m/nofp\libcr_semihost.a(__sys_appexit.o)
                0x00003068                __sys_appexit
                0x00003068                __exit
 .text.__sys_close
                0x00003074        0xc c:/nxp/mcuxpressoide_11.4.1_6260/ide/plugins/com.nxp.mcuxpresso.tools.win32_11.4.0.202103011116/tools/bin/../lib/gcc/arm-none-eabi/10.2.1/../../../../arm-none-eabi/lib/thumb/v7-m/nofp\libcr_semihost.a(__sys_close.o)
                0x00003074                __sys_close
 .text.__sys_flen
                0x00003080        0xc c:/nxp/mcuxpressoide_11.4.1_6260/ide/plugins/com.nxp.mcuxpresso.tools.win32_11.4.0.202103011116/tools/bin/../lib/gcc/arm-none-eabi/10.2.1/../../../../arm-none-eabi/lib/thumb/v7-m/nofp\libcr_semihost.a(__sys_flen.o)
                0x00003080                __sys_flen
 .text.__sys_istty
                0x0000308c        0xc c:/nxp/mcuxpressoide_11.4.1_6260/ide/plugins/com.nxp.mcuxpresso.tools.win32_11.4.0.202103011116/tools/bin/../lib/gcc/arm-none-eabi/10.2.1/../../../../arm-none-eabi/lib/thumb/v7-m/nofp\libcr_semihost.a(__sys_istty.o)
                0x0000308c                __sys_istty
 .text.__sys_remove
                0x00003098        0xc c:/nxp/mcuxpressoide_11.4.1_6260/ide/plugins/com.nxp.mcuxpresso.tools.win32_11.4.0.202103011116/tools/bin/../lib/gcc/arm-none-eabi/10.2.1/../../../../arm-none-eabi/lib/thumb/v7-m/nofp\libcr_semihost.a(__sys_remove.o)
                0x00003098                __sys_remove
 .text.__sys_seek
                0x000030a4        0xc c:/nxp/mcuxpressoide_11.4.1_6260/ide/plugins/com.nxp.mcuxpresso.tools.win32_11.4.0.202103011116/tools/bin/../lib/gcc/arm-none-eabi/10.2.1/../../../../arm-none-eabi/lib/thumb/v7-m/nofp\libcr_semihost.a(__sys_seek.o)
                0x000030a4                __sys_seek
 .text.__sys_tmpnam
                0x000030b0        0xc c:/nxp/mcuxpressoide_11.4.1_6260/ide/plugins/com.nxp.mcuxpresso.tools.win32_11.4.0.202103011116/tools/bin/../lib/gcc/arm-none-eabi/10.2.1/../../../../arm-none-eabi/lib/thumb/v7-m/nofp\libcr_semihost.a(__sys_tmpnam.o)
                0x000030b0                __sys_tmpnam
 .text.__sys_write
                0x000030bc        0xc c:/nxp/mcuxpressoide_11.4.1_6260/ide/plugins/com.nxp.mcuxpresso.tools.win32_11.4.0.202103011116/tools/bin/../lib/gcc/arm-none-eabi/10.2.1/../../../../arm-none-eabi/lib/thumb/v7-m/nofp\libcr_semihost.a(__sys_write.o)
                0x000030bc                __sys_write
 *(.rodata .rodata.* .constdata .constdata.*)
 .rodata.main.str1.4
                0x000030c8       0x27 ./src/LAB_8.o
 .rodata.fp_display.str1.1
                0x000030ef       0x34 c:/nxp/mcuxpressoide_11.4.1_6260/ide/plugins/com.nxp.mcuxpresso.tools.win32_11.4.0.202103011116/tools/bin/../lib/gcc/arm-none-eabi/10.2.1/../../../../arm-none-eabi/lib/thumb/v7-m/nofp\libcr_c.a(fpprintf.o)
                                 0x35 (size before relaxing)
 .rodata._initio.str1.1
                0x00003123        0x4 c:/nxp/mcuxpressoide_11.4.1_6260/ide/plugins/com.nxp.mcuxpresso.tools.win32_11.4.0.202103011116/tools/bin/../lib/gcc/arm-none-eabi/10.2.1/../../../../arm-none-eabi/lib/thumb/v7-m/nofp\libcr_c.a(initio.o)
 .rodata.__vfprintf.str1.1
                0x00003127       0x31 c:/nxp/mcuxpressoide_11.4.1_6260/ide/plugins/com.nxp.mcuxpresso.tools.win32_11.4.0.202103011116/tools/bin/../lib/gcc/arm-none-eabi/10.2.1/../../../../arm-none-eabi/lib/thumb/v7-m/nofp\libcr_c.a(printf.o)
                                 0x38 (size before relaxing)
 .rodata._Csys_alloc.str1.1
                0x00003158       0x18 c:/nxp/mcuxpressoide_11.4.1_6260/ide/plugins/com.nxp.mcuxpresso.tools.win32_11.4.0.202103011116/tools/bin/../lib/gcc/arm-none-eabi/10.2.1/../../../../arm-none-eabi/lib/thumb/v7-m/nofp\libcr_c.a(alloc.o)
 .rodata.__num_Ciob_streams
                0x00003170        0x4 c:/nxp/mcuxpressoide_11.4.1_6260/ide/plugins/com.nxp.mcuxpresso.tools.win32_11.4.0.202103011116/tools/bin/../lib/gcc/arm-none-eabi/10.2.1/../../../../arm-none-eabi/lib/thumb/v7-m/nofp\libcr_semihost.a(__ciob.o)
                0x00003170                __num_Ciob_streams
                0x00003174                . = ALIGN (0x4)

.glue_7         0x00003174        0x0
 .glue_7        0x00003174        0x0 linker stubs

.glue_7t        0x00003174        0x0
 .glue_7t       0x00003174        0x0 linker stubs

.vfp11_veneer   0x00003174        0x0
 .vfp11_veneer  0x00003174        0x0 linker stubs

.v4_bx          0x00003174        0x0
 .v4_bx         0x00003174        0x0 linker stubs

.iplt           0x00003174        0x0
 .iplt          0x00003174        0x0 ./src/LAB_8.o

.rel.dyn        0x00003174        0x0
 .rel.iplt      0x00003174        0x0 ./src/LAB_8.o

.ARM.extab
 *(.ARM.extab* .gnu.linkonce.armextab.*)

.ARM.exidx      0x00003174        0x0
                0x00003174                __exidx_start = .
 *(.ARM.exidx* .gnu.linkonce.armexidx.*)
                0x00003174                __exidx_end = .
                0x00003174                _etext = .

.data_RAM2      0x2007c000        0x0 load address 0x00003174
 FILL mask 0xff
                [!provide]                PROVIDE (__start_data_RAM2 = .)
                [!provide]                PROVIDE (__start_data_RamAHB32 = .)
 *(.ramfunc.$RAM2)
 *(.ramfunc.$RamAHB32)
 *(.data.$RAM2)
 *(.data.$RamAHB32)
 *(.data.$RAM2.*)
 *(.data.$RamAHB32.*)
                0x2007c000                . = ALIGN (0x4)
                [!provide]                PROVIDE (__end_data_RAM2 = .)
                [!provide]                PROVIDE (__end_data_RamAHB32 = .)

.uninit_RESERVED
                0x10000000        0x0
                0x10000000                _start_uninit_RESERVED = .
 *(.bss.$RESERVED*)
                0x10000000                . = ALIGN (0x4)
                0x10000000                _end_uninit_RESERVED = .

.data           0x10000000        0x4 load address 0x00003174
 FILL mask 0xff
                0x10000000                _data = .
                [!provide]                PROVIDE (__start_data_RAM = .)
                [!provide]                PROVIDE (__start_data_RamLoc32 = .)
 *(vtable)
 *(.ramfunc*)
 *(CodeQuickAccess)
 *(DataQuickAccess)
 *(RamFunction)
 *(.data*)
 .data.SystemCoreClock
                0x10000000        0x4 D:\University\Engineering\Ano 4\se1\CMSIS_CORE_LPC17xx\Debug\libCMSIS_CORE_LPC17xx.a(system_LPC17xx.o)
                0x10000000                SystemCoreClock
                0x10000004                . = ALIGN (0x4)
                0x10000004                _edata = .
                [!provide]                PROVIDE (__end_data_RAM = .)
                [!provide]                PROVIDE (__end_data_RamLoc32 = .)

.igot.plt       0x10000004        0x0 load address 0x00003178
 .igot.plt      0x10000004        0x0 ./src/LAB_8.o

.bss_RAM2       0x2007c000        0x0
                [!provide]                PROVIDE (__start_bss_RAM2 = .)
                [!provide]                PROVIDE (__start_bss_RamAHB32 = .)
 *(.bss.$RAM2)
 *(.bss.$RamAHB32)
 *(.bss.$RAM2.*)
 *(.bss.$RamAHB32.*)
                0x2007c000                . = ALIGN ((. != 0x0)?0x4:0x1)
                [!provide]                PROVIDE (__end_bss_RAM2 = .)
                [!provide]                PROVIDE (__end_bss_RamAHB32 = .)

.bss            0x10000004      0x1ec
                0x10000004                _bss = .
                [!provide]                PROVIDE (__start_bss_RAM = .)
                [!provide]                PROVIDE (__start_bss_RamLoc32 = .)
 *(.bss*)
 .bss.errno     0x10000004        0x4 c:/nxp/mcuxpressoide_11.4.1_6260/ide/plugins/com.nxp.mcuxpresso.tools.win32_11.4.0.202103011116/tools/bin/../lib/gcc/arm-none-eabi/10.2.1/../../../../arm-none-eabi/lib/thumb/v7-m/nofp\libcr_c.a(errno.o)
                0x10000004                errno
 .bss.__end_of_heap
                0x10000008        0x4 c:/nxp/mcuxpressoide_11.4.1_6260/ide/plugins/com.nxp.mcuxpresso.tools.win32_11.4.0.202103011116/tools/bin/../lib/gcc/arm-none-eabi/10.2.1/../../../../arm-none-eabi/lib/thumb/v7-m/nofp\libcr_c.a(__init_alloc.o)
                0x10000008                __end_of_heap
 .bss.__heaps   0x1000000c        0x4 c:/nxp/mcuxpressoide_11.4.1_6260/ide/plugins/com.nxp.mcuxpresso.tools.win32_11.4.0.202103011116/tools/bin/../lib/gcc/arm-none-eabi/10.2.1/../../../../arm-none-eabi/lib/thumb/v7-m/nofp\libcr_c.a(__init_alloc.o)
                0x1000000c                __heaps
 .bss.__Ciob    0x10000010      0x1e0 c:/nxp/mcuxpressoide_11.4.1_6260/ide/plugins/com.nxp.mcuxpresso.tools.win32_11.4.0.202103011116/tools/bin/../lib/gcc/arm-none-eabi/10.2.1/../../../../arm-none-eabi/lib/thumb/v7-m/nofp\libcr_semihost.a(__ciob.o)
                0x10000010                __Ciob
 *(COMMON)
                0x100001f0                . = ALIGN (0x4)
                0x100001f0                _ebss = .
                [!provide]                PROVIDE (__end_bss_RAM = .)
                [!provide]                PROVIDE (__end_bss_RamLoc32 = .)
                [!provide]                PROVIDE (end = .)

.noinit_RAM2    0x2007c000        0x0
                [!provide]                PROVIDE (__start_noinit_RAM2 = .)
                [!provide]                PROVIDE (__start_noinit_RamAHB32 = .)
 *(.noinit.$RAM2)
 *(.noinit.$RamAHB32)
 *(.noinit.$RAM2.*)
 *(.noinit.$RamAHB32.*)
                0x2007c000                . = ALIGN (0x4)
                [!provide]                PROVIDE (__end_noinit_RAM2 = .)
                [!provide]                PROVIDE (__end_noinit_RamAHB32 = .)

.noinit         0x100001f0        0x0
                0x100001f0                _noinit = .
                [!provide]                PROVIDE (__start_noinit_RAM = .)
                [!provide]                PROVIDE (__start_noinit_RamLoc32 = .)
 *(.noinit*)
                0x100001f0                . = ALIGN (0x4)
                0x100001f0                _end_noinit = .
                [!provide]                PROVIDE (__end_noinit_RAM = .)
                [!provide]                PROVIDE (__end_noinit_RamLoc32 = .)
                0x100001f0                PROVIDE (_pvHeapStart = DEFINED (__user_heap_base)?__user_heap_base:.)
                0x10008000                PROVIDE (_vStackTop = DEFINED (__user_stack_top)?__user_stack_top:(__top_RamLoc32 - 0x0))
                0xefff74c6                PROVIDE (__valid_user_code_checksum = (0x0 - ((((((_vStackTop + (ResetISR + 0x1)) + (NMI_Handler + 0x1)) + (HardFault_Handler + 0x1)) + (DEFINED (MemManage_Handler)?MemManage_Handler:0x0 + 0x1)) + (DEFINED (BusFault_Handler)?BusFault_Handler:0x0 + 0x1)) + (DEFINED (UsageFault_Handler)?UsageFault_Handler:0x0 + 0x1))))
                0x00000000                _image_start = LOADADDR (.text)
                0x00003178                _image_end = (LOADADDR (.data) + SIZEOF (.data))
                0x00003178                _image_size = (_image_end - _image_start)
OUTPUT(LAB_8.axf elf32-littlearm)
LOAD linker stubs

.debug_info     0x00000000     0x18d9
 .debug_info    0x00000000      0x26a ./src/LAB_8.o
 .debug_info    0x0000026a      0x27f ./src/cr_startup_lpc175x_6x.o
 .debug_info    0x000004e9       0x40 ./src/crp.o
 .debug_info    0x00000529      0x717 D:\University\Engineering\Ano 4\se1\HAL_SE1\Debug\libHAL_SE1.a(BMP.o)
 .debug_info    0x00000c40      0x952 D:\University\Engineering\Ano 4\se1\HAL_SE1\Debug\libHAL_SE1.a(SPI.o)
 .debug_info    0x00001592      0x347 D:\University\Engineering\Ano 4\se1\CMSIS_CORE_LPC17xx\Debug\libCMSIS_CORE_LPC17xx.a(system_LPC17xx.o)

.debug_abbrev   0x00000000      0x651
 .debug_abbrev  0x00000000       0xc4 ./src/LAB_8.o
 .debug_abbrev  0x000000c4      0x122 ./src/cr_startup_lpc175x_6x.o
 .debug_abbrev  0x000001e6       0x38 ./src/crp.o
 .debug_abbrev  0x0000021e      0x144 D:\University\Engineering\Ano 4\se1\HAL_SE1\Debug\libHAL_SE1.a(BMP.o)
 .debug_abbrev  0x00000362      0x1e1 D:\University\Engineering\Ano 4\se1\HAL_SE1\Debug\libHAL_SE1.a(SPI.o)
 .debug_abbrev  0x00000543      0x10e D:\University\Engineering\Ano 4\se1\CMSIS_CORE_LPC17xx\Debug\libCMSIS_CORE_LPC17xx.a(system_LPC17xx.o)

.debug_aranges  0x00000000      0x170
 .debug_aranges
                0x00000000       0x20 ./src/LAB_8.o
 .debug_aranges
                0x00000020       0x80 ./src/cr_startup_lpc175x_6x.o
 .debug_aranges
                0x000000a0       0x18 ./src/crp.o
 .debug_aranges
                0x000000b8       0x48 D:\University\Engineering\Ano 4\se1\HAL_SE1\Debug\libHAL_SE1.a(BMP.o)
 .debug_aranges
                0x00000100       0x48 D:\University\Engineering\Ano 4\se1\HAL_SE1\Debug\libHAL_SE1.a(SPI.o)
 .debug_aranges
                0x00000148       0x28 D:\University\Engineering\Ano 4\se1\CMSIS_CORE_LPC17xx\Debug\libCMSIS_CORE_LPC17xx.a(system_LPC17xx.o)

.debug_ranges   0x00000000      0x108
 .debug_ranges  0x00000000       0x10 ./src/LAB_8.o
 .debug_ranges  0x00000010       0x70 ./src/cr_startup_lpc175x_6x.o
 .debug_ranges  0x00000080       0x38 D:\University\Engineering\Ano 4\se1\HAL_SE1\Debug\libHAL_SE1.a(BMP.o)
 .debug_ranges  0x000000b8       0x38 D:\University\Engineering\Ano 4\se1\HAL_SE1\Debug\libHAL_SE1.a(SPI.o)
 .debug_ranges  0x000000f0       0x18 D:\University\Engineering\Ano 4\se1\CMSIS_CORE_LPC17xx\Debug\libCMSIS_CORE_LPC17xx.a(system_LPC17xx.o)

.debug_macro    0x00000000     0x3bc9
 .debug_macro   0x00000000       0xff ./src/LAB_8.o
 .debug_macro   0x000000ff      0xa7e ./src/LAB_8.o
 .debug_macro   0x00000b7d       0x1c ./src/LAB_8.o
 .debug_macro   0x00000b99       0x3a ./src/LAB_8.o
 .debug_macro   0x00000bd3       0x10 ./src/LAB_8.o
 .debug_macro   0x00000be3      0x12e ./src/LAB_8.o
 .debug_macro   0x00000d11      0x5b3 ./src/LAB_8.o
 .debug_macro   0x000012c4       0x2d ./src/LAB_8.o
 .debug_macro   0x000012f1      0xbb1 ./src/LAB_8.o
 .debug_macro   0x00001ea2      0x2c7 ./src/LAB_8.o
 .debug_macro   0x00002169       0x82 ./src/LAB_8.o
 .debug_macro   0x000021eb       0xa0 ./src/LAB_8.o
 .debug_macro   0x0000228b       0x22 ./src/LAB_8.o
 .debug_macro   0x000022ad       0x22 ./src/LAB_8.o
 .debug_macro   0x000022cf       0x1c ./src/LAB_8.o
 .debug_macro   0x000022eb       0x40 ./src/LAB_8.o
 .debug_macro   0x0000232b       0x22 ./src/LAB_8.o
 .debug_macro   0x0000234d       0x2e ./src/LAB_8.o
 .debug_macro   0x0000237b       0x40 ./src/LAB_8.o
 .debug_macro   0x000023bb       0x1d ./src/cr_startup_lpc175x_6x.o
 .debug_macro   0x000023d8       0x1a ./src/crp.o
 .debug_macro   0x000023f2       0x34 ./src/crp.o
 .debug_macro   0x00002426       0xa5 D:\University\Engineering\Ano 4\se1\HAL_SE1\Debug\libHAL_SE1.a(BMP.o)
 .debug_macro   0x000024cb      0xa7e D:\University\Engineering\Ano 4\se1\HAL_SE1\Debug\libHAL_SE1.a(BMP.o)
 .debug_macro   0x00002f49       0x3a D:\University\Engineering\Ano 4\se1\HAL_SE1\Debug\libHAL_SE1.a(BMP.o)
 .debug_macro   0x00002f83       0x9b D:\University\Engineering\Ano 4\se1\HAL_SE1\Debug\libHAL_SE1.a(SPI.o)
 .debug_macro   0x0000301e      0x12d D:\University\Engineering\Ano 4\se1\CMSIS_CORE_LPC17xx\Debug\libCMSIS_CORE_LPC17xx.a(system_LPC17xx.o)
 .debug_macro   0x0000314b      0xa7e D:\University\Engineering\Ano 4\se1\CMSIS_CORE_LPC17xx\Debug\libCMSIS_CORE_LPC17xx.a(system_LPC17xx.o)

.debug_line     0x00000000     0x1247
 .debug_line    0x00000000      0x467 ./src/LAB_8.o
 .debug_line    0x00000467      0x160 ./src/cr_startup_lpc175x_6x.o
 .debug_line    0x000005c7       0xb1 ./src/crp.o
 .debug_line    0x00000678      0x389 D:\University\Engineering\Ano 4\se1\HAL_SE1\Debug\libHAL_SE1.a(BMP.o)
 .debug_line    0x00000a01      0x3de D:\University\Engineering\Ano 4\se1\HAL_SE1\Debug\libHAL_SE1.a(SPI.o)
 .debug_line    0x00000ddf      0x468 D:\University\Engineering\Ano 4\se1\CMSIS_CORE_LPC17xx\Debug\libCMSIS_CORE_LPC17xx.a(system_LPC17xx.o)

.debug_str      0x00000000     0xb2de
 .debug_str     0x00000000     0xa6cf ./src/LAB_8.o
                               0xa775 (size before relaxing)
 .debug_str     0x0000a6cf      0x1f2 ./src/cr_startup_lpc175x_6x.o
                               0x2eaf (size before relaxing)
 .debug_str     0x0000a8c1       0xe9 ./src/crp.o
                               0x2dd0 (size before relaxing)
 .debug_str     0x0000a9aa      0x30b D:\University\Engineering\Ano 4\se1\HAL_SE1\Debug\libHAL_SE1.a(BMP.o)
                               0xa0b4 (size before relaxing)
 .debug_str     0x0000acb5      0x224 D:\University\Engineering\Ano 4\se1\HAL_SE1\Debug\libHAL_SE1.a(SPI.o)
                               0xa206 (size before relaxing)
 .debug_str     0x0000aed9      0x405 D:\University\Engineering\Ano 4\se1\CMSIS_CORE_LPC17xx\Debug\libCMSIS_CORE_LPC17xx.a(system_LPC17xx.o)
                               0xa0ff (size before relaxing)

.comment        0x00000000       0x4d
 .comment       0x00000000       0x4d ./src/LAB_8.o
                                 0x4e (size before relaxing)
 .comment       0x0000004d       0x4e ./src/cr_startup_lpc175x_6x.o
 .comment       0x0000004d       0x4e ./src/crp.o
 .comment       0x0000004d       0x4e D:\University\Engineering\Ano 4\se1\HAL_SE1\Debug\libHAL_SE1.a(BMP.o)
 .comment       0x0000004d       0x4e D:\University\Engineering\Ano 4\se1\HAL_SE1\Debug\libHAL_SE1.a(SPI.o)
 .comment       0x0000004d       0x4e D:\University\Engineering\Ano 4\se1\CMSIS_CORE_LPC17xx\Debug\libCMSIS_CORE_LPC17xx.a(system_LPC17xx.o)
 .comment       0x0000004d       0x4e c:/nxp/mcuxpressoide_11.4.1_6260/ide/plugins/com.nxp.mcuxpresso.tools.win32_11.4.0.202103011116/tools/bin/../lib/gcc/arm-none-eabi/10.2.1/../../../../arm-none-eabi/lib/thumb/v7-m/nofp\libcr_semihost.a(_cr__main.o)
 .comment       0x0000004d       0x4e c:/nxp/mcuxpressoide_11.4.1_6260/ide/plugins/com.nxp.mcuxpresso.tools.win32_11.4.0.202103011116/tools/bin/../lib/gcc/arm-none-eabi/10.2.1/../../../../arm-none-eabi/lib/thumb/v7-m/nofp\libcr_c.a(fpprintf.o)
 .comment       0x0000004d       0x4e c:/nxp/mcuxpressoide_11.4.1_6260/ide/plugins/com.nxp.mcuxpresso.tools.win32_11.4.0.202103011116/tools/bin/../lib/gcc/arm-none-eabi/10.2.1/../../../../arm-none-eabi/lib/thumb/v7-m/nofp\libcr_c.a(initio.o)
 .comment       0x0000004d       0x4e c:/nxp/mcuxpressoide_11.4.1_6260/ide/plugins/com.nxp.mcuxpresso.tools.win32_11.4.0.202103011116/tools/bin/../lib/gcc/arm-none-eabi/10.2.1/../../../../arm-none-eabi/lib/thumb/v7-m/nofp\libcr_c.a(printf.o)
 .comment       0x0000004d       0x4e c:/nxp/mcuxpressoide_11.4.1_6260/ide/plugins/com.nxp.mcuxpresso.tools.win32_11.4.0.202103011116/tools/bin/../lib/gcc/arm-none-eabi/10.2.1/../../../../arm-none-eabi/lib/thumb/v7-m/nofp\libcr_c.a(setvbuf.o)
 .comment       0x0000004d       0x4e c:/nxp/mcuxpressoide_11.4.1_6260/ide/plugins/com.nxp.mcuxpresso.tools.win32_11.4.0.202103011116/tools/bin/../lib/gcc/arm-none-eabi/10.2.1/../../../../arm-none-eabi/lib/thumb/v7-m/nofp\libcr_c.a(strlen.o)
 .comment       0x0000004d       0x4e c:/nxp/mcuxpressoide_11.4.1_6260/ide/plugins/com.nxp.mcuxpresso.tools.win32_11.4.0.202103011116/tools/bin/../lib/gcc/arm-none-eabi/10.2.1/../../../../arm-none-eabi/lib/thumb/v7-m/nofp\libcr_c.a(memset.o)
 .comment       0x0000004d       0x4e c:/nxp/mcuxpressoide_11.4.1_6260/ide/plugins/com.nxp.mcuxpresso.tools.win32_11.4.0.202103011116/tools/bin/../lib/gcc/arm-none-eabi/10.2.1/../../../../arm-none-eabi/lib/thumb/v7-m/nofp\libcr_c.a(_deferredlazyseek.o)
 .comment       0x0000004d       0x4e c:/nxp/mcuxpressoide_11.4.1_6260/ide/plugins/com.nxp.mcuxpresso.tools.win32_11.4.0.202103011116/tools/bin/../lib/gcc/arm-none-eabi/10.2.1/../../../../arm-none-eabi/lib/thumb/v7-m/nofp\libcr_c.a(_fdopen.o)
 .comment       0x0000004d       0x4e c:/nxp/mcuxpressoide_11.4.1_6260/ide/plugins/com.nxp.mcuxpresso.tools.win32_11.4.0.202103011116/tools/bin/../lib/gcc/arm-none-eabi/10.2.1/../../../../arm-none-eabi/lib/thumb/v7-m/nofp\libcr_c.a(_fflush.o)
 .comment       0x0000004d       0x4e c:/nxp/mcuxpressoide_11.4.1_6260/ide/plugins/com.nxp.mcuxpresso.tools.win32_11.4.0.202103011116/tools/bin/../lib/gcc/arm-none-eabi/10.2.1/../../../../arm-none-eabi/lib/thumb/v7-m/nofp\libcr_c.a(_frexpl.o)
 .comment       0x0000004d       0x4e c:/nxp/mcuxpressoide_11.4.1_6260/ide/plugins/com.nxp.mcuxpresso.tools.win32_11.4.0.202103011116/tools/bin/../lib/gcc/arm-none-eabi/10.2.1/../../../../arm-none-eabi/lib/thumb/v7-m/nofp\libcr_c.a(_ldexpl.o)
 .comment       0x0000004d       0x4e c:/nxp/mcuxpressoide_11.4.1_6260/ide/plugins/com.nxp.mcuxpresso.tools.win32_11.4.0.202103011116/tools/bin/../lib/gcc/arm-none-eabi/10.2.1/../../../../arm-none-eabi/lib/thumb/v7-m/nofp\libcr_c.a(_writebuf.o)
 .comment       0x0000004d       0x4e c:/nxp/mcuxpressoide_11.4.1_6260/ide/plugins/com.nxp.mcuxpresso.tools.win32_11.4.0.202103011116/tools/bin/../lib/gcc/arm-none-eabi/10.2.1/../../../../arm-none-eabi/lib/thumb/v7-m/nofp\libcr_c.a(alloc.o)
 .comment       0x0000004d       0x4e c:/nxp/mcuxpressoide_11.4.1_6260/ide/plugins/com.nxp.mcuxpresso.tools.win32_11.4.0.202103011116/tools/bin/../lib/gcc/arm-none-eabi/10.2.1/../../../../arm-none-eabi/lib/thumb/v7-m/nofp\libcr_c.a(errno.o)
 .comment       0x0000004d       0x4e c:/nxp/mcuxpressoide_11.4.1_6260/ide/plugins/com.nxp.mcuxpresso.tools.win32_11.4.0.202103011116/tools/bin/../lib/gcc/arm-none-eabi/10.2.1/../../../../arm-none-eabi/lib/thumb/v7-m/nofp\libcr_c.a(fclose.o)
 .comment       0x0000004d       0x4e c:/nxp/mcuxpressoide_11.4.1_6260/ide/plugins/com.nxp.mcuxpresso.tools.win32_11.4.0.202103011116/tools/bin/../lib/gcc/arm-none-eabi/10.2.1/../../../../arm-none-eabi/lib/thumb/v7-m/nofp\libcr_c.a(fflush.o)
 .comment       0x0000004d       0x4e c:/nxp/mcuxpressoide_11.4.1_6260/ide/plugins/com.nxp.mcuxpresso.tools.win32_11.4.0.202103011116/tools/bin/../lib/gcc/arm-none-eabi/10.2.1/../../../../arm-none-eabi/lib/thumb/v7-m/nofp\libcr_c.a(fseek.o)
 .comment       0x0000004d       0x4e c:/nxp/mcuxpressoide_11.4.1_6260/ide/plugins/com.nxp.mcuxpresso.tools.win32_11.4.0.202103011116/tools/bin/../lib/gcc/arm-none-eabi/10.2.1/../../../../arm-none-eabi/lib/thumb/v7-m/nofp\libcr_c.a(ftell.o)
 .comment       0x0000004d       0x4e c:/nxp/mcuxpressoide_11.4.1_6260/ide/plugins/com.nxp.mcuxpresso.tools.win32_11.4.0.202103011116/tools/bin/../lib/gcc/arm-none-eabi/10.2.1/../../../../arm-none-eabi/lib/thumb/v7-m/nofp\libcr_c.a(remove.o)
 .comment       0x0000004d       0x4e c:/nxp/mcuxpressoide_11.4.1_6260/ide/plugins/com.nxp.mcuxpresso.tools.win32_11.4.0.202103011116/tools/bin/../lib/gcc/arm-none-eabi/10.2.1/../../../../arm-none-eabi/lib/thumb/v7-m/nofp\libcr_c.a(__init_alloc.o)
 .comment       0x0000004d       0x4e c:/nxp/mcuxpressoide_11.4.1_6260/ide/plugins/com.nxp.mcuxpresso.tools.win32_11.4.0.202103011116/tools/bin/../lib/gcc/arm-none-eabi/10.2.1/../../../../arm-none-eabi/lib/thumb/v7-m/nofp\libcr_c.a(_cr_sbrk.o)
 .comment       0x0000004d       0x4e c:/nxp/mcuxpressoide_11.4.1_6260/ide/plugins/com.nxp.mcuxpresso.tools.win32_11.4.0.202103011116/tools/bin/../lib/gcc/arm-none-eabi/10.2.1/../../../../arm-none-eabi/lib/thumb/v7-m/nofp\libcr_c.a(_do_fflush.o)
 .comment       0x0000004d       0x4e c:/nxp/mcuxpressoide_11.4.1_6260/ide/plugins/com.nxp.mcuxpresso.tools.win32_11.4.0.202103011116/tools/bin/../lib/gcc/arm-none-eabi/10.2.1/../../../../arm-none-eabi/lib/thumb/v7-m/nofp\libcr_c.a(_cr_check_heap.o)
 .comment       0x0000004d       0x4e c:/nxp/mcuxpressoide_11.4.1_6260/ide/plugins/com.nxp.mcuxpresso.tools.win32_11.4.0.202103011116/tools/bin/../lib/gcc/arm-none-eabi/10.2.1/thumb/v7-m/nofp\libcr_eabihelpers.a(double.o)
 .comment       0x0000004d       0x4e c:/nxp/mcuxpressoide_11.4.1_6260/ide/plugins/com.nxp.mcuxpresso.tools.win32_11.4.0.202103011116/tools/bin/../lib/gcc/arm-none-eabi/10.2.1/../../../../arm-none-eabi/lib/thumb/v7-m/nofp\libcr_semihost.a(__ciob.o)

.ARM.attributes
                0x00000000       0x2b
 .ARM.attributes
                0x00000000       0x2d ./src/LAB_8.o
 .ARM.attributes
                0x0000002d       0x2d ./src/cr_startup_lpc175x_6x.o
 .ARM.attributes
                0x0000005a       0x33 ./src/crp.o
 .ARM.attributes
                0x0000008d       0x2d D:\University\Engineering\Ano 4\se1\HAL_SE1\Debug\libHAL_SE1.a(BMP.o)
 .ARM.attributes
                0x000000ba       0x2d D:\University\Engineering\Ano 4\se1\HAL_SE1\Debug\libHAL_SE1.a(SPI.o)
 .ARM.attributes
                0x000000e7       0x2d D:\University\Engineering\Ano 4\se1\CMSIS_CORE_LPC17xx\Debug\libCMSIS_CORE_LPC17xx.a(system_LPC17xx.o)
 .ARM.attributes
                0x00000114       0x2d c:/nxp/mcuxpressoide_11.4.1_6260/ide/plugins/com.nxp.mcuxpresso.tools.win32_11.4.0.202103011116/tools/bin/../lib/gcc/arm-none-eabi/10.2.1/../../../../arm-none-eabi/lib/thumb/v7-m/nofp\libcr_semihost.a(_cr__main.o)
 .ARM.attributes
                0x00000141       0x2d c:/nxp/mcuxpressoide_11.4.1_6260/ide/plugins/com.nxp.mcuxpresso.tools.win32_11.4.0.202103011116/tools/bin/../lib/gcc/arm-none-eabi/10.2.1/../../../../arm-none-eabi/lib/thumb/v7-m/nofp\libcr_c.a(fpprintf.o)
 .ARM.attributes
                0x0000016e       0x2d c:/nxp/mcuxpressoide_11.4.1_6260/ide/plugins/com.nxp.mcuxpresso.tools.win32_11.4.0.202103011116/tools/bin/../lib/gcc/arm-none-eabi/10.2.1/../../../../arm-none-eabi/lib/thumb/v7-m/nofp\libcr_c.a(initio.o)
 .ARM.attributes
                0x0000019b       0x2d c:/nxp/mcuxpressoide_11.4.1_6260/ide/plugins/com.nxp.mcuxpresso.tools.win32_11.4.0.202103011116/tools/bin/../lib/gcc/arm-none-eabi/10.2.1/../../../../arm-none-eabi/lib/thumb/v7-m/nofp\libcr_c.a(printf.o)
 .ARM.attributes
                0x000001c8       0x2d c:/nxp/mcuxpressoide_11.4.1_6260/ide/plugins/com.nxp.mcuxpresso.tools.win32_11.4.0.202103011116/tools/bin/../lib/gcc/arm-none-eabi/10.2.1/../../../../arm-none-eabi/lib/thumb/v7-m/nofp\libcr_c.a(setvbuf.o)
 .ARM.attributes
                0x000001f5       0x2d c:/nxp/mcuxpressoide_11.4.1_6260/ide/plugins/com.nxp.mcuxpresso.tools.win32_11.4.0.202103011116/tools/bin/../lib/gcc/arm-none-eabi/10.2.1/../../../../arm-none-eabi/lib/thumb/v7-m/nofp\libcr_c.a(strlen.o)
 .ARM.attributes
                0x00000222       0x2d c:/nxp/mcuxpressoide_11.4.1_6260/ide/plugins/com.nxp.mcuxpresso.tools.win32_11.4.0.202103011116/tools/bin/../lib/gcc/arm-none-eabi/10.2.1/../../../../arm-none-eabi/lib/thumb/v7-m/nofp\libcr_c.a(memset.o)
 .ARM.attributes
                0x0000024f       0x2d c:/nxp/mcuxpressoide_11.4.1_6260/ide/plugins/com.nxp.mcuxpresso.tools.win32_11.4.0.202103011116/tools/bin/../lib/gcc/arm-none-eabi/10.2.1/../../../../arm-none-eabi/lib/thumb/v7-m/nofp\libcr_c.a(_deferredlazyseek.o)
 .ARM.attributes
                0x0000027c       0x2d c:/nxp/mcuxpressoide_11.4.1_6260/ide/plugins/com.nxp.mcuxpresso.tools.win32_11.4.0.202103011116/tools/bin/../lib/gcc/arm-none-eabi/10.2.1/../../../../arm-none-eabi/lib/thumb/v7-m/nofp\libcr_c.a(_fdopen.o)
 .ARM.attributes
                0x000002a9       0x2d c:/nxp/mcuxpressoide_11.4.1_6260/ide/plugins/com.nxp.mcuxpresso.tools.win32_11.4.0.202103011116/tools/bin/../lib/gcc/arm-none-eabi/10.2.1/../../../../arm-none-eabi/lib/thumb/v7-m/nofp\libcr_c.a(_fflush.o)
 .ARM.attributes
                0x000002d6       0x2d c:/nxp/mcuxpressoide_11.4.1_6260/ide/plugins/com.nxp.mcuxpresso.tools.win32_11.4.0.202103011116/tools/bin/../lib/gcc/arm-none-eabi/10.2.1/../../../../arm-none-eabi/lib/thumb/v7-m/nofp\libcr_c.a(_frexpl.o)
 .ARM.attributes
                0x00000303       0x2d c:/nxp/mcuxpressoide_11.4.1_6260/ide/plugins/com.nxp.mcuxpresso.tools.win32_11.4.0.202103011116/tools/bin/../lib/gcc/arm-none-eabi/10.2.1/../../../../arm-none-eabi/lib/thumb/v7-m/nofp\libcr_c.a(_ldexpl.o)
 .ARM.attributes
                0x00000330       0x2d c:/nxp/mcuxpressoide_11.4.1_6260/ide/plugins/com.nxp.mcuxpresso.tools.win32_11.4.0.202103011116/tools/bin/../lib/gcc/arm-none-eabi/10.2.1/../../../../arm-none-eabi/lib/thumb/v7-m/nofp\libcr_c.a(_writebuf.o)
 .ARM.attributes
                0x0000035d       0x2d c:/nxp/mcuxpressoide_11.4.1_6260/ide/plugins/com.nxp.mcuxpresso.tools.win32_11.4.0.202103011116/tools/bin/../lib/gcc/arm-none-eabi/10.2.1/../../../../arm-none-eabi/lib/thumb/v7-m/nofp\libcr_c.a(alloc.o)
 .ARM.attributes
                0x0000038a       0x33 c:/nxp/mcuxpressoide_11.4.1_6260/ide/plugins/com.nxp.mcuxpresso.tools.win32_11.4.0.202103011116/tools/bin/../lib/gcc/arm-none-eabi/10.2.1/../../../../arm-none-eabi/lib/thumb/v7-m/nofp\libcr_c.a(errno.o)
 .ARM.attributes
                0x000003bd       0x2d c:/nxp/mcuxpressoide_11.4.1_6260/ide/plugins/com.nxp.mcuxpresso.tools.win32_11.4.0.202103011116/tools/bin/../lib/gcc/arm-none-eabi/10.2.1/../../../../arm-none-eabi/lib/thumb/v7-m/nofp\libcr_c.a(fclose.o)
 .ARM.attributes
                0x000003ea       0x2d c:/nxp/mcuxpressoide_11.4.1_6260/ide/plugins/com.nxp.mcuxpresso.tools.win32_11.4.0.202103011116/tools/bin/../lib/gcc/arm-none-eabi/10.2.1/../../../../arm-none-eabi/lib/thumb/v7-m/nofp\libcr_c.a(fflush.o)
 .ARM.attributes
                0x00000417       0x2d c:/nxp/mcuxpressoide_11.4.1_6260/ide/plugins/com.nxp.mcuxpresso.tools.win32_11.4.0.202103011116/tools/bin/../lib/gcc/arm-none-eabi/10.2.1/../../../../arm-none-eabi/lib/thumb/v7-m/nofp\libcr_c.a(fseek.o)
 .ARM.attributes
                0x00000444       0x2d c:/nxp/mcuxpressoide_11.4.1_6260/ide/plugins/com.nxp.mcuxpresso.tools.win32_11.4.0.202103011116/tools/bin/../lib/gcc/arm-none-eabi/10.2.1/../../../../arm-none-eabi/lib/thumb/v7-m/nofp\libcr_c.a(ftell.o)
 .ARM.attributes
                0x00000471       0x2d c:/nxp/mcuxpressoide_11.4.1_6260/ide/plugins/com.nxp.mcuxpresso.tools.win32_11.4.0.202103011116/tools/bin/../lib/gcc/arm-none-eabi/10.2.1/../../../../arm-none-eabi/lib/thumb/v7-m/nofp\libcr_c.a(remove.o)
 .ARM.attributes
                0x0000049e       0x2d c:/nxp/mcuxpressoide_11.4.1_6260/ide/plugins/com.nxp.mcuxpresso.tools.win32_11.4.0.202103011116/tools/bin/../lib/gcc/arm-none-eabi/10.2.1/../../../../arm-none-eabi/lib/thumb/v7-m/nofp\libcr_c.a(__init_alloc.o)
 .ARM.attributes
                0x000004cb       0x2d c:/nxp/mcuxpressoide_11.4.1_6260/ide/plugins/com.nxp.mcuxpresso.tools.win32_11.4.0.202103011116/tools/bin/../lib/gcc/arm-none-eabi/10.2.1/../../../../arm-none-eabi/lib/thumb/v7-m/nofp\libcr_c.a(_cr_sbrk.o)
 .ARM.attributes
                0x000004f8       0x2d c:/nxp/mcuxpressoide_11.4.1_6260/ide/plugins/com.nxp.mcuxpresso.tools.win32_11.4.0.202103011116/tools/bin/../lib/gcc/arm-none-eabi/10.2.1/../../../../arm-none-eabi/lib/thumb/v7-m/nofp\libcr_c.a(_do_fflush.o)
 .ARM.attributes
                0x00000525       0x2d c:/nxp/mcuxpressoide_11.4.1_6260/ide/plugins/com.nxp.mcuxpresso.tools.win32_11.4.0.202103011116/tools/bin/../lib/gcc/arm-none-eabi/10.2.1/../../../../arm-none-eabi/lib/thumb/v7-m/nofp\libcr_c.a(_cr_check_heap.o)
 .ARM.attributes
                0x00000552       0x2d c:/nxp/mcuxpressoide_11.4.1_6260/ide/plugins/com.nxp.mcuxpresso.tools.win32_11.4.0.202103011116/tools/bin/../lib/gcc/arm-none-eabi/10.2.1/thumb/v7-m/nofp\libcr_eabihelpers.a(double.o)
 .ARM.attributes
                0x0000057f       0x1b c:/nxp/mcuxpressoide_11.4.1_6260/ide/plugins/com.nxp.mcuxpresso.tools.win32_11.4.0.202103011116/tools/bin/../lib/gcc/arm-none-eabi/10.2.1/thumb/v7-m/nofp\libcr_eabihelpers.a(memcpy.o)
 .ARM.attributes
                0x0000059a       0x33 c:/nxp/mcuxpressoide_11.4.1_6260/ide/plugins/com.nxp.mcuxpresso.tools.win32_11.4.0.202103011116/tools/bin/../lib/gcc/arm-none-eabi/10.2.1/../../../../arm-none-eabi/lib/thumb/v7-m/nofp\libcr_semihost.a(__ciob.o)
 .ARM.attributes
                0x000005cd       0x1b c:/nxp/mcuxpressoide_11.4.1_6260/ide/plugins/com.nxp.mcuxpresso.tools.win32_11.4.0.202103011116/tools/bin/../lib/gcc/arm-none-eabi/10.2.1/../../../../arm-none-eabi/lib/thumb/v7-m/nofp\libcr_semihost.a(__sys_appexit.o)
 .ARM.attributes
                0x000005e8       0x1b c:/nxp/mcuxpressoide_11.4.1_6260/ide/plugins/com.nxp.mcuxpresso.tools.win32_11.4.0.202103011116/tools/bin/../lib/gcc/arm-none-eabi/10.2.1/../../../../arm-none-eabi/lib/thumb/v7-m/nofp\libcr_semihost.a(__sys_close.o)
 .ARM.attributes
                0x00000603       0x1b c:/nxp/mcuxpressoide_11.4.1_6260/ide/plugins/com.nxp.mcuxpresso.tools.win32_11.4.0.202103011116/tools/bin/../lib/gcc/arm-none-eabi/10.2.1/../../../../arm-none-eabi/lib/thumb/v7-m/nofp\libcr_semihost.a(__sys_flen.o)
 .ARM.attributes
                0x0000061e       0x1b c:/nxp/mcuxpressoide_11.4.1_6260/ide/plugins/com.nxp.mcuxpresso.tools.win32_11.4.0.202103011116/tools/bin/../lib/gcc/arm-none-eabi/10.2.1/../../../../arm-none-eabi/lib/thumb/v7-m/nofp\libcr_semihost.a(__sys_istty.o)
 .ARM.attributes
                0x00000639       0x1b c:/nxp/mcuxpressoide_11.4.1_6260/ide/plugins/com.nxp.mcuxpresso.tools.win32_11.4.0.202103011116/tools/bin/../lib/gcc/arm-none-eabi/10.2.1/../../../../arm-none-eabi/lib/thumb/v7-m/nofp\libcr_semihost.a(__sys_remove.o)
 .ARM.attributes
                0x00000654       0x1b c:/nxp/mcuxpressoide_11.4.1_6260/ide/plugins/com.nxp.mcuxpresso.tools.win32_11.4.0.202103011116/tools/bin/../lib/gcc/arm-none-eabi/10.2.1/../../../../arm-none-eabi/lib/thumb/v7-m/nofp\libcr_semihost.a(__sys_seek.o)
 .ARM.attributes
                0x0000066f       0x1b c:/nxp/mcuxpressoide_11.4.1_6260/ide/plugins/com.nxp.mcuxpresso.tools.win32_11.4.0.202103011116/tools/bin/../lib/gcc/arm-none-eabi/10.2.1/../../../../arm-none-eabi/lib/thumb/v7-m/nofp\libcr_semihost.a(__sys_tmpnam.o)
 .ARM.attributes
                0x0000068a       0x1b c:/nxp/mcuxpressoide_11.4.1_6260/ide/plugins/com.nxp.mcuxpresso.tools.win32_11.4.0.202103011116/tools/bin/../lib/gcc/arm-none-eabi/10.2.1/../../../../arm-none-eabi/lib/thumb/v7-m/nofp\libcr_semihost.a(__sys_write.o)

.debug_frame    0x00000000      0x3c0
 .debug_frame   0x00000000       0x38 ./src/LAB_8.o
 .debug_frame   0x00000038      0x170 ./src/cr_startup_lpc175x_6x.o
 .debug_frame   0x000001a8       0xe8 D:\University\Engineering\Ano 4\se1\HAL_SE1\Debug\libHAL_SE1.a(BMP.o)
 .debug_frame   0x00000290       0xf4 D:\University\Engineering\Ano 4\se1\HAL_SE1\Debug\libHAL_SE1.a(SPI.o)
 .debug_frame   0x00000384       0x3c D:\University\Engineering\Ano 4\se1\CMSIS_CORE_LPC17xx\Debug\libCMSIS_CORE_LPC17xx.a(system_LPC17xx.o)

Cross Reference Table

Symbol                                            File
ADC_IRQHandler                                    ./src/cr_startup_lpc175x_6x.o
BMP_Init                                          D:\University\Engineering\Ano 4\se1\HAL_SE1\Debug\libHAL_SE1.a(BMP.o)
                                                  ./src/LAB_8.o
BOD_IRQHandler                                    ./src/cr_startup_lpc175x_6x.o
BusFault_Handler                                  ./src/cr_startup_lpc175x_6x.o
CANActivity_IRQHandler                            ./src/cr_startup_lpc175x_6x.o
CAN_IRQHandler                                    ./src/cr_startup_lpc175x_6x.o
CRP_WORD                                          ./src/crp.o
DMA_IRQHandler                                    ./src/cr_startup_lpc175x_6x.o
DebugMon_Handler                                  ./src/cr_startup_lpc175x_6x.o
EINT0_IRQHandler                                  ./src/cr_startup_lpc175x_6x.o
EINT1_IRQHandler                                  ./src/cr_startup_lpc175x_6x.o
EINT2_IRQHandler                                  ./src/cr_startup_lpc175x_6x.o
EINT3_IRQHandler                                  ./src/cr_startup_lpc175x_6x.o
ENET_IRQHandler                                   ./src/cr_startup_lpc175x_6x.o
GetReg16                                          D:\University\Engineering\Ano 4\se1\HAL_SE1\Debug\libHAL_SE1.a(BMP.o)
                                                  ./src/LAB_8.o
GetReg8                                           D:\University\Engineering\Ano 4\se1\HAL_SE1\Debug\libHAL_SE1.a(BMP.o)
                                                  ./src/LAB_8.o
HardFault_Handler                                 ./src/cr_startup_lpc175x_6x.o
I2C0_IRQHandler                                   ./src/cr_startup_lpc175x_6x.o
I2C1_IRQHandler                                   ./src/cr_startup_lpc175x_6x.o
I2C2_IRQHandler                                   ./src/cr_startup_lpc175x_6x.o
I2S_IRQHandler                                    ./src/cr_startup_lpc175x_6x.o
IntDefaultHandler                                 ./src/cr_startup_lpc175x_6x.o
MCPWM_IRQHandler                                  ./src/cr_startup_lpc175x_6x.o
MemManage_Handler                                 ./src/cr_startup_lpc175x_6x.o
NMI_Handler                                       ./src/cr_startup_lpc175x_6x.o
PLL0_IRQHandler                                   ./src/cr_startup_lpc175x_6x.o
PLL1_IRQHandler                                   ./src/cr_startup_lpc175x_6x.o
PWM1_IRQHandler                                   ./src/cr_startup_lpc175x_6x.o
PendSV_Handler                                    ./src/cr_startup_lpc175x_6x.o
QEI_IRQHandler                                    ./src/cr_startup_lpc175x_6x.o
RIT_IRQHandler                                    ./src/cr_startup_lpc175x_6x.o
RTC_IRQHandler                                    ./src/cr_startup_lpc175x_6x.o
ResetISR                                          ./src/cr_startup_lpc175x_6x.o
SPI_ConfigTransfer                                D:\University\Engineering\Ano 4\se1\HAL_SE1\Debug\libHAL_SE1.a(SPI.o)
                                                  D:\University\Engineering\Ano 4\se1\HAL_SE1\Debug\libHAL_SE1.a(BMP.o)
SPI_IRQHandler                                    ./src/cr_startup_lpc175x_6x.o
SPI_Init                                          D:\University\Engineering\Ano 4\se1\HAL_SE1\Debug\libHAL_SE1.a(SPI.o)
                                                  D:\University\Engineering\Ano 4\se1\HAL_SE1\Debug\libHAL_SE1.a(BMP.o)
SPI_Read                                          D:\University\Engineering\Ano 4\se1\HAL_SE1\Debug\libHAL_SE1.a(SPI.o)
SPI_Transfer                                      D:\University\Engineering\Ano 4\se1\HAL_SE1\Debug\libHAL_SE1.a(SPI.o)
                                                  D:\University\Engineering\Ano 4\se1\HAL_SE1\Debug\libHAL_SE1.a(BMP.o)
SPI_Write                                         D:\University\Engineering\Ano 4\se1\HAL_SE1\Debug\libHAL_SE1.a(SPI.o)
SSP0_IRQHandler                                   ./src/cr_startup_lpc175x_6x.o
SSP1_IRQHandler                                   ./src/cr_startup_lpc175x_6x.o
SVC_Handler                                       ./src/cr_startup_lpc175x_6x.o
SetReg8                                           D:\University\Engineering\Ano 4\se1\HAL_SE1\Debug\libHAL_SE1.a(BMP.o)
SysTick_Handler                                   ./src/cr_startup_lpc175x_6x.o
SystemCoreClock                                   D:\University\Engineering\Ano 4\se1\CMSIS_CORE_LPC17xx\Debug\libCMSIS_CORE_LPC17xx.a(system_LPC17xx.o)
                                                  D:\University\Engineering\Ano 4\se1\HAL_SE1\Debug\libHAL_SE1.a(SPI.o)
SystemCoreClockUpdate                             D:\University\Engineering\Ano 4\se1\CMSIS_CORE_LPC17xx\Debug\libCMSIS_CORE_LPC17xx.a(system_LPC17xx.o)
SystemInit                                        D:\University\Engineering\Ano 4\se1\CMSIS_CORE_LPC17xx\Debug\libCMSIS_CORE_LPC17xx.a(system_LPC17xx.o)
                                                  ./src/cr_startup_lpc175x_6x.o
TIMER0_IRQHandler                                 ./src/cr_startup_lpc175x_6x.o
TIMER1_IRQHandler                                 ./src/cr_startup_lpc175x_6x.o
TIMER2_IRQHandler                                 ./src/cr_startup_lpc175x_6x.o
TIMER3_IRQHandler                                 ./src/cr_startup_lpc175x_6x.o
UART0_IRQHandler                                  ./src/cr_startup_lpc175x_6x.o
UART1_IRQHandler                                  ./src/cr_startup_lpc175x_6x.o
UART2_IRQHandler                                  ./src/cr_startup_lpc175x_6x.o
UART3_IRQHandler                                  ./src/cr_startup_lpc175x_6x.o
USBActivity_IRQHandler                            ./src/cr_startup_lpc175x_6x.o
USB_IRQHandler                                    ./src/cr_startup_lpc175x_6x.o
UsageFault_Handler                                ./src/cr_startup_lpc175x_6x.o
WDT_IRQHandler                                    ./src/cr_startup_lpc175x_6x.o
_Csys_alloc                                       c:/nxp/mcuxpressoide_11.4.1_6260/ide/plugins/com.nxp.mcuxpresso.tools.win32_11.4.0.202103011116/tools/bin/../lib/gcc/arm-none-eabi/10.2.1/../../../../arm-none-eabi/lib/thumb/v7-m/nofp\libcr_c.a(alloc.o)
                                                  c:/nxp/mcuxpressoide_11.4.1_6260/ide/plugins/com.nxp.mcuxpresso.tools.win32_11.4.0.202103011116/tools/bin/../lib/gcc/arm-none-eabi/10.2.1/../../../../arm-none-eabi/lib/thumb/v7-m/nofp\libcr_c.a(_deferredlazyseek.o)
_Cwritebuf                                        c:/nxp/mcuxpressoide_11.4.1_6260/ide/plugins/com.nxp.mcuxpresso.tools.win32_11.4.0.202103011116/tools/bin/../lib/gcc/arm-none-eabi/10.2.1/../../../../arm-none-eabi/lib/thumb/v7-m/nofp\libcr_c.a(_writebuf.o)
                                                  c:/nxp/mcuxpressoide_11.4.1_6260/ide/plugins/com.nxp.mcuxpresso.tools.win32_11.4.0.202103011116/tools/bin/../lib/gcc/arm-none-eabi/10.2.1/../../../../arm-none-eabi/lib/thumb/v7-m/nofp\libcr_c.a(_fflush.o)
                                                  c:/nxp/mcuxpressoide_11.4.1_6260/ide/plugins/com.nxp.mcuxpresso.tools.win32_11.4.0.202103011116/tools/bin/../lib/gcc/arm-none-eabi/10.2.1/../../../../arm-none-eabi/lib/thumb/v7-m/nofp\libcr_c.a(_deferredlazyseek.o)
__CR_SEMIHOST                                     c:/nxp/mcuxpressoide_11.4.1_6260/ide/plugins/com.nxp.mcuxpresso.tools.win32_11.4.0.202103011116/tools/bin/../lib/gcc/arm-none-eabi/10.2.1/../../../../arm-none-eabi/lib/thumb/v7-m/nofp\libcr_semihost.a(_cr__main.o)
__Ciob                                            c:/nxp/mcuxpressoide_11.4.1_6260/ide/plugins/com.nxp.mcuxpresso.tools.win32_11.4.0.202103011116/tools/bin/../lib/gcc/arm-none-eabi/10.2.1/../../../../arm-none-eabi/lib/thumb/v7-m/nofp\libcr_semihost.a(__ciob.o)
                                                  c:/nxp/mcuxpressoide_11.4.1_6260/ide/plugins/com.nxp.mcuxpresso.tools.win32_11.4.0.202103011116/tools/bin/../lib/gcc/arm-none-eabi/10.2.1/../../../../arm-none-eabi/lib/thumb/v7-m/nofp\libcr_c.a(fflush.o)
                                                  c:/nxp/mcuxpressoide_11.4.1_6260/ide/plugins/com.nxp.mcuxpresso.tools.win32_11.4.0.202103011116/tools/bin/../lib/gcc/arm-none-eabi/10.2.1/../../../../arm-none-eabi/lib/thumb/v7-m/nofp\libcr_c.a(printf.o)
                                                  c:/nxp/mcuxpressoide_11.4.1_6260/ide/plugins/com.nxp.mcuxpresso.tools.win32_11.4.0.202103011116/tools/bin/../lib/gcc/arm-none-eabi/10.2.1/../../../../arm-none-eabi/lib/thumb/v7-m/nofp\libcr_c.a(initio.o)
                                                  c:/nxp/mcuxpressoide_11.4.1_6260/ide/plugins/com.nxp.mcuxpresso.tools.win32_11.4.0.202103011116/tools/bin/../lib/gcc/arm-none-eabi/10.2.1/../../../../arm-none-eabi/lib/thumb/v7-m/nofp\libcr_c.a(fpprintf.o)
__aeabi_cdcmpeq                                   c:/nxp/mcuxpressoide_11.4.1_6260/ide/plugins/com.nxp.mcuxpresso.tools.win32_11.4.0.202103011116/tools/bin/../lib/gcc/arm-none-eabi/10.2.1/thumb/v7-m/nofp\libcr_eabihelpers.a(double.o)
__aeabi_cdcmple                                   c:/nxp/mcuxpressoide_11.4.1_6260/ide/plugins/com.nxp.mcuxpresso.tools.win32_11.4.0.202103011116/tools/bin/../lib/gcc/arm-none-eabi/10.2.1/thumb/v7-m/nofp\libcr_eabihelpers.a(double.o)
__aeabi_cdrcmple                                  c:/nxp/mcuxpressoide_11.4.1_6260/ide/plugins/com.nxp.mcuxpresso.tools.win32_11.4.0.202103011116/tools/bin/../lib/gcc/arm-none-eabi/10.2.1/thumb/v7-m/nofp\libcr_eabihelpers.a(double.o)
__aeabi_d2f                                       c:/nxp/mcuxpressoide_11.4.1_6260/ide/plugins/com.nxp.mcuxpresso.tools.win32_11.4.0.202103011116/tools/bin/../lib/gcc/arm-none-eabi/10.2.1/thumb/v7-m/nofp\libcr_eabihelpers.a(double.o)
__aeabi_d2iz                                      c:/nxp/mcuxpressoide_11.4.1_6260/ide/plugins/com.nxp.mcuxpresso.tools.win32_11.4.0.202103011116/tools/bin/../lib/gcc/arm-none-eabi/10.2.1/thumb/v7-m/nofp\libcr_eabihelpers.a(double.o)
                                                  c:/nxp/mcuxpressoide_11.4.1_6260/ide/plugins/com.nxp.mcuxpresso.tools.win32_11.4.0.202103011116/tools/bin/../lib/gcc/arm-none-eabi/10.2.1/../../../../arm-none-eabi/lib/thumb/v7-m/nofp\libcr_c.a(fpprintf.o)
__aeabi_d2lz                                      c:/nxp/mcuxpressoide_11.4.1_6260/ide/plugins/com.nxp.mcuxpresso.tools.win32_11.4.0.202103011116/tools/bin/../lib/gcc/arm-none-eabi/10.2.1/thumb/v7-m/nofp\libcr_eabihelpers.a(double.o)
__aeabi_d2uiz                                     c:/nxp/mcuxpressoide_11.4.1_6260/ide/plugins/com.nxp.mcuxpresso.tools.win32_11.4.0.202103011116/tools/bin/../lib/gcc/arm-none-eabi/10.2.1/thumb/v7-m/nofp\libcr_eabihelpers.a(double.o)
__aeabi_d2ulz                                     c:/nxp/mcuxpressoide_11.4.1_6260/ide/plugins/com.nxp.mcuxpresso.tools.win32_11.4.0.202103011116/tools/bin/../lib/gcc/arm-none-eabi/10.2.1/thumb/v7-m/nofp\libcr_eabihelpers.a(double.o)
__aeabi_dadd                                      c:/nxp/mcuxpressoide_11.4.1_6260/ide/plugins/com.nxp.mcuxpresso.tools.win32_11.4.0.202103011116/tools/bin/../lib/gcc/arm-none-eabi/10.2.1/thumb/v7-m/nofp\libcr_eabihelpers.a(double.o)
                                                  c:/nxp/mcuxpressoide_11.4.1_6260/ide/plugins/com.nxp.mcuxpresso.tools.win32_11.4.0.202103011116/tools/bin/../lib/gcc/arm-none-eabi/10.2.1/../../../../arm-none-eabi/lib/thumb/v7-m/nofp\libcr_c.a(fpprintf.o)
                                                  D:\University\Engineering\Ano 4\se1\HAL_SE1\Debug\libHAL_SE1.a(BMP.o)
                                                  ./src/LAB_8.o
__aeabi_dcmpeq                                    c:/nxp/mcuxpressoide_11.4.1_6260/ide/plugins/com.nxp.mcuxpresso.tools.win32_11.4.0.202103011116/tools/bin/../lib/gcc/arm-none-eabi/10.2.1/thumb/v7-m/nofp\libcr_eabihelpers.a(double.o)
                                                  c:/nxp/mcuxpressoide_11.4.1_6260/ide/plugins/com.nxp.mcuxpresso.tools.win32_11.4.0.202103011116/tools/bin/../lib/gcc/arm-none-eabi/10.2.1/../../../../arm-none-eabi/lib/thumb/v7-m/nofp\libcr_c.a(_ldexpl.o)
                                                  c:/nxp/mcuxpressoide_11.4.1_6260/ide/plugins/com.nxp.mcuxpresso.tools.win32_11.4.0.202103011116/tools/bin/../lib/gcc/arm-none-eabi/10.2.1/../../../../arm-none-eabi/lib/thumb/v7-m/nofp\libcr_c.a(_frexpl.o)
                                                  c:/nxp/mcuxpressoide_11.4.1_6260/ide/plugins/com.nxp.mcuxpresso.tools.win32_11.4.0.202103011116/tools/bin/../lib/gcc/arm-none-eabi/10.2.1/../../../../arm-none-eabi/lib/thumb/v7-m/nofp\libcr_c.a(fpprintf.o)
__aeabi_dcmpge                                    c:/nxp/mcuxpressoide_11.4.1_6260/ide/plugins/com.nxp.mcuxpresso.tools.win32_11.4.0.202103011116/tools/bin/../lib/gcc/arm-none-eabi/10.2.1/thumb/v7-m/nofp\libcr_eabihelpers.a(double.o)
                                                  c:/nxp/mcuxpressoide_11.4.1_6260/ide/plugins/com.nxp.mcuxpresso.tools.win32_11.4.0.202103011116/tools/bin/../lib/gcc/arm-none-eabi/10.2.1/../../../../arm-none-eabi/lib/thumb/v7-m/nofp\libcr_c.a(fpprintf.o)
__aeabi_dcmpgt                                    c:/nxp/mcuxpressoide_11.4.1_6260/ide/plugins/com.nxp.mcuxpresso.tools.win32_11.4.0.202103011116/tools/bin/../lib/gcc/arm-none-eabi/10.2.1/thumb/v7-m/nofp\libcr_eabihelpers.a(double.o)
__aeabi_dcmple                                    c:/nxp/mcuxpressoide_11.4.1_6260/ide/plugins/com.nxp.mcuxpresso.tools.win32_11.4.0.202103011116/tools/bin/../lib/gcc/arm-none-eabi/10.2.1/thumb/v7-m/nofp\libcr_eabihelpers.a(double.o)
                                                  c:/nxp/mcuxpressoide_11.4.1_6260/ide/plugins/com.nxp.mcuxpresso.tools.win32_11.4.0.202103011116/tools/bin/../lib/gcc/arm-none-eabi/10.2.1/../../../../arm-none-eabi/lib/thumb/v7-m/nofp\libcr_c.a(fpprintf.o)
__aeabi_dcmplt                                    c:/nxp/mcuxpressoide_11.4.1_6260/ide/plugins/com.nxp.mcuxpresso.tools.win32_11.4.0.202103011116/tools/bin/../lib/gcc/arm-none-eabi/10.2.1/thumb/v7-m/nofp\libcr_eabihelpers.a(double.o)
                                                  c:/nxp/mcuxpressoide_11.4.1_6260/ide/plugins/com.nxp.mcuxpresso.tools.win32_11.4.0.202103011116/tools/bin/../lib/gcc/arm-none-eabi/10.2.1/../../../../arm-none-eabi/lib/thumb/v7-m/nofp\libcr_c.a(fpprintf.o)
__aeabi_dcmpun                                    c:/nxp/mcuxpressoide_11.4.1_6260/ide/plugins/com.nxp.mcuxpresso.tools.win32_11.4.0.202103011116/tools/bin/../lib/gcc/arm-none-eabi/10.2.1/thumb/v7-m/nofp\libcr_eabihelpers.a(double.o)
__aeabi_ddiv                                      c:/nxp/mcuxpressoide_11.4.1_6260/ide/plugins/com.nxp.mcuxpresso.tools.win32_11.4.0.202103011116/tools/bin/../lib/gcc/arm-none-eabi/10.2.1/thumb/v7-m/nofp\libcr_eabihelpers.a(double.o)
                                                  c:/nxp/mcuxpressoide_11.4.1_6260/ide/plugins/com.nxp.mcuxpresso.tools.win32_11.4.0.202103011116/tools/bin/../lib/gcc/arm-none-eabi/10.2.1/../../../../arm-none-eabi/lib/thumb/v7-m/nofp\libcr_c.a(fpprintf.o)
                                                  D:\University\Engineering\Ano 4\se1\HAL_SE1\Debug\libHAL_SE1.a(BMP.o)
                                                  ./src/LAB_8.o
__aeabi_dmul                                      c:/nxp/mcuxpressoide_11.4.1_6260/ide/plugins/com.nxp.mcuxpresso.tools.win32_11.4.0.202103011116/tools/bin/../lib/gcc/arm-none-eabi/10.2.1/thumb/v7-m/nofp\libcr_eabihelpers.a(double.o)
                                                  c:/nxp/mcuxpressoide_11.4.1_6260/ide/plugins/com.nxp.mcuxpresso.tools.win32_11.4.0.202103011116/tools/bin/../lib/gcc/arm-none-eabi/10.2.1/../../../../arm-none-eabi/lib/thumb/v7-m/nofp\libcr_c.a(fpprintf.o)
                                                  D:\University\Engineering\Ano 4\se1\HAL_SE1\Debug\libHAL_SE1.a(BMP.o)
                                                  ./src/LAB_8.o
__aeabi_dneg                                      c:/nxp/mcuxpressoide_11.4.1_6260/ide/plugins/com.nxp.mcuxpresso.tools.win32_11.4.0.202103011116/tools/bin/../lib/gcc/arm-none-eabi/10.2.1/thumb/v7-m/nofp\libcr_eabihelpers.a(double.o)
__aeabi_drsub                                     c:/nxp/mcuxpressoide_11.4.1_6260/ide/plugins/com.nxp.mcuxpresso.tools.win32_11.4.0.202103011116/tools/bin/../lib/gcc/arm-none-eabi/10.2.1/thumb/v7-m/nofp\libcr_eabihelpers.a(double.o)
__aeabi_dsub                                      c:/nxp/mcuxpressoide_11.4.1_6260/ide/plugins/com.nxp.mcuxpresso.tools.win32_11.4.0.202103011116/tools/bin/../lib/gcc/arm-none-eabi/10.2.1/thumb/v7-m/nofp\libcr_eabihelpers.a(double.o)
                                                  c:/nxp/mcuxpressoide_11.4.1_6260/ide/plugins/com.nxp.mcuxpresso.tools.win32_11.4.0.202103011116/tools/bin/../lib/gcc/arm-none-eabi/10.2.1/../../../../arm-none-eabi/lib/thumb/v7-m/nofp\libcr_c.a(fpprintf.o)
                                                  D:\University\Engineering\Ano 4\se1\HAL_SE1\Debug\libHAL_SE1.a(BMP.o)
                                                  ./src/LAB_8.o
__aeabi_i2d                                       c:/nxp/mcuxpressoide_11.4.1_6260/ide/plugins/com.nxp.mcuxpresso.tools.win32_11.4.0.202103011116/tools/bin/../lib/gcc/arm-none-eabi/10.2.1/thumb/v7-m/nofp\libcr_eabihelpers.a(double.o)
                                                  c:/nxp/mcuxpressoide_11.4.1_6260/ide/plugins/com.nxp.mcuxpresso.tools.win32_11.4.0.202103011116/tools/bin/../lib/gcc/arm-none-eabi/10.2.1/../../../../arm-none-eabi/lib/thumb/v7-m/nofp\libcr_c.a(fpprintf.o)
                                                  D:\University\Engineering\Ano 4\se1\HAL_SE1\Debug\libHAL_SE1.a(BMP.o)
                                                  ./src/LAB_8.o
__aeabi_idiv0                                     c:/nxp/mcuxpressoide_11.4.1_6260/ide/plugins/com.nxp.mcuxpresso.tools.win32_11.4.0.202103011116/tools/bin/../lib/gcc/arm-none-eabi/10.2.1/thumb/v7-m/nofp\libcr_eabihelpers.a(division_idiv0.o)
                                                  c:/nxp/mcuxpressoide_11.4.1_6260/ide/plugins/com.nxp.mcuxpresso.tools.win32_11.4.0.202103011116/tools/bin/../lib/gcc/arm-none-eabi/10.2.1/thumb/v7-m/nofp\libcr_eabihelpers.a(division_64.o)
__aeabi_l2d                                       c:/nxp/mcuxpressoide_11.4.1_6260/ide/plugins/com.nxp.mcuxpresso.tools.win32_11.4.0.202103011116/tools/bin/../lib/gcc/arm-none-eabi/10.2.1/thumb/v7-m/nofp\libcr_eabihelpers.a(double.o)
__aeabi_ldivmod                                   c:/nxp/mcuxpressoide_11.4.1_6260/ide/plugins/com.nxp.mcuxpresso.tools.win32_11.4.0.202103011116/tools/bin/../lib/gcc/arm-none-eabi/10.2.1/thumb/v7-m/nofp\libcr_eabihelpers.a(division_64.o)
                                                  D:\University\Engineering\Ano 4\se1\CMSIS_CORE_LPC17xx\Debug\libCMSIS_CORE_LPC17xx.a(system_LPC17xx.o)
__aeabi_lowlevel_memset                           c:/nxp/mcuxpressoide_11.4.1_6260/ide/plugins/com.nxp.mcuxpresso.tools.win32_11.4.0.202103011116/tools/bin/../lib/gcc/arm-none-eabi/10.2.1/thumb/v7-m/nofp\libcr_eabihelpers.a(memcpy.o)
                                                  c:/nxp/mcuxpressoide_11.4.1_6260/ide/plugins/com.nxp.mcuxpresso.tools.win32_11.4.0.202103011116/tools/bin/../lib/gcc/arm-none-eabi/10.2.1/../../../../arm-none-eabi/lib/thumb/v7-m/nofp\libcr_c.a(memset.o)
__aeabi_memclr                                    c:/nxp/mcuxpressoide_11.4.1_6260/ide/plugins/com.nxp.mcuxpresso.tools.win32_11.4.0.202103011116/tools/bin/../lib/gcc/arm-none-eabi/10.2.1/thumb/v7-m/nofp\libcr_eabihelpers.a(memcpy.o)
__aeabi_memclr4                                   c:/nxp/mcuxpressoide_11.4.1_6260/ide/plugins/com.nxp.mcuxpresso.tools.win32_11.4.0.202103011116/tools/bin/../lib/gcc/arm-none-eabi/10.2.1/thumb/v7-m/nofp\libcr_eabihelpers.a(memcpy.o)
__aeabi_memclr8                                   c:/nxp/mcuxpressoide_11.4.1_6260/ide/plugins/com.nxp.mcuxpresso.tools.win32_11.4.0.202103011116/tools/bin/../lib/gcc/arm-none-eabi/10.2.1/thumb/v7-m/nofp\libcr_eabihelpers.a(memcpy.o)
__aeabi_memcpy                                    c:/nxp/mcuxpressoide_11.4.1_6260/ide/plugins/com.nxp.mcuxpresso.tools.win32_11.4.0.202103011116/tools/bin/../lib/gcc/arm-none-eabi/10.2.1/thumb/v7-m/nofp\libcr_eabihelpers.a(memcpy.o)
                                                  c:/nxp/mcuxpressoide_11.4.1_6260/ide/plugins/com.nxp.mcuxpresso.tools.win32_11.4.0.202103011116/tools/bin/../lib/gcc/arm-none-eabi/10.2.1/../../../../arm-none-eabi/lib/thumb/v7-m/nofp\libcr_c.a(memcpy.o)
__aeabi_memcpy4                                   c:/nxp/mcuxpressoide_11.4.1_6260/ide/plugins/com.nxp.mcuxpresso.tools.win32_11.4.0.202103011116/tools/bin/../lib/gcc/arm-none-eabi/10.2.1/thumb/v7-m/nofp\libcr_eabihelpers.a(memcpy.o)
__aeabi_memcpy8                                   c:/nxp/mcuxpressoide_11.4.1_6260/ide/plugins/com.nxp.mcuxpresso.tools.win32_11.4.0.202103011116/tools/bin/../lib/gcc/arm-none-eabi/10.2.1/thumb/v7-m/nofp\libcr_eabihelpers.a(memcpy.o)
__aeabi_memmove                                   c:/nxp/mcuxpressoide_11.4.1_6260/ide/plugins/com.nxp.mcuxpresso.tools.win32_11.4.0.202103011116/tools/bin/../lib/gcc/arm-none-eabi/10.2.1/thumb/v7-m/nofp\libcr_eabihelpers.a(memcpy.o)
__aeabi_memmove4                                  c:/nxp/mcuxpressoide_11.4.1_6260/ide/plugins/com.nxp.mcuxpresso.tools.win32_11.4.0.202103011116/tools/bin/../lib/gcc/arm-none-eabi/10.2.1/thumb/v7-m/nofp\libcr_eabihelpers.a(memcpy.o)
__aeabi_memmove8                                  c:/nxp/mcuxpressoide_11.4.1_6260/ide/plugins/com.nxp.mcuxpresso.tools.win32_11.4.0.202103011116/tools/bin/../lib/gcc/arm-none-eabi/10.2.1/thumb/v7-m/nofp\libcr_eabihelpers.a(memcpy.o)
__aeabi_memset                                    c:/nxp/mcuxpressoide_11.4.1_6260/ide/plugins/com.nxp.mcuxpresso.tools.win32_11.4.0.202103011116/tools/bin/../lib/gcc/arm-none-eabi/10.2.1/thumb/v7-m/nofp\libcr_eabihelpers.a(memcpy.o)
__aeabi_memset4                                   c:/nxp/mcuxpressoide_11.4.1_6260/ide/plugins/com.nxp.mcuxpresso.tools.win32_11.4.0.202103011116/tools/bin/../lib/gcc/arm-none-eabi/10.2.1/thumb/v7-m/nofp\libcr_eabihelpers.a(memcpy.o)
__aeabi_memset8                                   c:/nxp/mcuxpressoide_11.4.1_6260/ide/plugins/com.nxp.mcuxpresso.tools.win32_11.4.0.202103011116/tools/bin/../lib/gcc/arm-none-eabi/10.2.1/thumb/v7-m/nofp\libcr_eabihelpers.a(memcpy.o)
__aeabi_ui2d                                      c:/nxp/mcuxpressoide_11.4.1_6260/ide/plugins/com.nxp.mcuxpresso.tools.win32_11.4.0.202103011116/tools/bin/../lib/gcc/arm-none-eabi/10.2.1/thumb/v7-m/nofp\libcr_eabihelpers.a(double.o)
                                                  D:\University\Engineering\Ano 4\se1\HAL_SE1\Debug\libHAL_SE1.a(BMP.o)
                                                  ./src/LAB_8.o
__aeabi_ul2d                                      c:/nxp/mcuxpressoide_11.4.1_6260/ide/plugins/com.nxp.mcuxpresso.tools.win32_11.4.0.202103011116/tools/bin/../lib/gcc/arm-none-eabi/10.2.1/thumb/v7-m/nofp\libcr_eabihelpers.a(double.o)
__aeabi_uldivmod                                  c:/nxp/mcuxpressoide_11.4.1_6260/ide/plugins/com.nxp.mcuxpresso.tools.win32_11.4.0.202103011116/tools/bin/../lib/gcc/arm-none-eabi/10.2.1/thumb/v7-m/nofp\libcr_eabihelpers.a(division_64.o)
                                                  D:\University\Engineering\Ano 4\se1\CMSIS_CORE_LPC17xx\Debug\libCMSIS_CORE_LPC17xx.a(system_LPC17xx.o)
__bhs_ldivmod1                                    c:/nxp/mcuxpressoide_11.4.1_6260/ide/plugins/com.nxp.mcuxpresso.tools.win32_11.4.0.202103011116/tools/bin/../lib/gcc/arm-none-eabi/10.2.1/thumb/v7-m/nofp\libcr_eabihelpers.a(division_64.o)
__bhs_ui2d                                        c:/nxp/mcuxpressoide_11.4.1_6260/ide/plugins/com.nxp.mcuxpresso.tools.win32_11.4.0.202103011116/tools/bin/../lib/gcc/arm-none-eabi/10.2.1/thumb/v7-m/nofp\libcr_eabihelpers.a(double.o)
__bhs_ul2d                                        c:/nxp/mcuxpressoide_11.4.1_6260/ide/plugins/com.nxp.mcuxpresso.tools.win32_11.4.0.202103011116/tools/bin/../lib/gcc/arm-none-eabi/10.2.1/thumb/v7-m/nofp\libcr_eabihelpers.a(double.o)
__bss_section_table_end                           ./src/cr_startup_lpc175x_6x.o
__check_heap_overflow                             c:/nxp/mcuxpressoide_11.4.1_6260/ide/plugins/com.nxp.mcuxpresso.tools.win32_11.4.0.202103011116/tools/bin/../lib/gcc/arm-none-eabi/10.2.1/../../../../arm-none-eabi/lib/thumb/v7-m/nofp\libcr_c.a(_cr_check_heap.o)
                                                  c:/nxp/mcuxpressoide_11.4.1_6260/ide/plugins/com.nxp.mcuxpresso.tools.win32_11.4.0.202103011116/tools/bin/../lib/gcc/arm-none-eabi/10.2.1/../../../../arm-none-eabi/lib/thumb/v7-m/nofp\libcr_c.a(_cr_sbrk.o)
__data_section_table                              ./src/cr_startup_lpc175x_6x.o
__data_section_table_end                          ./src/cr_startup_lpc175x_6x.o
__end_of_heap                                     c:/nxp/mcuxpressoide_11.4.1_6260/ide/plugins/com.nxp.mcuxpresso.tools.win32_11.4.0.202103011116/tools/bin/../lib/gcc/arm-none-eabi/10.2.1/../../../../arm-none-eabi/lib/thumb/v7-m/nofp\libcr_c.a(__init_alloc.o)
                                                  c:/nxp/mcuxpressoide_11.4.1_6260/ide/plugins/com.nxp.mcuxpresso.tools.win32_11.4.0.202103011116/tools/bin/../lib/gcc/arm-none-eabi/10.2.1/../../../../arm-none-eabi/lib/thumb/v7-m/nofp\libcr_c.a(_cr_sbrk.o)
__exit                                            c:/nxp/mcuxpressoide_11.4.1_6260/ide/plugins/com.nxp.mcuxpresso.tools.win32_11.4.0.202103011116/tools/bin/../lib/gcc/arm-none-eabi/10.2.1/../../../../arm-none-eabi/lib/thumb/v7-m/nofp\libcr_semihost.a(__sys_appexit.o)
__flsbuf                                          c:/nxp/mcuxpressoide_11.4.1_6260/ide/plugins/com.nxp.mcuxpresso.tools.win32_11.4.0.202103011116/tools/bin/../lib/gcc/arm-none-eabi/10.2.1/../../../../arm-none-eabi/lib/thumb/v7-m/nofp\libcr_c.a(_deferredlazyseek.o)
                                                  c:/nxp/mcuxpressoide_11.4.1_6260/ide/plugins/com.nxp.mcuxpresso.tools.win32_11.4.0.202103011116/tools/bin/../lib/gcc/arm-none-eabi/10.2.1/../../../../arm-none-eabi/lib/thumb/v7-m/nofp\libcr_c.a(printf.o)
                                                  c:/nxp/mcuxpressoide_11.4.1_6260/ide/plugins/com.nxp.mcuxpresso.tools.win32_11.4.0.202103011116/tools/bin/../lib/gcc/arm-none-eabi/10.2.1/../../../../arm-none-eabi/lib/thumb/v7-m/nofp\libcr_c.a(fpprintf.o)
__heaps                                           c:/nxp/mcuxpressoide_11.4.1_6260/ide/plugins/com.nxp.mcuxpresso.tools.win32_11.4.0.202103011116/tools/bin/../lib/gcc/arm-none-eabi/10.2.1/../../../../arm-none-eabi/lib/thumb/v7-m/nofp\libcr_c.a(__init_alloc.o)
                                                  c:/nxp/mcuxpressoide_11.4.1_6260/ide/plugins/com.nxp.mcuxpresso.tools.win32_11.4.0.202103011116/tools/bin/../lib/gcc/arm-none-eabi/10.2.1/../../../../arm-none-eabi/lib/thumb/v7-m/nofp\libcr_c.a(alloc.o)
__main                                            c:/nxp/mcuxpressoide_11.4.1_6260/ide/plugins/com.nxp.mcuxpresso.tools.win32_11.4.0.202103011116/tools/bin/../lib/gcc/arm-none-eabi/10.2.1/../../../../arm-none-eabi/lib/thumb/v7-m/nofp\libcr_semihost.a(_cr__main.o)
                                                  ./src/cr_startup_lpc175x_6x.o
__num_Ciob_streams                                c:/nxp/mcuxpressoide_11.4.1_6260/ide/plugins/com.nxp.mcuxpresso.tools.win32_11.4.0.202103011116/tools/bin/../lib/gcc/arm-none-eabi/10.2.1/../../../../arm-none-eabi/lib/thumb/v7-m/nofp\libcr_semihost.a(__ciob.o)
                                                  c:/nxp/mcuxpressoide_11.4.1_6260/ide/plugins/com.nxp.mcuxpresso.tools.win32_11.4.0.202103011116/tools/bin/../lib/gcc/arm-none-eabi/10.2.1/../../../../arm-none-eabi/lib/thumb/v7-m/nofp\libcr_c.a(fflush.o)
                                                  c:/nxp/mcuxpressoide_11.4.1_6260/ide/plugins/com.nxp.mcuxpresso.tools.win32_11.4.0.202103011116/tools/bin/../lib/gcc/arm-none-eabi/10.2.1/../../../../arm-none-eabi/lib/thumb/v7-m/nofp\libcr_c.a(initio.o)
__sys_appexit                                     c:/nxp/mcuxpressoide_11.4.1_6260/ide/plugins/com.nxp.mcuxpresso.tools.win32_11.4.0.202103011116/tools/bin/../lib/gcc/arm-none-eabi/10.2.1/../../../../arm-none-eabi/lib/thumb/v7-m/nofp\libcr_semihost.a(__sys_appexit.o)
                                                  c:/nxp/mcuxpressoide_11.4.1_6260/ide/plugins/com.nxp.mcuxpresso.tools.win32_11.4.0.202103011116/tools/bin/../lib/gcc/arm-none-eabi/10.2.1/../../../../arm-none-eabi/lib/thumb/v7-m/nofp\libcr_c.a(alloc.o)
__sys_close                                       c:/nxp/mcuxpressoide_11.4.1_6260/ide/plugins/com.nxp.mcuxpresso.tools.win32_11.4.0.202103011116/tools/bin/../lib/gcc/arm-none-eabi/10.2.1/../../../../arm-none-eabi/lib/thumb/v7-m/nofp\libcr_semihost.a(__sys_close.o)
                                                  c:/nxp/mcuxpressoide_11.4.1_6260/ide/plugins/com.nxp.mcuxpresso.tools.win32_11.4.0.202103011116/tools/bin/../lib/gcc/arm-none-eabi/10.2.1/../../../../arm-none-eabi/lib/thumb/v7-m/nofp\libcr_c.a(fclose.o)
__sys_flen                                        c:/nxp/mcuxpressoide_11.4.1_6260/ide/plugins/com.nxp.mcuxpresso.tools.win32_11.4.0.202103011116/tools/bin/../lib/gcc/arm-none-eabi/10.2.1/../../../../arm-none-eabi/lib/thumb/v7-m/nofp\libcr_semihost.a(__sys_flen.o)
                                                  c:/nxp/mcuxpressoide_11.4.1_6260/ide/plugins/com.nxp.mcuxpresso.tools.win32_11.4.0.202103011116/tools/bin/../lib/gcc/arm-none-eabi/10.2.1/../../../../arm-none-eabi/lib/thumb/v7-m/nofp\libcr_c.a(fseek.o)
                                                  c:/nxp/mcuxpressoide_11.4.1_6260/ide/plugins/com.nxp.mcuxpresso.tools.win32_11.4.0.202103011116/tools/bin/../lib/gcc/arm-none-eabi/10.2.1/../../../../arm-none-eabi/lib/thumb/v7-m/nofp\libcr_c.a(_writebuf.o)
__sys_istty                                       c:/nxp/mcuxpressoide_11.4.1_6260/ide/plugins/com.nxp.mcuxpresso.tools.win32_11.4.0.202103011116/tools/bin/../lib/gcc/arm-none-eabi/10.2.1/../../../../arm-none-eabi/lib/thumb/v7-m/nofp\libcr_semihost.a(__sys_istty.o)
                                                  c:/nxp/mcuxpressoide_11.4.1_6260/ide/plugins/com.nxp.mcuxpresso.tools.win32_11.4.0.202103011116/tools/bin/../lib/gcc/arm-none-eabi/10.2.1/../../../../arm-none-eabi/lib/thumb/v7-m/nofp\libcr_c.a(fseek.o)
                                                  c:/nxp/mcuxpressoide_11.4.1_6260/ide/plugins/com.nxp.mcuxpresso.tools.win32_11.4.0.202103011116/tools/bin/../lib/gcc/arm-none-eabi/10.2.1/../../../../arm-none-eabi/lib/thumb/v7-m/nofp\libcr_c.a(_deferredlazyseek.o)
__sys_remove                                      c:/nxp/mcuxpressoide_11.4.1_6260/ide/plugins/com.nxp.mcuxpresso.tools.win32_11.4.0.202103011116/tools/bin/../lib/gcc/arm-none-eabi/10.2.1/../../../../arm-none-eabi/lib/thumb/v7-m/nofp\libcr_semihost.a(__sys_remove.o)
                                                  c:/nxp/mcuxpressoide_11.4.1_6260/ide/plugins/com.nxp.mcuxpresso.tools.win32_11.4.0.202103011116/tools/bin/../lib/gcc/arm-none-eabi/10.2.1/../../../../arm-none-eabi/lib/thumb/v7-m/nofp\libcr_c.a(remove.o)
__sys_rename                                      c:/nxp/mcuxpressoide_11.4.1_6260/ide/plugins/com.nxp.mcuxpresso.tools.win32_11.4.0.202103011116/tools/bin/../lib/gcc/arm-none-eabi/10.2.1/../../../../arm-none-eabi/lib/thumb/v7-m/nofp\libcr_semihost.a(__sys_rename.o)
                                                  c:/nxp/mcuxpressoide_11.4.1_6260/ide/plugins/com.nxp.mcuxpresso.tools.win32_11.4.0.202103011116/tools/bin/../lib/gcc/arm-none-eabi/10.2.1/../../../../arm-none-eabi/lib/thumb/v7-m/nofp\libcr_c.a(remove.o)
__sys_seek                                        c:/nxp/mcuxpressoide_11.4.1_6260/ide/plugins/com.nxp.mcuxpresso.tools.win32_11.4.0.202103011116/tools/bin/../lib/gcc/arm-none-eabi/10.2.1/../../../../arm-none-eabi/lib/thumb/v7-m/nofp\libcr_semihost.a(__sys_seek.o)
                                                  c:/nxp/mcuxpressoide_11.4.1_6260/ide/plugins/com.nxp.mcuxpresso.tools.win32_11.4.0.202103011116/tools/bin/../lib/gcc/arm-none-eabi/10.2.1/../../../../arm-none-eabi/lib/thumb/v7-m/nofp\libcr_c.a(_writebuf.o)
__sys_tmpnam                                      c:/nxp/mcuxpressoide_11.4.1_6260/ide/plugins/com.nxp.mcuxpresso.tools.win32_11.4.0.202103011116/tools/bin/../lib/gcc/arm-none-eabi/10.2.1/../../../../arm-none-eabi/lib/thumb/v7-m/nofp\libcr_semihost.a(__sys_tmpnam.o)
                                                  c:/nxp/mcuxpressoide_11.4.1_6260/ide/plugins/com.nxp.mcuxpresso.tools.win32_11.4.0.202103011116/tools/bin/../lib/gcc/arm-none-eabi/10.2.1/../../../../arm-none-eabi/lib/thumb/v7-m/nofp\libcr_c.a(fclose.o)
__sys_write                                       c:/nxp/mcuxpressoide_11.4.1_6260/ide/plugins/com.nxp.mcuxpresso.tools.win32_11.4.0.202103011116/tools/bin/../lib/gcc/arm-none-eabi/10.2.1/../../../../arm-none-eabi/lib/thumb/v7-m/nofp\libcr_semihost.a(__sys_write.o)
                                                  c:/nxp/mcuxpressoide_11.4.1_6260/ide/plugins/com.nxp.mcuxpresso.tools.win32_11.4.0.202103011116/tools/bin/../lib/gcc/arm-none-eabi/10.2.1/../../../../arm-none-eabi/lib/thumb/v7-m/nofp\libcr_c.a(alloc.o)
                                                  c:/nxp/mcuxpressoide_11.4.1_6260/ide/plugins/com.nxp.mcuxpresso.tools.win32_11.4.0.202103011116/tools/bin/../lib/gcc/arm-none-eabi/10.2.1/../../../../arm-none-eabi/lib/thumb/v7-m/nofp\libcr_c.a(_writebuf.o)
                                                  c:/nxp/mcuxpressoide_11.4.1_6260/ide/plugins/com.nxp.mcuxpresso.tools.win32_11.4.0.202103011116/tools/bin/../lib/gcc/arm-none-eabi/10.2.1/../../../../arm-none-eabi/lib/thumb/v7-m/nofp\libcr_c.a(printf.o)
                                                  c:/nxp/mcuxpressoide_11.4.1_6260/ide/plugins/com.nxp.mcuxpresso.tools.win32_11.4.0.202103011116/tools/bin/../lib/gcc/arm-none-eabi/10.2.1/../../../../arm-none-eabi/lib/thumb/v7-m/nofp\libcr_c.a(fpprintf.o)
__valid_user_code_checksum                        ./src/cr_startup_lpc175x_6x.o
__vfprintf                                        c:/nxp/mcuxpressoide_11.4.1_6260/ide/plugins/com.nxp.mcuxpresso.tools.win32_11.4.0.202103011116/tools/bin/../lib/gcc/arm-none-eabi/10.2.1/../../../../arm-none-eabi/lib/thumb/v7-m/nofp\libcr_c.a(printf.o)
                                                  c:/nxp/mcuxpressoide_11.4.1_6260/ide/plugins/com.nxp.mcuxpresso.tools.win32_11.4.0.202103011116/tools/bin/../lib/gcc/arm-none-eabi/10.2.1/../../../../arm-none-eabi/lib/thumb/v7-m/nofp\libcr_c.a(fpprintf.o)
_deferredlazyseek                                 c:/nxp/mcuxpressoide_11.4.1_6260/ide/plugins/com.nxp.mcuxpresso.tools.win32_11.4.0.202103011116/tools/bin/../lib/gcc/arm-none-eabi/10.2.1/../../../../arm-none-eabi/lib/thumb/v7-m/nofp\libcr_c.a(_deferredlazyseek.o)
                                                  c:/nxp/mcuxpressoide_11.4.1_6260/ide/plugins/com.nxp.mcuxpresso.tools.win32_11.4.0.202103011116/tools/bin/../lib/gcc/arm-none-eabi/10.2.1/../../../../arm-none-eabi/lib/thumb/v7-m/nofp\libcr_c.a(_do_fflush.o)
_do_fflush                                        c:/nxp/mcuxpressoide_11.4.1_6260/ide/plugins/com.nxp.mcuxpresso.tools.win32_11.4.0.202103011116/tools/bin/../lib/gcc/arm-none-eabi/10.2.1/../../../../arm-none-eabi/lib/thumb/v7-m/nofp\libcr_c.a(_do_fflush.o)
                                                  c:/nxp/mcuxpressoide_11.4.1_6260/ide/plugins/com.nxp.mcuxpresso.tools.win32_11.4.0.202103011116/tools/bin/../lib/gcc/arm-none-eabi/10.2.1/../../../../arm-none-eabi/lib/thumb/v7-m/nofp\libcr_c.a(fflush.o)
_fdopen                                           c:/nxp/mcuxpressoide_11.4.1_6260/ide/plugins/com.nxp.mcuxpresso.tools.win32_11.4.0.202103011116/tools/bin/../lib/gcc/arm-none-eabi/10.2.1/../../../../arm-none-eabi/lib/thumb/v7-m/nofp\libcr_c.a(_fdopen.o)
                                                  c:/nxp/mcuxpressoide_11.4.1_6260/ide/plugins/com.nxp.mcuxpresso.tools.win32_11.4.0.202103011116/tools/bin/../lib/gcc/arm-none-eabi/10.2.1/../../../../arm-none-eabi/lib/thumb/v7-m/nofp\libcr_c.a(initio.o)
_fflush                                           c:/nxp/mcuxpressoide_11.4.1_6260/ide/plugins/com.nxp.mcuxpresso.tools.win32_11.4.0.202103011116/tools/bin/../lib/gcc/arm-none-eabi/10.2.1/../../../../arm-none-eabi/lib/thumb/v7-m/nofp\libcr_c.a(_fflush.o)
                                                  c:/nxp/mcuxpressoide_11.4.1_6260/ide/plugins/com.nxp.mcuxpresso.tools.win32_11.4.0.202103011116/tools/bin/../lib/gcc/arm-none-eabi/10.2.1/../../../../arm-none-eabi/lib/thumb/v7-m/nofp\libcr_c.a(_do_fflush.o)
                                                  c:/nxp/mcuxpressoide_11.4.1_6260/ide/plugins/com.nxp.mcuxpresso.tools.win32_11.4.0.202103011116/tools/bin/../lib/gcc/arm-none-eabi/10.2.1/../../../../arm-none-eabi/lib/thumb/v7-m/nofp\libcr_c.a(_deferredlazyseek.o)
_fprintf                                          c:/nxp/mcuxpressoide_11.4.1_6260/ide/plugins/com.nxp.mcuxpresso.tools.win32_11.4.0.202103011116/tools/bin/../lib/gcc/arm-none-eabi/10.2.1/../../../../arm-none-eabi/lib/thumb/v7-m/nofp\libcr_c.a(printf.o)
_frexpl                                           c:/nxp/mcuxpressoide_11.4.1_6260/ide/plugins/com.nxp.mcuxpresso.tools.win32_11.4.0.202103011116/tools/bin/../lib/gcc/arm-none-eabi/10.2.1/../../../../arm-none-eabi/lib/thumb/v7-m/nofp\libcr_c.a(_frexpl.o)
                                                  c:/nxp/mcuxpressoide_11.4.1_6260/ide/plugins/com.nxp.mcuxpresso.tools.win32_11.4.0.202103011116/tools/bin/../lib/gcc/arm-none-eabi/10.2.1/../../../../arm-none-eabi/lib/thumb/v7-m/nofp\libcr_c.a(fpprintf.o)
_init_alloc                                       c:/nxp/mcuxpressoide_11.4.1_6260/ide/plugins/com.nxp.mcuxpresso.tools.win32_11.4.0.202103011116/tools/bin/../lib/gcc/arm-none-eabi/10.2.1/../../../../arm-none-eabi/lib/thumb/v7-m/nofp\libcr_c.a(__init_alloc.o)
_initio                                           c:/nxp/mcuxpressoide_11.4.1_6260/ide/plugins/com.nxp.mcuxpresso.tools.win32_11.4.0.202103011116/tools/bin/../lib/gcc/arm-none-eabi/10.2.1/../../../../arm-none-eabi/lib/thumb/v7-m/nofp\libcr_c.a(initio.o)
                                                  c:/nxp/mcuxpressoide_11.4.1_6260/ide/plugins/com.nxp.mcuxpresso.tools.win32_11.4.0.202103011116/tools/bin/../lib/gcc/arm-none-eabi/10.2.1/../../../../arm-none-eabi/lib/thumb/v7-m/nofp\libcr_semihost.a(_cr__main.o)
_ldexpl                                           c:/nxp/mcuxpressoide_11.4.1_6260/ide/plugins/com.nxp.mcuxpresso.tools.win32_11.4.0.202103011116/tools/bin/../lib/gcc/arm-none-eabi/10.2.1/../../../../arm-none-eabi/lib/thumb/v7-m/nofp\libcr_c.a(_ldexpl.o)