../src/App.c:3:6:updateTemperature	8	static
../src/App.c:11:6:updateScreen	24	static
../src/App.c:30:6:isKeyBeingPressed	8	static
../src/App.c:36:6:maintenancePressed	8	static
../src/App.c:60:6:shouldShowScreen	16	static
../src/App.c:70:8:getMaxTemperature	8	static
../src/App.c:78:8:getMinTemperature	8	static
../src/App.c:86:24:getTemperatureLimitStatus	8	static
../src/App.c:94:6:normalMode	8	static
../src/App.c:124:6:saveNewalarm	24	static
../src/App.c:146:6:alarmMode	16	static
../src/App.c:205:6:temperatureUnit	8	static
../src/App.c:244:6:temperatureLimits	16	static
../src/App.c:301:6:clampDate	16	static
../src/App.c:333:6:dateAndTime	32	static
../src/App.c:385:6:showAlarms	104	static
../src/App.c:438:6:handleMenu	16	static
../src/App.c:469:6:maintenanceMode	8	static
../src/App.c:493:6:init	16	static
../src/App.c:522:5:main	16	static
