../src/LAB_8.c:110:6:updateTemperature	8	static
../src/LAB_8.c:118:6:updateScreen	24	static
../src/LAB_8.c:135:6:isKeyBeingPressed	8	static
../src/LAB_8.c:141:6:maintenancePressed	8	static
../src/LAB_8.c:165:6:shouldShowScreen	16	static
../src/LAB_8.c:175:8:getMaxTemperature	8	static
../src/LAB_8.c:183:8:getMinTemperature	8	static
../src/LAB_8.c:191:24:getTemperatureLimitStatus	8	static
../src/LAB_8.c:199:6:normalMode	8	static
../src/LAB_8.c:229:6:saveNewalarm	24	static
../src/LAB_8.c:251:6:alarmMode	16	static
../src/LAB_8.c:310:6:temperatureUnit	8	static
../src/LAB_8.c:350:6:temperatureLimits	16	static
../src/LAB_8.c:408:6:clampDate	16	static
../src/LAB_8.c:440:6:dateAndTime	32	static
../src/LAB_8.c:493:6:showAlarms	104	static
../src/LAB_8.c:546:6:handleMenu	16	static
../src/LAB_8.c:577:6:maintenanceMode	8	static
../src/LAB_8.c:601:6:init	16	static
../src/LAB_8.c:630:5:main	16	static
