Archive member included to satisfy reference by file (symbol)

D:\University\Engineering\Ano 4\se1\HAL_SE1\Debug\libHAL_SE1.a(BMP.o)
                              ./src/LAB_8.o (getTempCelsius)
D:\University\Engineering\Ano 4\se1\HAL_SE1\Debug\libHAL_SE1.a(FLASH.o)
                              ./src/LAB_8.o (FLASH_Init)
D:\University\Engineering\Ano 4\se1\HAL_SE1\Debug\libHAL_SE1.a(KEYPAD.o)
                              ./src/LAB_8.o (KEYPAD_Init)
D:\University\Engineering\Ano 4\se1\HAL_SE1\Debug\libHAL_SE1.a(LCDText.o)
                              ./src/LAB_8.o (LCDText_Init)
D:\University\Engineering\Ano 4\se1\HAL_SE1\Debug\libHAL_SE1.a(RTC.o)
                              ./src/LAB_8.o (RTC_Init)
D:\University\Engineering\Ano 4\se1\HAL_SE1\Debug\libHAL_SE1.a(SPI.o)
                              D:\University\Engineering\Ano 4\se1\HAL_SE1\Debug\libHAL_SE1.a(BMP.o) (SPI_Init)
D:\University\Engineering\Ano 4\se1\HAL_SE1\Debug\libHAL_SE1.a(Wait.o)
                              ./src/LAB_8.o (WAIT_init)
D:\University\Engineering\Ano 4\se1\CMSIS_CORE_LPC17xx\Debug\libCMSIS_CORE_LPC17xx.a(system_LPC17xx.o)
                              D:\University\Engineering\Ano 4\se1\HAL_SE1\Debug\libHAL_SE1.a(Wait.o) (SystemCoreClockUpdate)
c:/nxp/mcuxpressoide_11.4.1_6260/ide/plugins/com.nxp.mcuxpresso.tools.win32_11.4.0.202103011116/tools/bin/../lib/gcc/arm-none-eabi/10.2.1/../../../../arm-none-eabi/lib/thumb/v7-m/nofp\libcr_semihost.a(_cr__main.o)
                              ./src/cr_startup_lpc175x_6x.o (__main)
c:/nxp/mcuxpressoide_11.4.1_6260/ide/plugins/com.nxp.mcuxpresso.tools.win32_11.4.0.202103011116/tools/bin/../lib/gcc/arm-none-eabi/10.2.1/../../../../arm-none-eabi/lib/thumb/v7-m/nofp\libcr_c.a(memcpy.o)
                              ./src/LAB_8.o (memcpy)
c:/nxp/mcuxpressoide_11.4.1_6260/ide/plugins/com.nxp.mcuxpresso.tools.win32_11.4.0.202103011116/tools/bin/../lib/gcc/arm-none-eabi/10.2.1/../../../../arm-none-eabi/lib/thumb/v7-m/nofp\libcr_c.a(memset.o)
                              D:\University\Engineering\Ano 4\se1\HAL_SE1\Debug\libHAL_SE1.a(FLASH.o) (memset)
c:/nxp/mcuxpressoide_11.4.1_6260/ide/plugins/com.nxp.mcuxpresso.tools.win32_11.4.0.202103011116/tools/bin/../lib/gcc/arm-none-eabi/10.2.1/../../../../arm-none-eabi/lib/thumb/v7-m/nofp\libcr_c.a(fpprintf.o)
                              D:\University\Engineering\Ano 4\se1\HAL_SE1\Debug\libHAL_SE1.a(LCDText.o) (vsprintf)
c:/nxp/mcuxpressoide_11.4.1_6260/ide/plugins/com.nxp.mcuxpresso.tools.win32_11.4.0.202103011116/tools/bin/../lib/gcc/arm-none-eabi/10.2.1/../../../../arm-none-eabi/lib/thumb/v7-m/nofp\libcr_c.a(initio.o)
                              c:/nxp/mcuxpressoide_11.4.1_6260/ide/plugins/com.nxp.mcuxpresso.tools.win32_11.4.0.202103011116/tools/bin/../lib/gcc/arm-none-eabi/10.2.1/../../../../arm-none-eabi/lib/thumb/v7-m/nofp\libcr_semihost.a(_cr__main.o) (_initio)
c:/nxp/mcuxpressoide_11.4.1_6260/ide/plugins/com.nxp.mcuxpresso.tools.win32_11.4.0.202103011116/tools/bin/../lib/gcc/arm-none-eabi/10.2.1/../../../../arm-none-eabi/lib/thumb/v7-m/nofp\libcr_c.a(printf.o)
                              c:/nxp/mcuxpressoide_11.4.1_6260/ide/plugins/com.nxp.mcuxpresso.tools.win32_11.4.0.202103011116/tools/bin/../lib/gcc/arm-none-eabi/10.2.1/../../../../arm-none-eabi/lib/thumb/v7-m/nofp\libcr_c.a(fpprintf.o) (__vfprintf)
c:/nxp/mcuxpressoide_11.4.1_6260/ide/plugins/com.nxp.mcuxpresso.tools.win32_11.4.0.202103011116/tools/bin/../lib/gcc/arm-none-eabi/10.2.1/../../../../arm-none-eabi/lib/thumb/v7-m/nofp\libcr_c.a(setvbuf.o)
                              c:/nxp/mcuxpressoide_11.4.1_6260/ide/plugins/com.nxp.mcuxpresso.tools.win32_11.4.0.202103011116/tools/bin/../lib/gcc/arm-none-eabi/10.2.1/../../../../arm-none-eabi/lib/thumb/v7-m/nofp\libcr_c.a(initio.o) (setvbuf)
c:/nxp/mcuxpressoide_11.4.1_6260/ide/plugins/com.nxp.mcuxpresso.tools.win32_11.4.0.202103011116/tools/bin/../lib/gcc/arm-none-eabi/10.2.1/../../../../arm-none-eabi/lib/thumb/v7-m/nofp\libcr_c.a(stdlib.o)
                              D:\University\Engineering\Ano 4\se1\HAL_SE1\Debug\libHAL_SE1.a(LCDText.o) (abs)
c:/nxp/mcuxpressoide_11.4.1_6260/ide/plugins/com.nxp.mcuxpresso.tools.win32_11.4.0.202103011116/tools/bin/../lib/gcc/arm-none-eabi/10.2.1/../../../../arm-none-eabi/lib/thumb/v7-m/nofp\libcr_c.a(strlen.o)
                              D:\University\Engineering\Ano 4\se1\HAL_SE1\Debug\libHAL_SE1.a(LCDText.o) (strlen)
c:/nxp/mcuxpressoide_11.4.1_6260/ide/plugins/com.nxp.mcuxpresso.tools.win32_11.4.0.202103011116/tools/bin/../lib/gcc/arm-none-eabi/10.2.1/../../../../arm-none-eabi/lib/thumb/v7-m/nofp\libcr_c.a(time.o)
                              D:\University\Engineering\Ano 4\se1\HAL_SE1\Debug\libHAL_SE1.a(RTC.o) (mktime)
c:/nxp/mcuxpressoide_11.4.1_6260/ide/plugins/com.nxp.mcuxpresso.tools.win32_11.4.0.202103011116/tools/bin/../lib/gcc/arm-none-eabi/10.2.1/../../../../arm-none-eabi/lib/thumb/v7-m/nofp\libcr_c.a(_deferredlazyseek.o)
[...]
Memory Configuration

Name             Origin             Length             Attributes
MFlash512        0x00000000         0x00080000         xr
RamLoc32         0x10000000         0x00008000         xrw
RamAHB32         0x2007c000         0x00008000         xrw
*default*        0x00000000         0xffffffff

Linker script and memory map

LOAD ./src/LAB_8.o
LOAD ./src/cr_startup_lpc175x_6x.o
LOAD ./src/crp.o
LOAD D:\University\Engineering\Ano 4\se1\HAL_SE1\Debug\libHAL_SE1.a
LOAD D:\University\Engineering\Ano 4\se1\CMSIS_CORE_LPC17xx\Debug\libCMSIS_CORE_LPC17xx.a
START GROUP
LOAD c:/nxp/mcuxpressoide_11.4.1_6260/ide/plugins/com.nxp.mcuxpresso.tools.win32_11.4.0.202103011116/tools/bin/../lib/gcc/arm-none-eabi/10.2.1/../../../../arm-none-eabi/lib/thumb/v7-m/nofp\libcr_semihost.a
LOAD c:/nxp/mcuxpressoide_11.4.1_6260/ide/plugins/com.nxp.mcuxpresso.tools.win32_11.4.0.202103011116/tools/bin/../lib/gcc/arm-none-eabi/10.2.1/../../../../arm-none-eabi/lib/thumb/v7-m/nofp\libcr_c.a
LOAD c:/nxp/mcuxpressoide_11.4.1_6260/ide/plugins/com.nxp.mcuxpresso.tools.win32_11.4.0.202103011116/tools/bin/../lib/gcc/arm-none-eabi/10.2.1/thumb/v7-m/nofp\libcr_eabihelpers.a
LOAD c:/nxp/mcuxpressoide_11.4.1_6260/ide/plugins/com.nxp.mcuxpresso.tools.win32_11.4.0.202103011116/tools/bin/../lib/gcc/arm-none-eabi/10.2.1/thumb/v7-m/nofp\libgcc.a
END GROUP
                0x00000000                __base_MFlash512 = 0x0
                0x00000000                __base_Flash = 0x0
                0x00080000                __top_MFlash512 = 0x80000
                0x00080000                __top_Flash = 0x80000
                0x10000000                __base_RamLoc32 = 0x10000000
                0x10000000                __base_RAM = 0x10000000
                0x10008000                __top_RamLoc32 = 0x10008000
                0x10008000                __top_RAM = 0x10008000
                0x2007c000                __base_RamAHB32 = 0x2007c000
                0x2007c000                __base_RAM2 = 0x2007c000
                0x20084000                __top_RamAHB32 = 0x20084000
                0x20084000                __top_RAM2 = 0x20084000

.text           0x00000000     0x4e7c
 FILL mask 0xff
                0x00000000                __vectors_start__ = ABSOLUTE (.)
 *(.isr_vector)
 .isr_vector    0x00000000       0xcc ./src/cr_startup_lpc175x_6x.o
                0x00000000                g_pfnVectors
                0x000000cc                . = ALIGN (0x4)
                0x000000cc                __section_table_start = .
                0x000000cc                __data_section_table = .
                0x000000cc        0x4 LONG 0x4e7c LOADADDR (.data)
                0x000000d0        0x4 LONG 0x10000000 ADDR (.data)
                0x000000d4        0x4 LONG 0xcc SIZEOF (.data)
                0x000000d8        0x4 LONG 0x4e7c LOADADDR (.data_RAM2)
                0x000000dc        0x4 LONG 0x2007c000 ADDR (.data_RAM2)
                0x000000e0        0x4 LONG 0x0 SIZEOF (.data_RAM2)
                0x000000e4                __data_section_table_end = .
                0x000000e4                __bss_section_table = .
                0x000000e4        0x4 LONG 0x100000d0 ADDR (.bss)
                0x000000e8        0x4 LONG 0x1358 SIZEOF (.bss)
                0x000000ec        0x4 LONG 0x2007c000 ADDR (.bss_RAM2)
                0x000000f0        0x4 LONG 0x0 SIZEOF (.bss_RAM2)
                0x000000f4                __bss_section_table_end = .
                0x000000f4                __section_table_end = .
 *(.after_vectors*)
 .after_vectors
                0x000000f4      0x130 ./src/cr_startup_lpc175x_6x.o
                0x000000f4                data_init
                0x00000138                bss_init
                0x00000170                ResetISR
                0x000001e8                NMI_Handler
                0x000001ee                HardFault_Handler
                0x000001f4                MemManage_Handler
                0x000001fa                BusFault_Handler
                0x00000200                UsageFault_Handler
                0x00000206                SVC_Handler
                0x0000020c                DebugMon_Handler
                0x00000212                PendSV_Handler
                0x0000021e                UART1_IRQHandler
                0x0000021e                EINT3_IRQHandler
                0x0000021e                CANActivity_IRQHandler
                0x0000021e                TIMER3_IRQHandler
                0x0000021e                UART0_IRQHandler
                0x0000021e                USBActivity_IRQHandler
                0x0000021e                EINT2_IRQHandler
                0x0000021e                IntDefaultHandler
                0x0000021e                PLL0_IRQHandler
                0x0000021e                I2C0_IRQHandler
                0x0000021e                PLL1_IRQHandler
                0x0000021e                I2C1_IRQHandler
                0x0000021e                I2S_IRQHandler
                0x0000021e                I2C2_IRQHandler
                0x0000021e                RTC_IRQHandler
                0x0000021e                SPI_IRQHandler
                0x0000021e                RIT_IRQHandler
                0x0000021e                EINT1_IRQHandler
                0x0000021e                TIMER1_IRQHandler
                0x0000021e                UART2_IRQHandler
                0x0000021e                ADC_IRQHandler
                0x0000021e                SSP1_IRQHandler
                0x0000021e                USB_IRQHandler
                0x0000021e                BOD_IRQHandler
                0x0000021e                PWM1_IRQHandler
                0x0000021e                WDT_IRQHandler
                0x0000021e                SSP0_IRQHandler
                0x0000021e                QEI_IRQHandler
                0x0000021e                EINT0_IRQHandler
                0x0000021e                CAN_IRQHandler
                0x0000021e                DMA_IRQHandler
                0x0000021e                TIMER2_IRQHandler
                0x0000021e                UART3_IRQHandler
                0x0000021e                MCPWM_IRQHandler
                0x0000021e                ENET_IRQHandler
                0x000002fc                . = 0x2fc
 *fill*         0x00000224       0xd8 ff
                0x000002fc                PROVIDE (__CRP_WORD_START__ = .)
 *(.crp)
 .crp           0x000002fc        0x4 ./src/crp.o
                0x000002fc                CRP_WORD
                0x00000300                PROVIDE (__CRP_WORD_END__ = .)
                0x00000001                ASSERT (! ((__CRP_WORD_START__ == __CRP_WORD_END__)), Linker CRP Enabled, but no CRP_WORD provided within application)
 *(.text*)
 .text.updateTemperature
                0x00000300       0x38 ./src/LAB_8.o
                0x00000300                updateTemperature
 .text.updateScreen
                0x00000338       0xc4 ./src/LAB_8.o
                0x00000338                updateScreen
 .text.isKeyBeingPressed
                0x000003fc       0x50 ./src/LAB_8.o
                0x000003fc                isKeyBeingPressed
 .text.maintenancePressed
                0x0000044c       0x88 ./src/LAB_8.o
                0x0000044c                maintenancePressed
 .text.shouldShowScreen
                0x000004d4       0x4c ./src/LAB_8.o
                0x000004d4                shouldShowScreen
 .text.getMaxTemperature
                0x00000520       0x68 ./src/LAB_8.o
                0x00000520                getMaxTemperature
 .text.getMinTemperature
                0x00000588       0x68 ./src/LAB_8.o
                0x00000588                getMinTemperature
 .text.getTemperatureLimitStatus
                0x000005f0       0x40 ./src/LAB_8.o
                0x000005f0                getTemperatureLimitStatus
 .text.normalMode
                0x00000630       0x8c ./src/LAB_8.o
                0x00000630                normalMode
 .text.saveNewalarm
                0x000006bc       0xb0 ./src/LAB_8.o
                0x000006bc                saveNewalarm
 .text.alarmMode
                0x0000076c      0x128 ./src/LAB_8.o
                0x0000076c                alarmMode
 .text.temperatureUnit
                0x00000894      0x118 ./src/LAB_8.o
                0x00000894                temperatureUnit
 *fill*         0x000009ac        0x4 ff
 .text.temperatureLimits
                0x000009b0      0x1fc ./src/LAB_8.o
                0x000009b0                temperatureLimits
 .text.clampDate
                0x00000bac       0xf0 ./src/LAB_8.o
                0x00000bac                clampDate
 .text.dateAndTime
                0x00000c9c      0x168 ./src/LAB_8.o
                0x00000c9c                dateAndTime
 .text.showAlarms
                0x00000e04      0x18c ./src/LAB_8.o
                0x00000e04                showAlarms
 .text.handleMenu
                0x00000f90       0xf4 ./src/LAB_8.o
                0x00000f90                handleMenu
 .text.maintenanceMode
                0x00001084       0xa4 ./src/LAB_8.o
                0x00001084                maintenanceMode
 .text.init     0x00001128       0xbc ./src/LAB_8.o
                0x00001128                init
 .text.main     0x000011e4       0x60 ./src/LAB_8.o
                0x000011e4                main
 .text.getTempCelsius
                0x00001244      0x1ac D:\University\Engineering\Ano 4\se1\HAL_SE1\Debug\libHAL_SE1.a(BMP.o)
                0x00001244                getTempCelsius
 .text.getTempFahrenheit
                0x000013f0       0x4c D:\University\Engineering\Ano 4\se1\HAL_SE1\Debug\libHAL_SE1.a(BMP.o)
                0x000013f0                getTempFahrenheit
 .text.SetReg8  0x0000143c       0x58 D:\University\Engineering\Ano 4\se1\HAL_SE1\Debug\libHAL_SE1.a(BMP.o)
                0x0000143c                SetReg8
 .text.GetReg16
                0x00001494       0x6c D:\University\Engineering\Ano 4\se1\HAL_SE1\Debug\libHAL_SE1.a(BMP.o)
                0x00001494                GetReg16
 .text.GetReg8  0x00001500       0x58 D:\University\Engineering\Ano 4\se1\HAL_SE1\Debug\libHAL_SE1.a(BMP.o)
                0x00001500                GetReg8
 .text.BMP_Init
                0x00001558       0x64 D:\University\Engineering\Ano 4\se1\HAL_SE1\Debug\libHAL_SE1.a(BMP.o)
                0x00001558                BMP_Init
 .text.FLASH_Init
                0x000015bc       0x1c D:\University\Engineering\Ano 4\se1\HAL_SE1\Debug\libHAL_SE1.a(FLASH.o)
                0x000015bc                FLASH_Init
 .text.FLASH_EraseSector
                0x000015d8       0x60 D:\University\Engineering\Ano 4\se1\HAL_SE1\Debug\libHAL_SE1.a(FLASH.o)
                0x000015d8                FLASH_EraseSector
 .text.FLASH_WriteData
                0x00001638       0x8c D:\University\Engineering\Ano 4\se1\HAL_SE1\Debug\libHAL_SE1.a(FLASH.o)
                0x00001638                FLASH_WriteData
 .text._FLASH_PrepareSectorForWrite
                0x000016c4       0x44 D:\University\Engineering\Ano 4\se1\HAL_SE1\Debug\libHAL_SE1.a(FLASH.o)
                0x000016c4                _FLASH_PrepareSectorForWrite
 .text._FLASH_ClearCommandsAndOutput
                0x00001708       0x24 D:\University\Engineering\Ano 4\se1\HAL_SE1\Debug\libHAL_SE1.a(FLASH.o)
                0x00001708                _FLASH_ClearCommandsAndOutput
 .text._FLASH_GetSector
                0x0000172c       0x46 D:\University\Engineering\Ano 4\se1\HAL_SE1\Debug\libHAL_SE1.a(FLASH.o)
                0x0000172c                _FLASH_GetSector
 *fill*         0x00001772        0x2 ff
 .text.FLASH_VerifyData
                0x00001774       0x4c D:\University\Engineering\Ano 4\se1\HAL_SE1\Debug\libHAL_SE1.a(FLASH.o)
                0x00001774                FLASH_VerifyData
 .text.KEYPAD_Init
                0x000017c0       0x58 D:\University\Engineering\Ano 4\se1\HAL_SE1\Debug\libHAL_SE1.a(KEYPAD.o)
                0x000017c0                KEYPAD_Init
 .text.KEYPAD_Read
                0x00001818       0x8c D:\University\Engineering\Ano 4\se1\HAL_SE1\Debug\libHAL_SE1.a(KEYPAD.o)
                0x00001818                KEYPAD_Read
 .text.isKeyPressed
                0x000018a4       0x50 D:\University\Engineering\Ano 4\se1\HAL_SE1\Debug\libHAL_SE1.a(KEYPAD.o)
                0x000018a4                isKeyPressed
 .text.isKeyDown
                0x000018f4       0x74 D:\University\Engineering\Ano 4\se1\HAL_SE1\Debug\libHAL_SE1.a(KEYPAD.o)
                0x000018f4                isKeyDown
 .text.isKeyUp  0x00001968       0x74 D:\University\Engineering\Ano 4\se1\HAL_SE1\Debug\libHAL_SE1.a(KEYPAD.o)
                0x00001968                isKeyUp
 .text.updateKeys
                0x000019dc       0x18 D:\University\Engineering\Ano 4\se1\HAL_SE1\Debug\libHAL_SE1.a(KEYPAD.o)
                0x000019dc                updateKeys
 .text.LCDText_Init
                0x000019f4       0xc4 D:\University\Engineering\Ano 4\se1\HAL_SE1\Debug\libHAL_SE1.a(LCDText.o)
                0x000019f4                LCDText_Init
 .text.LCDText_SetCursor
                0x00001ab8       0xd4 D:\University\Engineering\Ano 4\se1\HAL_SE1\Debug\libHAL_SE1.a(LCDText.o)
                0x00001ab8                LCDText_SetCursor
 .text.PULSE_ENABLE
                0x00001b8c       0x30 D:\University\Engineering\Ano 4\se1\HAL_SE1\Debug\libHAL_SE1.a(LCDText.o)
                0x00001b8c                PULSE_ENABLE
 .text.__LCD_Write9Bits
                0x00001bbc       0x38 D:\University\Engineering\Ano 4\se1\HAL_SE1\Debug\libHAL_SE1.a(LCDText.o)
                0x00001bbc                __LCD_Write9Bits
 .text.__LCD_Write5Bits
                0x00001bf4       0x50 D:\University\Engineering\Ano 4\se1\HAL_SE1\Debug\libHAL_SE1.a(LCDText.o)
                0x00001bf4                __LCD_Write5Bits
 .text.LCDText_WriteChar
                0x00001c44       0x60 D:\University\Engineering\Ano 4\se1\HAL_SE1\Debug\libHAL_SE1.a(LCDText.o)
                0x00001c44                LCDText_WriteChar
 .text.LCDText_Printf
                0x00001ca4       0x34 D:\University\Engineering\Ano 4\se1\HAL_SE1\Debug\libHAL_SE1.a(LCDText.o)
                0x00001ca4                LCDText_Printf
 .text.LCDText_WriteString
                0x00001cd8       0x3a D:\University\Engineering\Ano 4\se1\HAL_SE1\Debug\libHAL_SE1.a(LCDText.o)
                0x00001cd8                LCDText_WriteString
 *fill*         0x00001d12        0x2 ff
 .text.LCDText_GetStatus
                0x00001d14       0x14 D:\University\Engineering\Ano 4\se1\HAL_SE1\Debug\libHAL_SE1.a(LCDText.o)
                0x00001d14                LCDText_GetStatus
 .text.LCDText_SetStatus
                0x00001d28       0x38 D:\University\Engineering\Ano 4\se1\HAL_SE1\Debug\libHAL_SE1.a(LCDText.o)
                0x00001d28                LCDText_SetStatus
 .text.LCDText_Clear
                0x00001d60       0x2c D:\University\Engineering\Ano 4\se1\HAL_SE1\Debug\libHAL_SE1.a(LCDText.o)
                0x00001d60                LCDText_Clear
 .text.RTC_Init
                0x00001d8c       0x44 D:\University\Engineering\Ano 4\se1\HAL_SE1\Debug\libHAL_SE1.a(RTC.o)
                0x00001d8c                RTC_Init
 .text.RTC_GetValue
                0x00001dd0       0x68 D:\University\Engineering\Ano 4\se1\HAL_SE1\Debug\libHAL_SE1.a(RTC.o)
                0x00001dd0                RTC_GetValue
 .text.RTC_SetValue
                0x00001e38       0x5c D:\University\Engineering\Ano 4\se1\HAL_SE1\Debug\libHAL_SE1.a(RTC.o)
                0x00001e38                RTC_SetValue
 .text.RTC_SetSeconds
                0x00001e94       0x36 D:\University\Engineering\Ano 4\se1\HAL_SE1\Debug\libHAL_SE1.a(RTC.o)
                0x00001e94                RTC_SetSeconds
 *fill*         0x00001eca        0x2 ff
 .text.spi_GetPclk
                0x00001ecc       0x6c D:\University\Engineering\Ano 4\se1\HAL_SE1\Debug\libHAL_SE1.a(SPI.o)
 .text.SPI_Init
                0x00001f38       0x98 D:\University\Engineering\Ano 4\se1\HAL_SE1\Debug\libHAL_SE1.a(SPI.o)
                0x00001f38                SPI_Init
 .text.SPI_ConfigTransfer
                0x00001fd0       0x6c D:\University\Engineering\Ano 4\se1\HAL_SE1\Debug\libHAL_SE1.a(SPI.o)
                0x00001fd0                SPI_ConfigTransfer
 .text.SPI_Transfer
                0x0000203c       0x64 D:\University\Engineering\Ano 4\se1\HAL_SE1\Debug\libHAL_SE1.a(SPI.o)
                0x0000203c                SPI_Transfer
 .text.NVIC_EnableIRQ
                0x000020a0       0x30 D:\University\Engineering\Ano 4\se1\HAL_SE1\Debug\libHAL_SE1.a(Wait.o)
 .text.NVIC_SetPriority
                0x000020d0       0x54 D:\University\Engineering\Ano 4\se1\HAL_SE1\Debug\libHAL_SE1.a(Wait.o)
 .text.SysTick_Config
                0x00002124       0x44 D:\University\Engineering\Ano 4\se1\HAL_SE1\Debug\libHAL_SE1.a(Wait.o)
 .text.WAIT_init
                0x00002168       0x34 D:\University\Engineering\Ano 4\se1\HAL_SE1\Debug\libHAL_SE1.a(Wait.o)
                0x00002168                WAIT_init
 .text.SysTick_Handler
                0x0000219c       0x1c D:\University\Engineering\Ano 4\se1\HAL_SE1\Debug\libHAL_SE1.a(Wait.o)
                0x0000219c                SysTick_Handler
 .text.WAIT_GetElapsedMillis
                0x000021b8       0x20 D:\University\Engineering\Ano 4\se1\HAL_SE1\Debug\libHAL_SE1.a(Wait.o)
                0x000021b8                WAIT_GetElapsedMillis
 .text.WAIT_ChronosInit
                0x000021d8       0x60 D:\University\Engineering\Ano 4\se1\HAL_SE1\Debug\libHAL_SE1.a(Wait.o)
                0x000021d8                WAIT_ChronosInit
 .text.WAIT_ChronoUs
                0x00002238       0x44 D:\University\Engineering\Ano 4\se1\HAL_SE1\Debug\libHAL_SE1.a(Wait.o)
                0x00002238                WAIT_ChronoUs
 .text.TIMER0_IRQHandler
                0x0000227c       0x28 D:\University\Engineering\Ano 4\se1\HAL_SE1\Debug\libHAL_SE1.a(Wait.o)
                0x0000227c                TIMER0_IRQHandler
 .text.SystemCoreClockUpdate
                0x000022a4       0xb8 D:\University\Engineering\Ano 4\se1\CMSIS_CORE_LPC17xx\Debug\libCMSIS_CORE_LPC17xx.a(system_LPC17xx.o)
                0x000022a4                SystemCoreClockUpdate
 .text.SystemInit
                0x0000235c       0xd8 D:\University\Engineering\Ano 4\se1\CMSIS_CORE_LPC17xx\Debug\libCMSIS_CORE_LPC17xx.a(system_LPC17xx.o)
                0x0000235c                SystemInit
 .text.__main   0x00002434        0xe c:/nxp/mcuxpressoide_11.4.1_6260/ide/plugins/com.nxp.mcuxpresso.tools.win32_11.4.0.202103011116/tools/bin/../lib/gcc/arm-none-eabi/10.2.1/../../../../arm-none-eabi/lib/thumb/v7-m/nofp\libcr_semihost.a(_cr__main.o)
                0x00002434                __CR_SEMIHOST
                0x00002434                __main
 .text.memcpy   0x00002442        0x4 c:/nxp/mcuxpressoide_11.4.1_6260/ide/plugins/com.nxp.mcuxpresso.tools.win32_11.4.0.202103011116/tools/bin/../lib/gcc/arm-none-eabi/10.2.1/../../../../arm-none-eabi/lib/thumb/v7-m/nofp\libcr_c.a(memcpy.o)
                0x00002442                memcpy
 .text.memset   0x00002446        0x4 c:/nxp/mcuxpressoide_11.4.1_6260/ide/plugins/com.nxp.mcuxpresso.tools.win32_11.4.0.202103011116/tools/bin/../lib/gcc/arm-none-eabi/10.2.1/../../../../arm-none-eabi/lib/thumb/v7-m/nofp\libcr_c.a(memset.o)
                0x00002446                memset
 .text.fp_round
                0x0000244a       0x4c c:/nxp/mcuxpressoide_11.4.1_6260/ide/plugins/com.nxp.mcuxpresso.tools.win32_11.4.0.202103011116/tools/bin/../lib/gcc/arm-none-eabi/10.2.1/../../../../arm-none-eabi/lib/thumb/v7-m/nofp\libcr_c.a(fpprintf.o)
 .text.pr_dec.constprop.0
                0x00002496       0x26 c:/nxp/mcuxpressoide_11.4.1_6260/ide/plugins/com.nxp.mcuxpresso.tools.win32_11.4.0.202103011116/tools/bin/../lib/gcc/arm-none-eabi/10.2.1/../../../../arm-none-eabi/lib/thumb/v7-m/nofp\libcr_c.a(fpprintf.o)
 .text.sprintf  0x000024bc       0x6c c:/nxp/mcuxpressoide_11.4.1_6260/ide/plugins/com.nxp.mcuxpresso.tools.win32_11.4.0.202103011116/tools/bin/../lib/gcc/arm-none-eabi/10.2.1/../../../../arm-none-eabi/lib/thumb/v7-m/nofp\libcr_c.a(fpprintf.o)
                0x000024bc                sprintf
 .text.fp_display
                0x00002528      0x950 c:/nxp/mcuxpressoide_11.4.1_6260/ide/plugins/com.nxp.mcuxpresso.tools.win32_11.4.0.202103011116/tools/bin/../lib/gcc/arm-none-eabi/10.2.1/../../../../arm-none-eabi/lib/thumb/v7-m/nofp\libcr_c.a(fpprintf.o)
 .text.vsprintf
                0x00002e78       0x5c c:/nxp/mcuxpressoide_11.4.1_6260/ide/plugins/com.nxp.mcuxpresso.tools.win32_11.4.0.202103011116/tools/bin/../lib/gcc/arm-none-eabi/10.2.1/../../../../arm-none-eabi/lib/thumb/v7-m/nofp\libcr_c.a(fpprintf.o)
                0x00002e78                vsprintf
 .text._initio  0x00002ed4       0x78 c:/nxp/mcuxpressoide_11.4.1_6260/ide/plugins/com.nxp.mcuxpresso.tools.win32_11.4.0.202103011116/tools/bin/../lib/gcc/arm-none-eabi/10.2.1/../../../../arm-none-eabi/lib/thumb/v7-m/nofp\libcr_c.a(initio.o)
                0x00002ed4                _initio
 .text.__vfprintf
                0x00002f4c      0xbe4 c:/nxp/mcuxpressoide_11.4.1_6260/ide/plugins/com.nxp.mcuxpresso.tools.win32_11.4.0.202103011116/tools/bin/../lib/gcc/arm-none-eabi/10.2.1/../../../../arm-none-eabi/lib/thumb/v7-m/nofp\libcr_c.a(printf.o)
                0x00002f4c                __vfprintf
 .text.setvbuf  0x00003b30       0x3e c:/nxp/mcuxpressoide_11.4.1_6260/ide/plugins/com.nxp.mcuxpresso.tools.win32_11.4.0.202103011116/tools/bin/../lib/gcc/arm-none-eabi/10.2.1/../../../../arm-none-eabi/lib/thumb/v7-m/nofp\libcr_c.a(setvbuf.o)
                0x00003b30                setvbuf
 .text.abs      0x00003b6e        0x8 c:/nxp/mcuxpressoide_11.4.1_6260/ide/plugins/com.nxp.mcuxpresso.tools.win32_11.4.0.202103011116/tools/bin/../lib/gcc/arm-none-eabi/10.2.1/../../../../arm-none-eabi/lib/thumb/v7-m/nofp\libcr_c.a(stdlib.o)
                0x00003b6e                abs
 .text.strlen   0x00003b76       0x48 c:/nxp/mcuxpressoide_11.4.1_6260/ide/plugins/com.nxp.mcuxpresso.tools.win32_11.4.0.202103011116/tools/bin/../lib/gcc/arm-none-eabi/10.2.1/../../../../arm-none-eabi/lib/thumb/v7-m/nofp\libcr_c.a(strlen.o)
                0x00003b76                strlen
 *fill*         0x00003bbe        0x2 ff
 .text.localtime
                0x00003bc0       0xb0 c:/nxp/mcuxpressoide_11.4.1_6260/ide/plugins/com.nxp.mcuxpresso.tools.win32_11.4.0.202103011116/tools/bin/../lib/gcc/arm-none-eabi/10.2.1/../../../../arm-none-eabi/lib/thumb/v7-m/nofp\libcr_c.a(time.o)
                0x00003bc0                localtime
 .text._deferredlazyseek
                0x00003c70       0x40 c:/nxp/mcuxpressoide_11.4.1_6260/ide/plugins/com.nxp.mcuxpresso.tools.win32_11.4.0.202103011116/tools/bin/../lib/gcc/arm-none-eabi/10.2.1/../../../../arm-none-eabi/lib/thumb/v7-m/nofp\libcr_c.a(_deferredlazyseek.o)
                0x00003c70                _deferredlazyseek
 .text.__flsbuf
                0x00003cb0      0x140 c:/nxp/mcuxpressoide_11.4.1_6260/ide/plugins/com.nxp.mcuxpresso.tools.win32_11.4.0.202103011116/tools/bin/../lib/gcc/arm-none-eabi/10.2.1/../../../../arm-none-eabi/lib/thumb/v7-m/nofp\libcr_c.a(_deferredlazyseek.o)
                0x00003cb0                __flsbuf
 .text._fdopen  0x00003df0       0x68 c:/nxp/mcuxpressoide_11.4.1_6260/ide/plugins/com.nxp.mcuxpresso.tools.win32_11.4.0.202103011116/tools/bin/../lib/gcc/arm-none-eabi/10.2.1/../../../../arm-none-eabi/lib/thumb/v7-m/nofp\libcr_c.a(_fdopen.o)
                0x00003df0                _fdopen
 .text._fflush  0x00003e58       0x52 c:/nxp/mcuxpressoide_11.4.1_6260/ide/plugins/com.nxp.mcuxpresso.tools.win32_11.4.0.202103011116/tools/bin/../lib/gcc/arm-none-eabi/10.2.1/../../../../arm-none-eabi/lib/thumb/v7-m/nofp\libcr_c.a(_fflush.o)
                0x00003e58                _fflush
 .text._frexpl  0x00003eaa       0x56 c:/nxp/mcuxpressoide_11.4.1_6260/ide/plugins/com.nxp.mcuxpresso.tools.win32_11.4.0.202103011116/tools/bin/../lib/gcc/arm-none-eabi/10.2.1/../../../../arm-none-eabi/lib/thumb/v7-m/nofp\libcr_c.a(_frexpl.o)
                0x00003eaa                _frexpl
 .text._ldexpl  0x00003f00       0x48 c:/nxp/mcuxpressoide_11.4.1_6260/ide/plugins/com.nxp.mcuxpresso.tools.win32_11.4.0.202103011116/tools/bin/../lib/gcc/arm-none-eabi/10.2.1/../../../../arm-none-eabi/lib/thumb/v7-m/nofp\libcr_c.a(_ldexpl.o)
                0x00003f00                _ldexpl
 .text._Cwritebuf
                0x00003f48       0x6c c:/nxp/mcuxpressoide_11.4.1_6260/ide/plugins/com.nxp.mcuxpresso.tools.win32_11.4.0.202103011116/tools/bin/../lib/gcc/arm-none-eabi/10.2.1/../../../../arm-none-eabi/lib/thumb/v7-m/nofp\libcr_c.a(_writebuf.o)
                0x00003f48                _Cwritebuf
 .text.malloc   0x00003fb4       0xc8 c:/nxp/mcuxpressoide_11.4.1_6260/ide/plugins/com.nxp.mcuxpresso.tools.win32_11.4.0.202103011116/tools/bin/../lib/gcc/arm-none-eabi/10.2.1/../../../../arm-none-eabi/lib/thumb/v7-m/nofp\libcr_c.a(alloc.o)
                0x00003fb4                malloc
 .text.free     0x0000407c       0x30 c:/nxp/mcuxpressoide_11.4.1_6260/ide/plugins/com.nxp.mcuxpresso.tools.win32_11.4.0.202103011116/tools/bin/../lib/gcc/arm-none-eabi/10.2.1/../../../../arm-none-eabi/lib/thumb/v7-m/nofp\libcr_c.a(alloc.o)
                0x0000407c                free
 .text._Csys_alloc
                0x000040ac       0x20 c:/nxp/mcuxpressoide_11.4.1_6260/ide/plugins/com.nxp.mcuxpresso.tools.win32_11.4.0.202103011116/tools/bin/../lib/gcc/arm-none-eabi/10.2.1/../../../../arm-none-eabi/lib/thumb/v7-m/nofp\libcr_c.a(alloc.o)
                0x000040ac                _Csys_alloc
 .text.fclose   0x000040cc       0x58 c:/nxp/mcuxpressoide_11.4.1_6260/ide/plugins/com.nxp.mcuxpresso.tools.win32_11.4.0.202103011116/tools/bin/../lib/gcc/arm-none-eabi/10.2.1/../../../../arm-none-eabi/lib/thumb/v7-m/nofp\libcr_c.a(fclose.o)
                0x000040cc                fclose
 .text.fflush   0x00004124       0x3c c:/nxp/mcuxpressoide_11.4.1_6260/ide/plugins/com.nxp.mcuxpresso.tools.win32_11.4.0.202103011116/tools/bin/../lib/gcc/arm-none-eabi/10.2.1/../../../../arm-none-eabi/lib/thumb/v7-m/nofp\libcr_c.a(fflush.o)
                0x00004124                fflush
 .text.fseek    0x00004160       0xfc c:/nxp/mcuxpressoide_11.4.1_6260/ide/plugins/com.nxp.mcuxpresso.tools.win32_11.4.0.202103011116/tools/bin/../lib/gcc/arm-none-eabi/10.2.1/../../../../arm-none-eabi/lib/thumb/v7-m/nofp\libcr_c.a(fseek.o)
                0x00004160                fseek
 .text.ftell    0x0000425c       0x44 c:/nxp/mcuxpressoide_11.4.1_6260/ide/plugins/com.nxp.mcuxpresso.tools.win32_11.4.0.202103011116/tools/bin/../lib/gcc/arm-none-eabi/10.2.1/../../../../arm-none-eabi/lib/thumb/v7-m/nofp\libcr_c.a(ftell.o)
                0x0000425c                ftell
 .text.remove   0x000042a0       0x14 c:/nxp/mcuxpressoide_11.4.1_6260/ide/plugins/com.nxp.mcuxpresso.tools.win32_11.4.0.202103011116/tools/bin/../lib/gcc/arm-none-eabi/10.2.1/../../../../arm-none-eabi/lib/thumb/v7-m/nofp\libcr_c.a(remove.o)
                0x000042a0                remove
 .text._sbrk    0x000042b4       0x3c c:/nxp/mcuxpressoide_11.4.1_6260/ide/plugins/com.nxp.mcuxpresso.tools.win32_11.4.0.202103011116/tools/bin/../lib/gcc/arm-none-eabi/10.2.1/../../../../arm-none-eabi/lib/thumb/v7-m/nofp\libcr_c.a(_cr_sbrk.o)
                0x000042b4                _sbrk
 .text._do_fflush
                0x000042f0       0x40 c:/nxp/mcuxpressoide_11.4.1_6260/ide/plugins/com.nxp.mcuxpresso.tools.win32_11.4.0.202103011116/tools/bin/../lib/gcc/arm-none-eabi/10.2.1/../../../../arm-none-eabi/lib/thumb/v7-m/nofp\libcr_c.a(_do_fflush.o)
                0x000042f0                _do_fflush
 .text.__check_heap_overflow
                0x00004330       0x14 c:/nxp/mcuxpressoide_11.4.1_6260/ide/plugins/com.nxp.mcuxpresso.tools.win32_11.4.0.202103011116/tools/bin/../lib/gcc/arm-none-eabi/10.2.1/../../../../arm-none-eabi/lib/thumb/v7-m/nofp\libcr_c.a(_cr_check_heap.o)
                0x00004330                __check_heap_overflow
 .text.__aeabi_division_uldivmod
                0x00004344      0x174 c:/nxp/mcuxpressoide_11.4.1_6260/ide/plugins/com.nxp.mcuxpresso.tools.win32_11.4.0.202103011116/tools/bin/../lib/gcc/arm-none-eabi/10.2.1/thumb/v7-m/nofp\libcr_eabihelpers.a(division_64.o)
                0x00004344                __aeabi_uldivmod
                0x00004348                __bhs_ldivmod1
 .text.__aeabi_division_idiv0
                0x000044b8        0x2 c:/nxp/mcuxpressoide_11.4.1_6260/ide/plugins/com.nxp.mcuxpresso.tools.win32_11.4.0.202103011116/tools/bin/../lib/gcc/arm-none-eabi/10.2.1/thumb/v7-m/nofp\libcr_eabihelpers.a(division_idiv0.o)
                0x000044b8                __aeabi_idiv0
 *fill*         0x000044ba        0x2 ff
 .text.__aeabi_dmul
                0x000044bc       0xfc c:/nxp/mcuxpressoide_11.4.1_6260/ide/plugins/com.nxp.mcuxpresso.tools.win32_11.4.0.202103011116/tools/bin/../lib/gcc/arm-none-eabi/10.2.1/thumb/v7-m/nofp\libcr_eabihelpers.a(double.o)
                0x000044bc                __aeabi_dmul
 .text.__aeabi_ddiv
                0x000045b8      0x134 c:/nxp/mcuxpressoide_11.4.1_6260/ide/plugins/com.nxp.mcuxpresso.tools.win32_11.4.0.202103011116/tools/bin/../lib/gcc/arm-none-eabi/10.2.1/thumb/v7-m/nofp\libcr_eabihelpers.a(double.o)
                0x000045b8                __aeabi_ddiv
 .text.__aeabi_dsub
                0x000046ec      0x1ac c:/nxp/mcuxpressoide_11.4.1_6260/ide/plugins/com.nxp.mcuxpresso.tools.win32_11.4.0.202103011116/tools/bin/../lib/gcc/arm-none-eabi/10.2.1/thumb/v7-m/nofp\libcr_eabihelpers.a(double.o)
                0x000046ec                __aeabi_dsub
 .text.__aeabi_dadd
                0x00004898      0x110 c:/nxp/mcuxpressoide_11.4.1_6260/ide/plugins/com.nxp.mcuxpresso.tools.win32_11.4.0.202103011116/tools/bin/../lib/gcc/arm-none-eabi/10.2.1/thumb/v7-m/nofp\libcr_eabihelpers.a(double.o)
                0x00004898                __aeabi_dadd
 .text.__aeabi_d2iz
                0x000049a8       0x42 c:/nxp/mcuxpressoide_11.4.1_6260/ide/plugins/com.nxp.mcuxpresso.tools.win32_11.4.0.202103011116/tools/bin/../lib/gcc/arm-none-eabi/10.2.1/thumb/v7-m/nofp\libcr_eabihelpers.a(double.o)
                0x000049a8                __aeabi_d2iz
 .text.__bhs_ui2d
                0x000049ea       0x46 c:/nxp/mcuxpressoide_11.4.1_6260/ide/plugins/com.nxp.mcuxpresso.tools.win32_11.4.0.202103011116/tools/bin/../lib/gcc/arm-none-eabi/10.2.1/thumb/v7-m/nofp\libcr_eabihelpers.a(double.o)
                0x000049ea                __bhs_ui2d
 .text.__aeabi_i2d
                0x00004a30       0x12 c:/nxp/mcuxpressoide_11.4.1_6260/ide/plugins/com.nxp.mcuxpresso.tools.win32_11.4.0.202103011116/tools/bin/../lib/gcc/arm-none-eabi/10.2.1/thumb/v7-m/nofp\libcr_eabihelpers.a(double.o)
                0x00004a30                __aeabi_i2d
 .text.__aeabi_ui2d
                0x00004a42        0x8 c:/nxp/mcuxpressoide_11.4.1_6260/ide/plugins/com.nxp.mcuxpresso.tools.win32_11.4.0.202103011116/tools/bin/../lib/gcc/arm-none-eabi/10.2.1/thumb/v7-m/nofp\libcr_eabihelpers.a(double.o)
                0x00004a42                __aeabi_ui2d
 .text.__aeabi_dcmpeq
                0x00004a4a       0x3c c:/nxp/mcuxpressoide_11.4.1_6260/ide/plugins/com.nxp.mcuxpresso.tools.win32_11.4.0.202103011116/tools/bin/../lib/gcc/arm-none-eabi/10.2.1/thumb/v7-m/nofp\libcr_eabihelpers.a(double.o)
                0x00004a4a                __aeabi_dcmpeq
 .text.__aeabi_dcmplt
                0x00004a86       0x58 c:/nxp/mcuxpressoide_11.4.1_6260/ide/plugins/com.nxp.mcuxpresso.tools.win32_11.4.0.202103011116/tools/bin/../lib/gcc/arm-none-eabi/10.2.1/thumb/v7-m/nofp\libcr_eabihelpers.a(double.o)
                0x00004a86                __aeabi_dcmplt
 .text.__aeabi_dcmpgt
                0x00004ade       0x58 c:/nxp/mcuxpressoide_11.4.1_6260/ide/plugins/com.nxp.mcuxpresso.tools.win32_11.4.0.202103011116/tools/bin/../lib/gcc/arm-none-eabi/10.2.1/thumb/v7-m/nofp\libcr_eabihelpers.a(double.o)
                0x00004ade                __aeabi_dcmpgt
 .text.__aeabi_dcmple
                0x00004b36       0x62 c:/nxp/mcuxpressoide_11.4.1_6260/ide/plugins/com.nxp.mcuxpresso.tools.win32_11.4.0.202103011116/tools/bin/../lib/gcc/arm-none-eabi/10.2.1/thumb/v7-m/nofp\libcr_eabihelpers.a(double.o)
                0x00004b36                __aeabi_dcmple
 .text.__aeabi_dcmpge
                0x00004b98       0x62 c:/nxp/mcuxpressoide_11.4.1_6260/ide/plugins/com.nxp.mcuxpresso.tools.win32_11.4.0.202103011116/tools/bin/../lib/gcc/arm-none-eabi/10.2.1/thumb/v7-m/nofp\libcr_eabihelpers.a(double.o)
                0x00004b98                __aeabi_dcmpge
 .text.__aeabi_memcpy
                0x00004bfa       0x34 c:/nxp/mcuxpressoide_11.4.1_6260/ide/plugins/com.nxp.mcuxpresso.tools.win32_11.4.0.202103011116/tools/bin/../lib/gcc/arm-none-eabi/10.2.1/thumb/v7-m/nofp\libcr_eabihelpers.a(memcpy.o)
                0x00004bfa                __aeabi_memcpy
                0x00004c04                __aeabi_memcpy8
                0x00004c04                __aeabi_memcpy4
 .text.__aeabi_memset_lowlevel
                0x00004c2e       0x32 c:/nxp/mcuxpressoide_11.4.1_6260/ide/plugins/com.nxp.mcuxpresso.tools.win32_11.4.0.202103011116/tools/bin/../lib/gcc/arm-none-eabi/10.2.1/thumb/v7-m/nofp\libcr_eabihelpers.a(memcpy.o)
                0x00004c2e                __aeabi_lowlevel_memset
 .text.__sys_appexit
                0x00004c60        0xc c:/nxp/mcuxpressoide_11.4.1_6260/ide/plugins/com.nxp.mcuxpresso.tools.win32_11.4.0.202103011116/tools/bin/../lib/gcc/arm-none-eabi/10.2.1/../../../../arm-none-eabi/lib/thumb/v7-m/nofp\libcr_semihost.a(__sys_appexit.o)
                0x00004c60                __sys_appexit
                0x00004c60                __exit
 .text.__sys_close
                0x00004c6c        0xc c:/nxp/mcuxpressoide_11.4.1_6260/ide/plugins/com.nxp.mcuxpresso.tools.win32_11.4.0.202103011116/tools/bin/../lib/gcc/arm-none-eabi/10.2.1/../../../../arm-none-eabi/lib/thumb/v7-m/nofp\libcr_semihost.a(__sys_close.o)
                0x00004c6c                __sys_close
 .text.__sys_flen
                0x00004c78        0xc c:/nxp/mcuxpressoide_11.4.1_6260/ide/plugins/com.nxp.mcuxpresso.tools.win32_11.4.0.202103011116/tools/bin/../lib/gcc/arm-none-eabi/10.2.1/../../../../arm-none-eabi/lib/thumb/v7-m/nofp\libcr_semihost.a(__sys_flen.o)
                0x00004c78                __sys_flen
 .text.__sys_istty
                0x00004c84        0xc c:/nxp/mcuxpressoide_11.4.1_6260/ide/plugins/com.nxp.mcuxpresso.tools.win32_11.4.0.202103011116/tools/bin/../lib/gcc/arm-none-eabi/10.2.1/../../../../arm-none-eabi/lib/thumb/v7-m/nofp\libcr_semihost.a(__sys_istty.o)
                0x00004c84                __sys_istty
 .text.__sys_remove
                0x00004c90        0xc c:/nxp/mcuxpressoide_11.4.1_6260/ide/plugins/com.nxp.mcuxpresso.tools.win32_11.4.0.202103011116/tools/bin/../lib/gcc/arm-none-eabi/10.2.1/../../../../arm-none-eabi/lib/thumb/v7-m/nofp\libcr_semihost.a(__sys_remove.o)
                0x00004c90                __sys_remove
 .text.__sys_seek
                0x00004c9c        0xc c:/nxp/mcuxpressoide_11.4.1_6260/ide/plugins/com.nxp.mcuxpresso.tools.win32_11.4.0.202103011116/tools/bin/../lib/gcc/arm-none-eabi/10.2.1/../../../../arm-none-eabi/lib/thumb/v7-m/nofp\libcr_semihost.a(__sys_seek.o)
                0x00004c9c                __sys_seek
 .text.__sys_tmpnam
                0x00004ca8        0xc c:/nxp/mcuxpressoide_11.4.1_6260/ide/plugins/com.nxp.mcuxpresso.tools.win32_11.4.0.202103011116/tools/bin/../lib/gcc/arm-none-eabi/10.2.1/../../../../arm-none-eabi/lib/thumb/v7-m/nofp\libcr_semihost.a(__sys_tmpnam.o)
                0x00004ca8                __sys_tmpnam
 .text.__sys_write
                0x00004cb4        0xc c:/nxp/mcuxpressoide_11.4.1_6260/ide/plugins/com.nxp.mcuxpresso.tools.win32_11.4.0.202103011116/tools/bin/../lib/gcc/arm-none-eabi/10.2.1/../../../../arm-none-eabi/lib/thumb/v7-m/nofp\libcr_semihost.a(__sys_write.o)
                0x00004cb4                __sys_write
 *(.rodata .rodata.* .constdata .constdata.*)
 .rodata.str1.4
                0x00004cc0       0x32 ./src/LAB_8.o
 *fill*         0x00004cf2        0x2 ff
 .rodata.updateScreen.str1.4
                0x00004cf4       0x5a ./src/LAB_8.o
 *fill*         0x00004d4e        0x2 ff
 .rodata.temperatureUnit.str1.4
                0x00004d50       0x17 ./src/LAB_8.o
 *fill*         0x00004d67        0x1 ff
 .rodata.temperatureLimits.str1.4
                0x00004d68       0x10 ./src/LAB_8.o
 .rodata.dateAndTime.str1.4
                0x00004d78       0x16 ./src/LAB_8.o
 *fill*         0x00004d8e        0x2 ff
 .rodata.showAlarms.str1.4
                0x00004d90       0x24 ./src/LAB_8.o
 .rodata.handleMenu.str1.4
                0x00004db4        0xe ./src/LAB_8.o
 .rodata.fp_display.str1.1
                0x00004dc2       0x34 c:/nxp/mcuxpressoide_11.4.1_6260/ide/plugins/com.nxp.mcuxpresso.tools.win32_11.4.0.202103011116/tools/bin/../lib/gcc/arm-none-eabi/10.2.1/../../../../arm-none-eabi/lib/thumb/v7-m/nofp\libcr_c.a(fpprintf.o)
                                 0x35 (size before relaxing)
 .rodata._initio.str1.1
                0x00004df6        0x4 c:/nxp/mcuxpressoide_11.4.1_6260/ide/plugins/com.nxp.mcuxpresso.tools.win32_11.4.0.202103011116/tools/bin/../lib/gcc/arm-none-eabi/10.2.1/../../../../arm-none-eabi/lib/thumb/v7-m/nofp\libcr_c.a(initio.o)
 .rodata.__vfprintf.str1.1
                0x00004dfa       0x31 c:/nxp/mcuxpressoide_11.4.1_6260/ide/plugins/com.nxp.mcuxpresso.tools.win32_11.4.0.202103011116/tools/bin/../lib/gcc/arm-none-eabi/10.2.1/../../../../arm-none-eabi/lib/thumb/v7-m/nofp\libcr_c.a(printf.o)
                                 0x38 (size before relaxing)
 *fill*         0x00004e2b        0x1 ff
 .rodata.monlen
                0x00004e2c       0x34 c:/nxp/mcuxpressoide_11.4.1_6260/ide/plugins/com.nxp.mcuxpresso.tools.win32_11.4.0.202103011116/tools/bin/../lib/gcc/arm-none-eabi/10.2.1/../../../../arm-none-eabi/lib/thumb/v7-m/nofp\libcr_c.a(time.o)
 .rodata._Csys_alloc.str1.1
                0x00004e60       0x18 c:/nxp/mcuxpressoide_11.4.1_6260/ide/plugins/com.nxp.mcuxpresso.tools.win32_11.4.0.202103011116/tools/bin/../lib/gcc/arm-none-eabi/10.2.1/../../../../arm-none-eabi/lib/thumb/v7-m/nofp\libcr_c.a(alloc.o)
 .rodata.__num_Ciob_streams
                0x00004e78        0x4 c:/nxp/mcuxpressoide_11.4.1_6260/ide/plugins/com.nxp.mcuxpresso.tools.win32_11.4.0.202103011116/tools/bin/../lib/gcc/arm-none-eabi/10.2.1/../../../../arm-none-eabi/lib/thumb/v7-m/nofp\libcr_semihost.a(__ciob.o)
                0x00004e78                __num_Ciob_streams
                0x00004e7c                . = ALIGN (0x4)

.glue_7         0x00004e7c        0x0
 .glue_7        0x00004e7c        0x0 linker stubs

.glue_7t        0x00004e7c        0x0
 .glue_7t       0x00004e7c        0x0 linker stubs

.vfp11_veneer   0x00004e7c        0x0
 .vfp11_veneer  0x00004e7c        0x0 linker stubs

.v4_bx          0x00004e7c        0x0
 .v4_bx         0x00004e7c        0x0 linker stubs

.iplt           0x00004e7c        0x0
 .iplt          0x00004e7c        0x0 ./src/LAB_8.o

.rel.dyn        0x00004e7c        0x0
 .rel.iplt      0x00004e7c        0x0 ./src/LAB_8.o

.ARM.extab
 *(.ARM.extab* .gnu.linkonce.armextab.*)

.ARM.exidx      0x00004e7c        0x0
                0x00004e7c                __exidx_start = .
 *(.ARM.exidx* .gnu.linkonce.armexidx.*)
                0x00004e7c                __exidx_end = .
                0x00004e7c                _etext = .

.data_RAM2      0x2007c000        0x0 load address 0x00004e7c
 FILL mask 0xff
                [!provide]                PROVIDE (__start_data_RAM2 = .)
                [!provide]                PROVIDE (__start_data_RamAHB32 = .)
 *(.ramfunc.$RAM2)
 *(.ramfunc.$RamAHB32)
 *(.data.$RAM2)
 *(.data.$RamAHB32)
 *(.data.$RAM2.*)
 *(.data.$RamAHB32.*)
                0x2007c000                . = ALIGN (0x4)
                [!provide]                PROVIDE (__end_data_RAM2 = .)
                [!provide]                PROVIDE (__end_data_RamAHB32 = .)

.uninit_RESERVED
                0x10000000        0x0
                0x10000000                _start_uninit_RESERVED = .
 *(.bss.$RESERVED*)
                0x10000000                . = ALIGN (0x4)
                0x10000000                _end_uninit_RESERVED = .

.data           0x10000000       0xcc load address 0x00004e7c
 FILL mask 0xff
                0x10000000                _data = .
                [!provide]                PROVIDE (__start_data_RAM = .)
                [!provide]                PROVIDE (__start_data_RamLoc32 = .)
 *(vtable)
 *(.ramfunc*)
 *(CodeQuickAccess)
 *(DataQuickAccess)
 *(RamFunction)
 *(.data*)
 .data.layout   0x10000000       0x40 ./src/LAB_8.o
                0x10000000                layout
 .data.maintenanceModeTimer
                0x10000040        0x4 ./src/LAB_8.o
                0x10000040                maintenanceModeTimer
 .data.menuChanged
                0x10000044        0x1 ./src/LAB_8.o
                0x10000044                menuChanged
 *fill*         0x10000045        0x3 ff
 .data.menuItems
                0x10000048       0x10 ./src/LAB_8.o
                0x10000048                menuItems
 .data.menuFunctions
                0x10000058       0x10 ./src/LAB_8.o
                0x10000058                menuFunctions
 .data.showScreenTimer
                0x10000068        0x4 ./src/LAB_8.o
                0x10000068                showScreenTimer
 .data.temperatureModeNames
                0x1000006c        0x8 ./src/LAB_8.o
                0x1000006c                temperatureModeNames
 .data.currentTemperatureStatus
                0x10000074        0x1 ./src/LAB_8.o
                0x10000074                currentTemperatureStatus
 *fill*         0x10000075        0x3 ff
 .data.minTemperature
                0x10000078        0x8 ./src/LAB_8.o
                0x10000078                minTemperature
 .data.maxTemperature
                0x10000080        0x8 ./src/LAB_8.o
                0x10000080                maxTemperature
 .data.maxHitTemperature
                0x10000088        0x8 ./src/LAB_8.o
                0x10000088                maxHitTemperature
 .data.minHitTemperature
                0x10000090        0x8 ./src/LAB_8.o
                0x10000090                minHitTemperature
 .data.justEnteredalarmMode
                0x10000098        0x1 ./src/LAB_8.o
                0x10000098                justEnteredalarmMode
 *fill*         0x10000099        0x3 ff
 .data.alarmModeTimer
                0x1000009c        0x4 ./src/LAB_8.o
                0x1000009c                alarmModeTimer
 .data.alarmModeCurrTimer
                0x100000a0        0x4 ./src/LAB_8.o
                0x100000a0                alarmModeCurrTimer
 .data.sector_start_address
                0x100000a4        0x4 ./src/LAB_8.o
 .data.magicWord
                0x100000a8        0x4 ./src/LAB_8.o
                0x100000a8                magicWord
 .data.firstSelected
                0x100000ac        0x1 ./src/LAB_8.o
                0x100000ac                firstSelected
 .data.justEntered
                0x100000ad        0x1 ./src/LAB_8.o
                0x100000ad                justEntered
 *fill*         0x100000ae        0x2 ff
 .data.jumpTable
                0x100000b0       0x14 ./src/LAB_8.o
                0x100000b0                jumpTable
 .data.canGoToNextField
                0x100000c4        0x1 ./src/LAB_8.o
                0x100000c4                canGoToNextField
 .data.justEntered.1
                0x100000c5        0x1 ./src/LAB_8.o
 .data.justEntered.0
                0x100000c6        0x1 ./src/LAB_8.o
 .data._onStatus
                0x100000c7        0x1 D:\University\Engineering\Ano 4\se1\HAL_SE1\Debug\libHAL_SE1.a(LCDText.o)
 .data.SystemCoreClock
                0x100000c8        0x4 D:\University\Engineering\Ano 4\se1\CMSIS_CORE_LPC17xx\Debug\libCMSIS_CORE_LPC17xx.a(system_LPC17xx.o)
                0x100000c8                SystemCoreClock
                0x100000cc                . = ALIGN (0x4)
                0x100000cc                _edata = .
                [!provide]                PROVIDE (__end_data_RAM = .)
                [!provide]                PROVIDE (__end_data_RamLoc32 = .)

.igot.plt       0x100000cc        0x0 load address 0x00004f48
 .igot.plt      0x100000cc        0x0 ./src/LAB_8.o

.bss_RAM2       0x2007c000        0x0
                [!provide]                PROVIDE (__start_bss_RAM2 = .)
                [!provide]                PROVIDE (__start_bss_RamAHB32 = .)
 *(.bss.$RAM2)
 *(.bss.$RamAHB32)
 *(.bss.$RAM2.*)
 *(.bss.$RamAHB32.*)
                0x2007c000                . = ALIGN ((. != 0x0)?0x4:0x1)
                [!provide]                PROVIDE (__end_bss_RAM2 = .)
                [!provide]                PROVIDE (__end_bss_RamAHB32 = .)

.bss            0x100000d0     0x1358
                0x100000d0                _bss = .
                [!provide]                PROVIDE (__start_bss_RAM = .)
                [!provide]                PROVIDE (__start_bss_RamLoc32 = .)
 *(.bss*)
 .bss.state     0x100000d0        0x4 ./src/LAB_8.o
                0x100000d0                state
 .bss.maintenanceModeKeyLastPressed
                0x100000d4        0x1 ./src/LAB_8.o
                0x100000d4                maintenanceModeKeyLastPressed
 *fill*         0x100000d5        0x3 
 .bss.maintenanceModeCurrTimer
                0x100000d8        0x4 ./src/LAB_8.o
                0x100000d8                maintenanceModeCurrTimer
 .bss.indexMenu
                0x100000dc        0x1 ./src/LAB_8.o
                0x100000dc                indexMenu
 *fill*         0x100000dd        0x3 
 .bss.showScreenCurrTimer
                0x100000e0        0x4 ./src/LAB_8.o
                0x100000e0                showScreenCurrTimer
 .bss.currentTime
                0x100000e4       0x24 ./src/LAB_8.o
                0x100000e4                currentTime
 .bss.currentTemperatureMode
                0x10000108        0x1 ./src/LAB_8.o
                0x10000108                currentTemperatureMode
 *fill*         0x10000109        0x7 
 .bss.temperature
                0x10000110        0x8 ./src/LAB_8.o
                0x10000110                temperature
 .bss.flashMemory
                0x10000118     0x1000 ./src/LAB_8.o
                0x10000118                flashMemory
 .bss.initialFlashMemory
                0x10001118        0xc ./src/LAB_8.o
                0x10001118                initialFlashMemory
 .bss.newalarm  0x10001124       0x28 ./src/LAB_8.o
                0x10001124                newalarm
 .bss.index     0x1000114c        0x1 ./src/LAB_8.o
                0x1000114c                index
 *fill*         0x1000114d        0x3 
 .bss.newMaxTemperature
                0x10001150        0x8 ./src/LAB_8.o
                0x10001150                newMaxTemperature
 .bss.newMinTemperature
                0x10001158        0x8 ./src/LAB_8.o
                0x10001158                newMinTemperature
 .bss.indexDaT  0x10001160        0x4 ./src/LAB_8.o
                0x10001160                indexDaT
 .bss.newTime   0x10001164       0x24 ./src/LAB_8.o
                0x10001164                newTime
 .bss.alarmIndex
                0x10001188        0x4 ./src/LAB_8.o
                0x10001188                alarmIndex
 .bss.alarmCount
                0x1000118c        0x4 ./src/LAB_8.o
                0x1000118c                alarmCount
 .bss.alarms    0x10001190        0x4 ./src/LAB_8.o
                0x10001190                alarms
 .bss.canLeave  0x10001194        0x1 ./src/LAB_8.o
                0x10001194                canLeave
 *fill*         0x10001195        0x3 
 .bss.command   0x10001198       0x14 D:\University\Engineering\Ano 4\se1\HAL_SE1\Debug\libHAL_SE1.a(FLASH.o)
 .bss.output    0x100011ac       0x14 D:\University\Engineering\Ano 4\se1\HAL_SE1\Debug\libHAL_SE1.a(FLASH.o)
 .bss.iap_entry
                0x100011c0        0x4 D:\University\Engineering\Ano 4\se1\HAL_SE1\Debug\libHAL_SE1.a(FLASH.o)
 .bss.__layout  0x100011c4       0x40 D:\University\Engineering\Ano 4\se1\HAL_SE1\Debug\libHAL_SE1.a(KEYPAD.o)
 .bss.lastTickKeys
                0x10001204        0x2 D:\University\Engineering\Ano 4\se1\HAL_SE1\Debug\libHAL_SE1.a(KEYPAD.o)
 *fill*         0x10001206        0x2 
 .bss.__row     0x10001208        0x4 D:\University\Engineering\Ano 4\se1\HAL_SE1\Debug\libHAL_SE1.a(LCDText.o)
 .bss.__column  0x1000120c        0x4 D:\University\Engineering\Ano 4\se1\HAL_SE1\Debug\libHAL_SE1.a(LCDText.o)
 .bss.__ms      0x10001210        0x4 D:\University\Engineering\Ano 4\se1\HAL_SE1\Debug\libHAL_SE1.a(Wait.o)
 .bss.__CHEGUEI
                0x10001214        0x4 D:\University\Engineering\Ano 4\se1\HAL_SE1\Debug\libHAL_SE1.a(Wait.o)
 .bss._tms.0    0x10001218       0x24 c:/nxp/mcuxpressoide_11.4.1_6260/ide/plugins/com.nxp.mcuxpresso.tools.win32_11.4.0.202103011116/tools/bin/../lib/gcc/arm-none-eabi/10.2.1/../../../../arm-none-eabi/lib/thumb/v7-m/nofp\libcr_c.a(time.o)
 .bss.errno     0x1000123c        0x4 c:/nxp/mcuxpressoide_11.4.1_6260/ide/plugins/com.nxp.mcuxpresso.tools.win32_11.4.0.202103011116/tools/bin/../lib/gcc/arm-none-eabi/10.2.1/../../../../arm-none-eabi/lib/thumb/v7-m/nofp\libcr_c.a(errno.o)
                0x1000123c                errno
 .bss.__end_of_heap
                0x10001240        0x4 c:/nxp/mcuxpressoide_11.4.1_6260/ide/plugins/com.nxp.mcuxpresso.tools.win32_11.4.0.202103011116/tools/bin/../lib/gcc/arm-none-eabi/10.2.1/../../../../arm-none-eabi/lib/thumb/v7-m/nofp\libcr_c.a(__init_alloc.o)
                0x10001240                __end_of_heap
 .bss.__heaps   0x10001244        0x4 c:/nxp/mcuxpressoide_11.4.1_6260/ide/plugins/com.nxp.mcuxpresso.tools.win32_11.4.0.202103011116/tools/bin/../lib/gcc/arm-none-eabi/10.2.1/../../../../arm-none-eabi/lib/thumb/v7-m/nofp\libcr_c.a(__init_alloc.o)
                0x10001244                __heaps
 .bss.__Ciob    0x10001248      0x1e0 c:/nxp/mcuxpressoide_11.4.1_6260/ide/plugins/com.nxp.mcuxpresso.tools.win32_11.4.0.202103011116/tools/bin/../lib/gcc/arm-none-eabi/10.2.1/../../../../arm-none-eabi/lib/thumb/v7-m/nofp\libcr_semihost.a(__ciob.o)
                0x10001248                __Ciob
 *(COMMON)
                0x10001428                . = ALIGN (0x4)
                0x10001428                _ebss = .
                [!provide]                PROVIDE (__end_bss_RAM = .)
                [!provide]                PROVIDE (__end_bss_RamLoc32 = .)
                [!provide]                PROVIDE (end = .)

.noinit_RAM2    0x2007c000        0x0
                [!provide]                PROVIDE (__start_noinit_RAM2 = .)
                [!provide]                PROVIDE (__start_noinit_RamAHB32 = .)
 *(.noinit.$RAM2)
 *(.noinit.$RamAHB32)
 *(.noinit.$RAM2.*)
 *(.noinit.$RamAHB32.*)
                0x2007c000                . = ALIGN (0x4)
                [!provide]                PROVIDE (__end_noinit_RAM2 = .)
                [!provide]                PROVIDE (__end_noinit_RamAHB32 = .)

.noinit         0x10001428        0x0
                0x10001428                _noinit = .
                [!provide]                PROVIDE (__start_noinit_RAM = .)
                [!provide]                PROVIDE (__start_noinit_RamLoc32 = .)
 *(.noinit*)
                0x10001428                . = ALIGN (0x4)
                0x10001428                _end_noinit = .
                [!provide]                PROVIDE (__end_noinit_RAM = .)
                [!provide]                PROVIDE (__end_noinit_RamLoc32 = .)
                0x10001428                PROVIDE (_pvHeapStart = DEFINED (__user_heap_base)?__user_heap_base:.)
                0x10008000                PROVIDE (_vStackTop = DEFINED (__user_stack_top)?__user_stack_top:(__top_RamLoc32 - 0x0))
                0xefff74c6                PROVIDE (__valid_user_code_checksum = (0x0 - ((((((_vStackTop + (ResetISR + 0x1)) + (NMI_Handler + 0x1)) + (HardFault_Handler + 0x1)) + (DEFINED (MemManage_Handler)?MemManage_Handler:0x0 + 0x1)) + (DEFINED (BusFault_Handler)?BusFault_Handler:0x0 + 0x1)) + (DEFINED (UsageFault_Handler)?UsageFault_Handler:0x0 + 0x1))))
                0x00000000                _image_start = LOADADDR (.text)
                0x00004f48                _image_end = (LOADADDR (.data) + SIZEOF (.data))
                0x00004f48                _image_size = (_image_end - _image_start)
OUTPUT(LAB_9.axf elf32-littlearm)
LOAD linker stubs

.debug_info     0x00000000     0x40c6
 .debug_info    0x00000000      0x965 ./src/LAB_8.o
 .debug_info    0x00000965      0x27f ./src/cr_startup_lpc175x_6x.o
 .debug_info    0x00000be4       0x40 ./src/crp.o
 .debug_info    0x00000c24      0x717 D:\University\Engineering\Ano 4\se1\HAL_SE1\Debug\libHAL_SE1.a(BMP.o)
 .debug_info    0x0000133b      0x266 D:\University\Engineering\Ano 4\se1\HAL_SE1\Debug\libHAL_SE1.a(FLASH.o)
 .debug_info    0x000015a1      0x70d D:\University\Engineering\Ano 4\se1\HAL_SE1\Debug\libHAL_SE1.a(KEYPAD.o)
 .debug_info    0x00001cae      0x840 D:\University\Engineering\Ano 4\se1\HAL_SE1\Debug\libHAL_SE1.a(LCDText.o)
 .debug_info    0x000024ee      0x527 D:\University\Engineering\Ano 4\se1\HAL_SE1\Debug\libHAL_SE1.a(RTC.o)
 .debug_info    0x00002a15      0x952 D:\University\Engineering\Ano 4\se1\HAL_SE1\Debug\libHAL_SE1.a(SPI.o)
 .debug_info    0x00003367      0xa18 D:\University\Engineering\Ano 4\se1\HAL_SE1\Debug\libHAL_SE1.a(Wait.o)
 .debug_info    0x00003d7f      0x347 D:\University\Engineering\Ano 4\se1\CMSIS_CORE_LPC17xx\Debug\libCMSIS_CORE_LPC17xx.a(system_LPC17xx.o)

.debug_abbrev   0x00000000      0xf51
 .debug_abbrev  0x00000000      0x211 ./src/LAB_8.o
 .debug_abbrev  0x00000211      0x122 ./src/cr_startup_lpc175x_6x.o
 .debug_abbrev  0x00000333       0x38 ./src/crp.o
 .debug_abbrev  0x0000036b      0x144 D:\University\Engineering\Ano 4\se1\HAL_SE1\Debug\libHAL_SE1.a(BMP.o)
 .debug_abbrev  0x000004af      0x11e D:\University\Engineering\Ano 4\se1\HAL_SE1\Debug\libHAL_SE1.a(FLASH.o)
 .debug_abbrev  0x000005cd      0x154 D:\University\Engineering\Ano 4\se1\HAL_SE1\Debug\libHAL_SE1.a(KEYPAD.o)
 .debug_abbrev  0x00000721      0x16f D:\University\Engineering\Ano 4\se1\HAL_SE1\Debug\libHAL_SE1.a(LCDText.o)
 .debug_abbrev  0x00000890      0x157 D:\University\Engineering\Ano 4\se1\HAL_SE1\Debug\libHAL_SE1.a(RTC.o)
 .debug_abbrev  0x000009e7      0x1e1 D:\University\Engineering\Ano 4\se1\HAL_SE1\Debug\libHAL_SE1.a(SPI.o)
 .debug_abbrev  0x00000bc8      0x27b D:\University\Engineering\Ano 4\se1\HAL_SE1\Debug\libHAL_SE1.a(Wait.o)
 .debug_abbrev  0x00000e43      0x10e D:\University\Engineering\Ano 4\se1\CMSIS_CORE_LPC17xx\Debug\libCMSIS_CORE_LPC17xx.a(system_LPC17xx.o)

.debug_aranges  0x00000000      0x3c8
 .debug_aranges
                0x00000000       0xb8 ./src/LAB_8.o
 .debug_aranges
                0x000000b8       0x80 ./src/cr_startup_lpc175x_6x.o
 .debug_aranges
                0x00000138       0x18 ./src/crp.o
 .debug_aranges
                0x00000150       0x48 D:\University\Engineering\Ano 4\se1\HAL_SE1\Debug\libHAL_SE1.a(BMP.o)
 .debug_aranges
                0x00000198       0x50 D:\University\Engineering\Ano 4\se1\HAL_SE1\Debug\libHAL_SE1.a(FLASH.o)
 .debug_aranges
                0x000001e8       0x50 D:\University\Engineering\Ano 4\se1\HAL_SE1\Debug\libHAL_SE1.a(KEYPAD.o)
 .debug_aranges
                0x00000238       0x78 D:\University\Engineering\Ano 4\se1\HAL_SE1\Debug\libHAL_SE1.a(LCDText.o)
 .debug_aranges
                0x000002b0       0x40 D:\University\Engineering\Ano 4\se1\HAL_SE1\Debug\libHAL_SE1.a(RTC.o)
 .debug_aranges
                0x000002f0       0x48 D:\University\Engineering\Ano 4\se1\HAL_SE1\Debug\libHAL_SE1.a(SPI.o)
 .debug_aranges
                0x00000338       0x68 D:\University\Engineering\Ano 4\se1\HAL_SE1\Debug\libHAL_SE1.a(Wait.o)
 .debug_aranges
                0x000003a0       0x28 D:\University\Engineering\Ano 4\se1\CMSIS_CORE_LPC17xx\Debug\libCMSIS_CORE_LPC17xx.a(system_LPC17xx.o)

.debug_ranges   0x00000000      0x310
 .debug_ranges  0x00000000       0xa8 ./src/LAB_8.o
 .debug_ranges  0x000000a8       0x70 ./src/cr_startup_lpc175x_6x.o
 .debug_ranges  0x00000118       0x38 D:\University\Engineering\Ano 4\se1\HAL_SE1\Debug\libHAL_SE1.a(BMP.o)
 .debug_ranges  0x00000150       0x40 D:\University\Engineering\Ano 4\se1\HAL_SE1\Debug\libHAL_SE1.a(FLASH.o)
 .debug_ranges  0x00000190       0x40 D:\University\Engineering\Ano 4\se1\HAL_SE1\Debug\libHAL_SE1.a(KEYPAD.o)
 .debug_ranges  0x000001d0       0x68 D:\University\Engineering\Ano 4\se1\HAL_SE1\Debug\libHAL_SE1.a(LCDText.o)
 .debug_ranges  0x00000238       0x30 D:\University\Engineering\Ano 4\se1\HAL_SE1\Debug\libHAL_SE1.a(RTC.o)
 .debug_ranges  0x00000268       0x38 D:\University\Engineering\Ano 4\se1\HAL_SE1\Debug\libHAL_SE1.a(SPI.o)
 .debug_ranges  0x000002a0       0x58 D:\University\Engineering\Ano 4\se1\HAL_SE1\Debug\libHAL_SE1.a(Wait.o)
 .debug_ranges  0x000002f8       0x18 D:\University\Engineering\Ano 4\se1\CMSIS_CORE_LPC17xx\Debug\libCMSIS_CORE_LPC17xx.a(system_LPC17xx.o)

.debug_macro    0x00000000     0x4220
 .debug_macro   0x00000000      0x152 ./src/LAB_8.o
 .debug_macro   0x00000152      0xa7e ./src/LAB_8.o
 .debug_macro   0x00000bd0       0x1c ./src/LAB_8.o
 .debug_macro   0x00000bec       0x3a ./src/LAB_8.o
 .debug_macro   0x00000c26       0x10 ./src/LAB_8.o
 .debug_macro   0x00000c36      0x12e ./src/LAB_8.o
 .debug_macro   0x00000d64      0x5b3 ./src/LAB_8.o
 .debug_macro   0x00001317       0x2d ./src/LAB_8.o
 .debug_macro   0x00001344      0xbb1 ./src/LAB_8.o
 .debug_macro   0x00001ef5      0x2c7 ./src/LAB_8.o
 .debug_macro   0x000021bc       0x82 ./src/LAB_8.o
 .debug_macro   0x0000223e       0xa0 ./src/LAB_8.o
 .debug_macro   0x000022de      0x16f ./src/LAB_8.o
 .debug_macro   0x0000244d       0x22 ./src/LAB_8.o
 .debug_macro   0x0000246f       0x22 ./src/LAB_8.o
 .debug_macro   0x00002491       0x1c ./src/LAB_8.o
 .debug_macro   0x000024ad       0x40 ./src/LAB_8.o
 .debug_macro   0x000024ed       0x22 ./src/LAB_8.o
 .debug_macro   0x0000250f       0x2e ./src/LAB_8.o
 .debug_macro   0x0000253d       0x10 ./src/LAB_8.o
 .debug_macro   0x0000254d       0x16 ./src/LAB_8.o
 .debug_macro   0x00002563       0x40 ./src/LAB_8.o
 .debug_macro   0x000025a3       0x1d ./src/cr_startup_lpc175x_6x.o
 .debug_macro   0x000025c0       0x1a ./src/crp.o
 .debug_macro   0x000025da       0x34 ./src/crp.o
 .debug_macro   0x0000260e       0xa5 D:\University\Engineering\Ano 4\se1\HAL_SE1\Debug\libHAL_SE1.a(BMP.o)
 .debug_macro   0x000026b3      0xa7e D:\University\Engineering\Ano 4\se1\HAL_SE1\Debug\libHAL_SE1.a(BMP.o)
 .debug_macro   0x00003131       0x3a D:\University\Engineering\Ano 4\se1\HAL_SE1\Debug\libHAL_SE1.a(BMP.o)
 .debug_macro   0x0000316b       0x9b D:\University\Engineering\Ano 4\se1\HAL_SE1\Debug\libHAL_SE1.a(FLASH.o)
 .debug_macro   0x00003206       0x28 D:\University\Engineering\Ano 4\se1\HAL_SE1\Debug\libHAL_SE1.a(FLASH.o)
 .debug_macro   0x0000322e       0xac D:\University\Engineering\Ano 4\se1\HAL_SE1\Debug\libHAL_SE1.a(KEYPAD.o)
 .debug_macro   0x000032da       0x9a D:\University\Engineering\Ano 4\se1\HAL_SE1\Debug\libHAL_SE1.a(KEYPAD.o)
 .debug_macro   0x00003374       0xd5 D:\University\Engineering\Ano 4\se1\HAL_SE1\Debug\libHAL_SE1.a(LCDText.o)
 .debug_macro   0x00003449       0x28 D:\University\Engineering\Ano 4\se1\HAL_SE1\Debug\libHAL_SE1.a(LCDText.o)
 .debug_macro   0x00003471       0x99 D:\University\Engineering\Ano 4\se1\HAL_SE1\Debug\libHAL_SE1.a(RTC.o)
 .debug_macro   0x0000350a       0x10 D:\University\Engineering\Ano 4\se1\HAL_SE1\Debug\libHAL_SE1.a(RTC.o)
 .debug_macro   0x0000351a       0x9b D:\University\Engineering\Ano 4\se1\HAL_SE1\Debug\libHAL_SE1.a(SPI.o)
 .debug_macro   0x000035b5       0x86 D:\University\Engineering\Ano 4\se1\HAL_SE1\Debug\libHAL_SE1.a(Wait.o)
 .debug_macro   0x0000363b       0x3a D:\University\Engineering\Ano 4\se1\HAL_SE1\Debug\libHAL_SE1.a(Wait.o)
 .debug_macro   0x00003675      0x12d D:\University\Engineering\Ano 4\se1\CMSIS_CORE_LPC17xx\Debug\libCMSIS_CORE_LPC17xx.a(system_LPC17xx.o)
 .debug_macro   0x000037a2      0xa7e D:\University\Engineering\Ano 4\se1\CMSIS_CORE_LPC17xx\Debug\libCMSIS_CORE_LPC17xx.a(system_LPC17xx.o)

.debug_line     0x00000000     0x2c67
 .debug_line    0x00000000      0xb29 ./src/LAB_8.o
 .debug_line    0x00000b29      0x160 ./src/cr_startup_lpc175x_6x.o
 .debug_line    0x00000c89       0xb1 ./src/crp.o
 .debug_line    0x00000d3a      0x389 D:\University\Engineering\Ano 4\se1\HAL_SE1\Debug\libHAL_SE1.a(BMP.o)
 .debug_line    0x000010c3      0x350 D:\University\Engineering\Ano 4\se1\HAL_SE1\Debug\libHAL_SE1.a(FLASH.o)
 .debug_line    0x00001413      0x414 D:\University\Engineering\Ano 4\se1\HAL_SE1\Debug\libHAL_SE1.a(KEYPAD.o)
 .debug_line    0x00001827      0x4d5 D:\University\Engineering\Ano 4\se1\HAL_SE1\Debug\libHAL_SE1.a(LCDText.o)
 .debug_line    0x00001cfc      0x330 D:\University\Engineering\Ano 4\se1\HAL_SE1\Debug\libHAL_SE1.a(RTC.o)
 .debug_line    0x0000202c      0x3de D:\University\Engineering\Ano 4\se1\HAL_SE1\Debug\libHAL_SE1.a(SPI.o)
 .debug_line    0x0000240a      0x3f5 D:\University\Engineering\Ano 4\se1\HAL_SE1\Debug\libHAL_SE1.a(Wait.o)
 .debug_line    0x000027ff      0x468 D:\University\Engineering\Ano 4\se1\CMSIS_CORE_LPC17xx\Debug\libCMSIS_CORE_LPC17xx.a(system_LPC17xx.o)

.debug_str      0x00000000     0xc1ab
 .debug_str     0x00000000     0xae01 ./src/LAB_8.o
                               0xaf4f (size before relaxing)
 .debug_str     0x0000ae01      0x1c2 ./src/cr_startup_lpc175x_6x.o
                               0x2eaf (size before relaxing)
 .debug_str     0x0000afc3       0xe9 ./src/crp.o
                               0x2dd0 (size before relaxing)
 .debug_str     0x0000b0ac      0x32a D:\University\Engineering\Ano 4\se1\HAL_SE1\Debug\libHAL_SE1.a(BMP.o)
                               0xa0b4 (size before relaxing)
 .debug_str     0x0000b3d6       0xe7 D:\University\Engineering\Ano 4\se1\HAL_SE1\Debug\libHAL_SE1.a(FLASH.o)
                               0x9e78 (size before relaxing)
 .debug_str     0x0000b4bd       0x79 D:\University\Engineering\Ano 4\se1\HAL_SE1\Debug\libHAL_SE1.a(KEYPAD.o)
                               0xa26a (size before relaxing)
 .debug_str     0x0000b536      0x139 D:\University\Engineering\Ano 4\se1\HAL_SE1\Debug\libHAL_SE1.a(LCDText.o)
                               0xa52d (size before relaxing)
 .debug_str     0x0000b66f      0x1f8 D:\University\Engineering\Ano 4\se1\HAL_SE1\Debug\libHAL_SE1.a(RTC.o)
                               0x9fba (size before relaxing)
 .debug_str     0x0000b867      0x1c4 D:\University\Engineering\Ano 4\se1\HAL_SE1\Debug\libHAL_SE1.a(SPI.o)
                               0xa206 (size before relaxing)
 .debug_str     0x0000ba2b      0x37b D:\University\Engineering\Ano 4\se1\HAL_SE1\Debug\libHAL_SE1.a(Wait.o)
                               0xa26c (size before relaxing)
 .debug_str     0x0000bda6      0x405 D:\University\Engineering\Ano 4\se1\CMSIS_CORE_LPC17xx\Debug\libCMSIS_CORE_LPC17xx.a(system_LPC17xx.o)
                               0xa0ff (size before relaxing)

.comment        0x00000000       0x4d
 .comment       0x00000000       0x4d ./src/LAB_8.o
                                 0x4e (size before relaxing)
 .comment       0x0000004d       0x4e ./src/cr_startup_lpc175x_6x.o
 .comment       0x0000004d       0x4e ./src/crp.o
 .comment       0x0000004d       0x4e D:\University\Engineering\Ano 4\se1\HAL_SE1\Debug\libHAL_SE1.a(BMP.o)
 .comment       0x0000004d       0x4e D:\University\Engineering\Ano 4\se1\HAL_SE1\Debug\libHAL_SE1.a(FLASH.o)
 .comment       0x0000004d       0x4e D:\University\Engineering\Ano 4\se1\HAL_SE1\Debug\libHAL_SE1.a(KEYPAD.o)
 .comment       0x0000004d       0x4e D:\University\Engineering\Ano 4\se1\HAL_SE1\Debug\libHAL_SE1.a(LCDText.o)
 .comment       0x0000004d       0x4e D:\University\Engineering\Ano 4\se1\HAL_SE1\Debug\libHAL_SE1.a(RTC.o)
 .comment       0x0000004d       0x4e D:\University\Engineering\Ano 4\se1\HAL_SE1\Debug\libHAL_SE1.a(SPI.o)
 .comment       0x0000004d       0x4e D:\University\Engineering\Ano 4\se1\HAL_SE1\Debug\libHAL_SE1.a(Wait.o)
 .comment       0x0000004d       0x4e D:\University\Engineering\Ano 4\se1\CMSIS_CORE_LPC17xx\Debug\libCMSIS_CORE_LPC17xx.a(system_LPC17xx.o)
 .comment       0x0000004d       0x4e c:/nxp/mcuxpressoide_11.4.1_6260/ide/plugins/com.nxp.mcuxpresso.tools.win32_11.4.0.202103011116/tools/bin/../lib/gcc/arm-none-eabi/10.2.1/../../../../arm-none-eabi/lib/thumb/v7-m/nofp\libcr_semihost.a(_cr__main.o)
 .comment       0x0000004d       0x4e c:/nxp/mcuxpressoide_11.4.1_6260/ide/plugins/com.nxp.mcuxpresso.tools.win32_11.4.0.202103011116/tools/bin/../lib/gcc/arm-none-eabi/10.2.1/../../../../arm-none-eabi/lib/thumb/v7-m/nofp\libcr_c.a(memcpy.o)
 .comment       0x0000004d       0x4e c:/nxp/mcuxpressoide_11.4.1_6260/ide/plugins/com.nxp.mcuxpresso.tools.win32_11.4.0.202103011116/tools/bin/../lib/gcc/arm-none-eabi/10.2.1/../../../../arm-none-eabi/lib/thumb/v7-m/nofp\libcr_c.a(memset.o)
 .comment       0x0000004d       0x4e c:/nxp/mcuxpressoide_11.4.1_6260/ide/plugins/com.nxp.mcuxpresso.tools.win32_11.4.0.202103011116/tools/bin/../lib/gcc/arm-none-eabi/10.2.1/../../../../arm-none-eabi/lib/thumb/v7-m/nofp\libcr_c.a(fpprintf.o)
 .comment       0x0000004d       0x4e c:/nxp/mcuxpressoide_11.4.1_6260/ide/plugins/com.nxp.mcuxpresso.tools.win32_11.4.0.202103011116/tools/bin/../lib/gcc/arm-none-eabi/10.2.1/../../../../arm-none-eabi/lib/thumb/v7-m/nofp\libcr_c.a(initio.o)
 .comment       0x0000004d       0x4e c:/nxp/mcuxpressoide_11.4.1_6260/ide/plugins/com.nxp.mcuxpresso.tools.win32_11.4.0.202103011116/tools/bin/../lib/gcc/arm-none-eabi/10.2.1/../../../../arm-none-eabi/lib/thumb/v7-m/nofp\libcr_c.a(printf.o)
 .comment       0x0000004d       0x4e c:/nxp/mcuxpressoide_11.4.1_6260/ide/plugins/com.nxp.mcuxpresso.tools.win32_11.4.0.202103011116/tools/bin/../lib/gcc/arm-none-eabi/10.2.1/../../../../arm-none-eabi/lib/thumb/v7-m/nofp\libcr_c.a(setvbuf.o)
 .comment       0x0000004d       0x4e c:/nxp/mcuxpressoide_11.4.1_6260/ide/plugins/com.nxp.mcuxpresso.tools.win32_11.4.0.202103011116/tools/bin/../lib/gcc/arm-none-eabi/10.2.1/../../../../arm-none-eabi/lib/thumb/v7-m/nofp\libcr_c.a(stdlib.o)
 .comment       0x0000004d       0x4e c:/nxp/mcuxpressoide_11.4.1_6260/ide/plugins/com.nxp.mcuxpresso.tools.win32_11.4.0.202103011116/tools/bin/../lib/gcc/arm-none-eabi/10.2.1/../../../../arm-none-eabi/lib/thumb/v7-m/nofp\libcr_c.a(strlen.o)
 .comment       0x0000004d       0x4e c:/nxp/mcuxpressoide_11.4.1_6260/ide/plugins/com.nxp.mcuxpresso.tools.win32_11.4.0.202103011116/tools/bin/../lib/gcc/arm-none-eabi/10.2.1/../../../../arm-none-eabi/lib/thumb/v7-m/nofp\libcr_c.a(time.o)
 .comment       0x0000004d       0x4e c:/nxp/mcuxpressoide_11.4.1_6260/ide/plugins/com.nxp.mcuxpresso.tools.win32_11.4.0.202103011116/tools/bin/../lib/gcc/arm-none-eabi/10.2.1/../../../../arm-none-eabi/lib/thumb/v7-m/nofp\libcr_c.a(_deferredlazyseek.o)
 .comment       0x0000004d       0x4e c:/nxp/mcuxpressoide_11.4.1_6260/ide/plugins/com.nxp.mcuxpresso.tools.win32_11.4.0.202103011116/tools/bin/../lib/gcc/arm-none-eabi/10.2.1/../../../../arm-none-eabi/lib/thumb/v7-m/nofp\libcr_c.a(_fdopen.o)
 .comment       0x0000004d       0x4e c:/nxp/mcuxpressoide_11.4.1_6260/ide/plugins/com.nxp.mcuxpresso.tools.win32_11.4.0.202103011116/tools/bin/../lib/gcc/arm-none-eabi/10.2.1/../../../../arm-none-eabi/lib/thumb/v7-m/nofp\libcr_c.a(_fflush.o)
 .comment       0x0000004d       0x4e c:/nxp/mcuxpressoide_11.4.1_6260/ide/plugins/com.nxp.mcuxpresso.tools.win32_11.4.0.202103011116/tools/bin/../lib/gcc/arm-none-eabi/10.2.1/../../../../arm-none-eabi/lib/thumb/v7-m/nofp\libcr_c.a(_frexpl.o)
 .comment       0x0000004d       0x4e c:/nxp/mcuxpressoide_11.4.1_6260/ide/plugins/com.nxp.mcuxpresso.tools.win32_11.4.0.202103011116/tools/bin/../lib/gcc/arm-none-eabi/10.2.1/../../../../arm-none-eabi/lib/thumb/v7-m/nofp\libcr_c.a(_ldexpl.o)
 .comment       0x0000004d       0x4e c:/nxp/mcuxpressoide_11.4.1_6260/ide/plugins/com.nxp.mcuxpresso.tools.win32_11.4.0.202103011116/tools/bin/../lib/gcc/arm-none-eabi/10.2.1/../../../../arm-none-eabi/lib/thumb/v7-m/nofp\libcr_c.a(_writebuf.o)
 .comment       0x0000004d       0x4e c:/nxp/mcuxpressoide_11.4.1_6260/ide/plugins/com.nxp.mcuxpresso.tools.win32_11.4.0.202103011116/tools/bin/../lib/gcc/arm-none-eabi/10.2.1/../../../../arm-none-eabi/lib/thumb/v7-m/nofp\libcr_c.a(alloc.o)
 .comment       0x0000004d       0x4e c:/nxp/mcuxpressoide_11.4.1_6260/ide/plugins/com.nxp.mcuxpresso.tools.win32_11.4.0.202103011116/tools/bin/../lib/gcc/arm-none-eabi/10.2.1/../../../../arm-none-eabi/lib/thumb/v7-m/nofp\libcr_c.a(errno.o)
 .comment       0x0000004d       0x4e c:/nxp/mcuxpressoide_11.4.1_6260/ide/plugins/com.nxp.mcuxpresso.tools.win32_11.4.0.202103011116/tools/bin/../lib/gcc/arm-none-eabi/10.2.1/../../../../arm-none-eabi/lib/thumb/v7-m/nofp\libcr_c.a(fclose.o)
 .comment       0x0000004d       0x4e c:/nxp/mcuxpressoide_11.4.1_6260/ide/plugins/com.nxp.mcuxpresso.tools.win32_11.4.0.202103011116/tools/bin/../lib/gcc/arm-none-eabi/10.2.1/../../../../arm-none-eabi/lib/thumb/v7-m/nofp\libcr_c.a(fflush.o)
 .comment       0x0000004d       0x4e c:/nxp/mcuxpressoide_11.4.1_6260/ide/plugins/com.nxp.mcuxpresso.tools.win32_11.4.0.202103011116/tools/bin/../lib/gcc/arm-none-eabi/10.2.1/../../../../arm-none-eabi/lib/thumb/v7-m/nofp\libcr_c.a(fseek.o)
 .comment       0x0000004d       0x4e c:/nxp/mcuxpressoide_11.4.1_6260/ide/plugins/com.nxp.mcuxpresso.tools.win32_11.4.0.202103011116/tools/bin/../lib/gcc/arm-none-eabi/10.2.1/../../../../arm-none-eabi/lib/thumb/v7-m/nofp\libcr_c.a(ftell.o)
 .comment       0x0000004d       0x4e c:/nxp/mcuxpressoide_11.4.1_6260/ide/plugins/com.nxp.mcuxpresso.tools.win32_11.4.0.202103011116/tools/bin/../lib/gcc/arm-none-eabi/10.2.1/../../../../arm-none-eabi/lib/thumb/v7-m/nofp\libcr_c.a(remove.o)
 .comment       0x0000004d       0x4e c:/nxp/mcuxpressoide_11.4.1_6260/ide/plugins/com.nxp.mcuxpresso.tools.win32_11.4.0.202103011116/tools/bin/../lib/gcc/arm-none-eabi/10.2.1/../../../../arm-none-eabi/lib/thumb/v7-m/nofp\libcr_c.a(__init_alloc.o)
 .comment       0x0000004d       0x4e c:/nxp/mcuxpressoide_11.4.1_6260/ide/plugins/com.nxp.mcuxpresso.tools.win32_11.4.0.202103011116/tools/bin/../lib/gcc/arm-none-eabi/10.2.1/../../../../arm-none-eabi/lib/thumb/v7-m/nofp\libcr_c.a(_cr_sbrk.o)
 .comment       0x0000004d       0x4e c:/nxp/mcuxpressoide_11.4.1_6260/ide/plugins/com.nxp.mcuxpresso.tools.win32_11.4.0.202103011116/tools/bin/../lib/gcc/arm-none-eabi/10.2.1/../../../../arm-none-eabi/lib/thumb/v7-m/nofp\libcr_c.a(_do_fflush.o)
 .comment       0x0000004d       0x4e c:/nxp/mcuxpressoide_11.4.1_6260/ide/plugins/com.nxp.mcuxpresso.tools.win32_11.4.0.202103011116/tools/bin/../lib/gcc/arm-none-eabi/10.2.1/../../../../arm-none-eabi/lib/thumb/v7-m/nofp\libcr_c.a(_cr_check_heap.o)
 .comment       0x0000004d       0x4e c:/nxp/mcuxpressoide_11.4.1_6260/ide/plugins/com.nxp.mcuxpresso.tools.win32_11.4.0.202103011116/tools/bin/../lib/gcc/arm-none-eabi/10.2.1/thumb/v7-m/nofp\libcr_eabihelpers.a(double.o)
 .comment       0x0000004d       0x4e c:/nxp/mcuxpressoide_11.4.1_6260/ide/plugins/com.nxp.mcuxpresso.tools.win32_11.4.0.202103011116/tools/bin/../lib/gcc/arm-none-eabi/10.2.1/../../../../arm-none-eabi/lib/thumb/v7-m/nofp\libcr_semihost.a(__ciob.o)

.ARM.attributes
                0x00000000       0x2b
 .ARM.attributes
                0x00000000       0x2d ./src/LAB_8.o
 .ARM.attributes
                0x0000002d       0x2d ./src/cr_startup_lpc175x_6x.o
 .ARM.attributes
                0x0000005a       0x33 ./src/crp.o
 .ARM.attributes
                0x0000008d       0x2d D:\University\Engineering\Ano 4\se1\HAL_SE1\Debug\libHAL_SE1.a(BMP.o)
 .ARM.attributes
                0x000000ba       0x2d D:\University\Engineering\Ano 4\se1\HAL_SE1\Debug\libHAL_SE1.a(FLASH.o)
 .ARM.attributes
                0x000000e7       0x2d D:\University\Engineering\Ano 4\se1\HAL_SE1\Debug\libHAL_SE1.a(KEYPAD.o)
 .ARM.attributes
                0x00000114       0x2d D:\University\Engineering\Ano 4\se1\HAL_SE1\Debug\libHAL_SE1.a(LCDText.o)
 .ARM.attributes
                0x00000141       0x2d D:\University\Engineering\Ano 4\se1\HAL_SE1\Debug\libHAL_SE1.a(RTC.o)
 .ARM.attributes
                0x0000016e       0x2d D:\University\Engineering\Ano 4\se1\HAL_SE1\Debug\libHAL_SE1.a(SPI.o)
 .ARM.attributes
                0x0000019b       0x2d D:\University\Engineering\Ano 4\se1\HAL_SE1\Debug\libHAL_SE1.a(Wait.o)
 .ARM.attributes
                0x000001c8       0x2d D:\University\Engineering\Ano 4\se1\CMSIS_CORE_LPC17xx\Debug\libCMSIS_CORE_LPC17xx.a(system_LPC17xx.o)
 .ARM.attributes
                0x000001f5       0x2d c:/nxp/mcuxpressoide_11.4.1_6260/ide/plugins/com.nxp.mcuxpresso.tools.win32_11.4.0.202103011116/tools/bin/../lib/gcc/arm-none-eabi/10.2.1/../../../../arm-none-eabi/lib/thumb/v7-m/nofp\libcr_semihost.a(_cr__main.o)
 .ARM.attributes
                0x00000222       0x2d c:/nxp/mcuxpressoide_11.4.1_6260/ide/plugins/com.nxp.mcuxpresso.tools.win32_11.4.0.202103011116/tools/bin/../lib/gcc/arm-none-eabi/10.2.1/../../../../arm-none-eabi/lib/thumb/v7-m/nofp\libcr_c.a(memcpy.o)
 .ARM.attributes
                0x0000024f       0x2d c:/nxp/mcuxpressoide_11.4.1_6260/ide/plugins/com.nxp.mcuxpresso.tools.win32_11.4.0.202103011116/tools/bin/../lib/gcc/arm-none-eabi/10.2.1/../../../../arm-none-eabi/lib/thumb/v7-m/nofp\libcr_c.a(memset.o)
 .ARM.attributes
                0x0000027c       0x2d c:/nxp/mcuxpressoide_11.4.1_6260/ide/plugins/com.nxp.mcuxpresso.tools.win32_11.4.0.202103011116/tools/bin/../lib/gcc/arm-none-eabi/10.2.1/../../../../arm-none-eabi/lib/thumb/v7-m/nofp\libcr_c.a(fpprintf.o)
 .ARM.attributes
                0x000002a9       0x2d c:/nxp/mcuxpressoide_11.4.1_6260/ide/plugins/com.nxp.mcuxpresso.tools.win32_11.4.0.202103011116/tools/bin/../lib/gcc/arm-none-eabi/10.2.1/../../../../arm-none-eabi/lib/thumb/v7-m/nofp\libcr_c.a(initio.o)
 .ARM.attributes
                0x000002d6       0x2d c:/nxp/mcuxpressoide_11.4.1_6260/ide/plugins/com.nxp.mcuxpresso.tools.win32_11.4.0.202103011116/tools/bin/../lib/gcc/arm-none-eabi/10.2.1/../../../../arm-none-eabi/lib/thumb/v7-m/nofp\libcr_c.a(printf.o)
 .ARM.attributes
                0x00000303       0x2d c:/nxp/mcuxpressoide_11.4.1_6260/ide/plugins/com.nxp.mcuxpresso.tools.win32_11.4.0.202103011116/tools/bin/../lib/gcc/arm-none-eabi/10.2.1/../../../../arm-none-eabi/lib/thumb/v7-m/nofp\libcr_c.a(setvbuf.o)
 .ARM.attributes
                0x00000330       0x2d c:/nxp/mcuxpressoide_11.4.1_6260/ide/plugins/com.nxp.mcuxpresso.tools.win32_11.4.0.202103011116/tools/bin/../lib/gcc/arm-none-eabi/10.2.1/../../../../arm-none-eabi/lib/thumb/v7-m/nofp\libcr_c.a(stdlib.o)
 .ARM.attributes
                0x0000035d       0x2d c:/nxp/mcuxpressoide_11.4.1_6260/ide/plugins/com.nxp.mcuxpresso.tools.win32_11.4.0.202103011116/tools/bin/../lib/gcc/arm-none-eabi/10.2.1/../../../../arm-none-eabi/lib/thumb/v7-m/nofp\libcr_c.a(strlen.o)
 .ARM.attributes
                0x0000038a       0x2d c:/nxp/mcuxpressoide_11.4.1_6260/ide/plugins/com.nxp.mcuxpresso.tools.win32_11.4.0.202103011116/tools/bin/../lib/gcc/arm-none-eabi/10.2.1/../../../../arm-none-eabi/lib/thumb/v7-m/nofp\libcr_c.a(time.o)
 .ARM.attributes
                0x000003b7       0x2d c:/nxp/mcuxpressoide_11.4.1_6260/ide/plugins/com.nxp.mcuxpresso.tools.win32_11.4.0.202103011116/tools/bin/../lib/gcc/arm-none-eabi/10.2.1/../../../../arm-none-eabi/lib/thumb/v7-m/nofp\libcr_c.a(_deferredlazyseek.o)
 .ARM.attributes
                0x000003e4       0x2d c:/nxp/mcuxpressoide_11.4.1_6260/ide/plugins/com.nxp.mcuxpresso.tools.win32_11.4.0.202103011116/tools/bin/../lib/gcc/arm-none-eabi/10.2.1/../../../../arm-none-eabi/lib/thumb/v7-m/nofp\libcr_c.a(_fdopen.o)
 .ARM.attributes
                0x00000411       0x2d c:/nxp/mcuxpressoide_11.4.1_6260/ide/plugins/com.nxp.mcuxpresso.tools.win32_11.4.0.202103011116/tools/bin/../lib/gcc/arm-none-eabi/10.2.1/../../../../arm-none-eabi/lib/thumb/v7-m/nofp\libcr_c.a(_fflush.o)
 .ARM.attributes
                0x0000043e       0x2d c:/nxp/mcuxpressoide_11.4.1_6260/ide/plugins/com.nxp.mcuxpresso.tools.win32_11.4.0.202103011116/tools/bin/../lib/gcc/arm-none-eabi/10.2.1/../../../../arm-none-eabi/lib/thumb/v7-m/nofp\libcr_c.a(_frexpl.o)
 .ARM.attributes
                0x0000046b       0x2d c:/nxp/mcuxpressoide_11.4.1_6260/ide/plugins/com.nxp.mcuxpresso.tools.win32_11.4.0.202103011116/tools/bin/../lib/gcc/arm-none-eabi/10.2.1/../../../../arm-none-eabi/lib/thumb/v7-m/nofp\libcr_c.a(_ldexpl.o)
 .ARM.attributes
                0x00000498       0x2d c:/nxp/mcuxpressoide_11.4.1_6260/ide/plugins/com.nxp.mcuxpresso.tools.win32_11.4.0.202103011116/tools/bin/../lib/gcc/arm-none-eabi/10.2.1/../../../../arm-none-eabi/lib/thumb/v7-m/nofp\libcr_c.a(_writebuf.o)
 .ARM.attributes
                0x000004c5       0x2d c:/nxp/mcuxpressoide_11.4.1_6260/ide/plugins/com.nxp.mcuxpresso.tools.win32_11.4.0.202103011116/tools/bin/../lib/gcc/arm-none-eabi/10.2.1/../../../../arm-none-eabi/lib/thumb/v7-m/nofp\libcr_c.a(alloc.o)
 .ARM.attributes
                0x000004f2       0x33 c:/nxp/mcuxpressoide_11.4.1_6260/ide/plugins/com.nxp.mcuxpresso.tools.win32_11.4.0.202103011116/tools/bin/../lib/gcc/arm-none-eabi/10.2.1/../../../../arm-none-eabi/lib/thumb/v7-m/nofp\libcr_c.a(errno.o)
 .ARM.attributes
                0x00000525       0x2d c:/nxp/mcuxpressoide_11.4.1_6260/ide/plugins/com.nxp.mcuxpresso.tools.win32_11.4.0.202103011116/tools/bin/../lib/gcc/arm-none-eabi/10.2.1/../../../../arm-none-eabi/lib/thumb/v7-m/nofp\libcr_c.a(fclose.o)
 .ARM.attributes
                0x00000552       0x2d c:/nxp/mcuxpressoide_11.4.1_6260/ide/plugins/com.nxp.mcuxpresso.tools.win32_11.4.0.202103011116/tools/bin/../lib/gcc/arm-none-eabi/10.2.1/../../../../arm-none-eabi/lib/thumb/v7-m/nofp\libcr_c.a(fflush.o)
 .ARM.attributes
                0x0000057f       0x2d c:/nxp/mcuxpressoide_11.4.1_6260/ide/plugins/com.nxp.mcuxpresso.tools.win32_11.4.0.202103011116/tools/bin/../lib/gcc/arm-none-eabi/10.2.1/../../../../arm-none-eabi/lib/thumb/v7-m/nofp\libcr_c.a(fseek.o)
 .ARM.attributes
                0x000005ac       0x2d c:/nxp/mcuxpressoide_11.4.1_6260/ide/plugins/com.nxp.mcuxpresso.tools.win32_11.4.0.202103011116/tools/bin/../lib/gcc/arm-none-eabi/10.2.1/../../../../arm-none-eabi/lib/thumb/v7-m/nofp\libcr_c.a(ftell.o)
 .ARM.attributes
                0x000005d9       0x2d c:/nxp/mcuxpressoide_11.4.1_6260/ide/plugins/com.nxp.mcuxpresso.tools.win32_11.4.0.202103011116/tools/bin/../lib/gcc/arm-none-eabi/10.2.1/../../../../arm-none-eabi/lib/thumb/v7-m/nofp\libcr_c.a(remove.o)
 .ARM.attributes
                0x00000606       0x2d c:/nxp/mcuxpressoide_11.4.1_6260/ide/plugins/com.nxp.mcuxpresso.tools.win32_11.4.0.202103011116/tools/bin/../lib/gcc/arm-none-eabi/10.2.1/../../../../arm-none-eabi/lib/thumb/v7-m/nofp\libcr_c.a(__init_alloc.o)
 .ARM.attributes
                0x00000633       0x2d c:/nxp/mcuxpressoide_11.4.1_6260/ide/plugins/com.nxp.mcuxpresso.tools.win32_11.4.0.202103011116/tools/bin/../lib/gcc/arm-none-eabi/10.2.1/../../../../arm-none-eabi/lib/thumb/v7-m/nofp\libcr_c.a(_cr_sbrk.o)
 .ARM.attributes
                0x00000660       0x2d c:/nxp/mcuxpressoide_11.4.1_6260/ide/plugins/com.nxp.mcuxpresso.tools.win32_11.4.0.202103011116/tools/bin/../lib/gcc/arm-none-eabi/10.2.1/../../../../arm-none-eabi/lib/thumb/v7-m/nofp\libcr_c.a(_do_fflush.o)
 .ARM.attributes
                0x0000068d       0x2d c:/nxp/mcuxpressoide_11.4.1_6260/ide/plugins/com.nxp.mcuxpresso.tools.win32_11.4.0.202103011116/tools/bin/../lib/gcc/arm-none-eabi/10.2.1/../../../../arm-none-eabi/lib/thumb/v7-m/nofp\libcr_c.a(_cr_check_heap.o)
 .ARM.attributes
                0x000006ba       0x1b c:/nxp/mcuxpressoide_11.4.1_6260/ide/plugins/com.nxp.mcuxpresso.tools.win32_11.4.0.202103011116/tools/bin/../lib/gcc/arm-none-eabi/10.2.1/thumb/v7-m/nofp\libcr_eabihelpers.a(division_64.o)
 .ARM.attributes
                0x000006d5       0x1b c:/nxp/mcuxpressoide_11.4.1_6260/ide/plugins/com.nxp.mcuxpresso.tools.win32_11.4.0.202103011116/tools/bin/../lib/gcc/arm-none-eabi/10.2.1/thumb/v7-m/nofp\libcr_eabihelpers.a(division_idiv0.o)
 .ARM.attributes
                0x000006f0       0x2d c:/nxp/mcuxpressoide_11.4.1_6260/ide/plugins/com.nxp.mcuxpresso.tools.win32_11.4.0.202103011116/tools/bin/../lib/gcc/arm-none-eabi/10.2.1/thumb/v7-m/nofp\libcr_eabihelpers.a(double.o)
 .ARM.attributes
                0x0000071d       0x1b c:/nxp/mcuxpressoide_11.4.1_6260/ide/plugins/com.nxp.mcuxpresso.tools.win32_11.4.0.202103011116/tools/bin/../lib/gcc/arm-none-eabi/10.2.1/thumb/v7-m/nofp\libcr_eabihelpers.a(memcpy.o)
 .ARM.attributes
                0x00000738       0x33 c:/nxp/mcuxpressoide_11.4.1_6260/ide/plugins/com.nxp.mcuxpresso.tools.win32_11.4.0.202103011116/tools/bin/../lib/gcc/arm-none-eabi/10.2.1/../../../../arm-none-eabi/lib/thumb/v7-m/nofp\libcr_semihost.a(__ciob.o)
 .ARM.attributes
                0x0000076b       0x1b c:/nxp/mcuxpressoide_11.4.1_6260/ide/plugins/com.nxp.mcuxpresso.tools.win32_11.4.0.202103011116/tools/bin/../lib/gcc/arm-none-eabi/10.2.1/../../../../arm-none-eabi/lib/thumb/v7-m/nofp\libcr_semihost.a(__sys_appexit.o)
 .ARM.attributes
                0x00000786       0x1b c:/nxp/mcuxpressoide_11.4.1_6260/ide/plugins/com.nxp.mcuxpresso.tools.win32_11.4.0.202103011116/tools/bin/../lib/gcc/arm-none-eabi/10.2.1/../../../../arm-none-eabi/lib/thumb/v7-m/nofp\libcr_semihost.a(__sys_close.o)
 .ARM.attributes
                0x000007a1       0x1b c:/nxp/mcuxpressoide_11.4.1_6260/ide/plugins/com.nxp.mcuxpresso.tools.win32_11.4.0.202103011116/tools/bin/../lib/gcc/arm-none-eabi/10.2.1/../../../../arm-none-eabi/lib/thumb/v7-m/nofp\libcr_semihost.a(__sys_flen.o)
 .ARM.attributes
                0x000007bc       0x1b c:/nxp/mcuxpressoide_11.4.1_6260/ide/plugins/com.nxp.mcuxpresso.tools.win32_11.4.0.202103011116/tools/bin/../lib/gcc/arm-none-eabi/10.2.1/../../../../arm-none-eabi/lib/thumb/v7-m/nofp\libcr_semihost.a(__sys_istty.o)
 .ARM.attributes
                0x000007d7       0x1b c:/nxp/mcuxpressoide_11.4.1_6260/ide/plugins/com.nxp.mcuxpresso.tools.win32_11.4.0.202103011116/tools/bin/../lib/gcc/arm-none-eabi/10.2.1/../../../../arm-none-eabi/lib/thumb/v7-m/nofp\libcr_semihost.a(__sys_remove.o)
 .ARM.attributes
                0x000007f2       0x1b c:/nxp/mcuxpressoide_11.4.1_6260/ide/plugins/com.nxp.mcuxpresso.tools.win32_11.4.0.202103011116/tools/bin/../lib/gcc/arm-none-eabi/10.2.1/../../../../arm-none-eabi/lib/thumb/v7-m/nofp\libcr_semihost.a(__sys_seek.o)
 .ARM.attributes
                0x0000080d       0x1b c:/nxp/mcuxpressoide_11.4.1_6260/ide/plugins/com.nxp.mcuxpresso.tools.win32_11.4.0.202103011116/tools/bin/../lib/gcc/arm-none-eabi/10.2.1/../../../../arm-none-eabi/lib/thumb/v7-m/nofp\libcr_semihost.a(__sys_tmpnam.o)
 .ARM.attributes
                0x00000828       0x1b c:/nxp/mcuxpressoide_11.4.1_6260/ide/plugins/com.nxp.mcuxpresso.tools.win32_11.4.0.202103011116/tools/bin/../lib/gcc/arm-none-eabi/10.2.1/../../../../arm-none-eabi/lib/thumb/v7-m/nofp\libcr_semihost.a(__sys_write.o)

.debug_frame    0x00000000      0xc30
 .debug_frame   0x00000000      0x2a4 ./src/LAB_8.o
 .debug_frame   0x000002a4      0x170 ./src/cr_startup_lpc175x_6x.o
 .debug_frame   0x00000414       0xe8 D:\University\Engineering\Ano 4\se1\HAL_SE1\Debug\libHAL_SE1.a(BMP.o)
 .debug_frame   0x000004fc      0x104 D:\University\Engineering\Ano 4\se1\HAL_SE1\Debug\libHAL_SE1.a(FLASH.o)
 .debug_frame   0x00000600      0x104 D:\University\Engineering\Ano 4\se1\HAL_SE1\Debug\libHAL_SE1.a(KEYPAD.o)
 .debug_frame   0x00000704      0x1bc D:\University\Engineering\Ano 4\se1\HAL_SE1\Debug\libHAL_SE1.a(LCDText.o)
 .debug_frame   0x000008c0       0xcc D:\University\Engineering\Ano 4\se1\HAL_SE1\Debug\libHAL_SE1.a(RTC.o)
 .debug_frame   0x0000098c       0xf4 D:\University\Engineering\Ano 4\se1\HAL_SE1\Debug\libHAL_SE1.a(SPI.o)
 .debug_frame   0x00000a80      0x174 D:\University\Engineering\Ano 4\se1\HAL_SE1\Debug\libHAL_SE1.a(Wait.o)
 .debug_frame   0x00000bf4       0x3c D:\University\Engineering\Ano 4\se1\CMSIS_CORE_LPC17xx\Debug\libCMSIS_CORE_LPC17xx.a(system_LPC17xx.o)

Cross Reference Table

Symbol                                            File
ADC_IRQHandler                                    ./src/cr_startup_lpc175x_6x.o
BMP_Init                                          D:\University\Engineering\Ano 4\se1\HAL_SE1\Debug\libHAL_SE1.a(BMP.o)
                                                  ./src/LAB_8.o
BOD_IRQHandler                                    ./src/cr_startup_lpc175x_6x.o
BusFault_Handler                                  ./src/cr_startup_lpc175x_6x.o
CANActivity_IRQHandler                            ./src/cr_startup_lpc175x_6x.o
CAN_IRQHandler                                    ./src/cr_startup_lpc175x_6x.o
CRP_WORD                                          ./src/crp.o
DMA_IRQHandler                                    ./src/cr_startup_lpc175x_6x.o
DebugMon_Handler                                  ./src/cr_startup_lpc175x_6x.o
EINT0_IRQHandler                                  ./src/cr_startup_lpc175x_6x.o
EINT1_IRQHandler                                  ./src/cr_startup_lpc175x_6x.o
EINT2_IRQHandler                                  ./src/cr_startup_lpc175x_6x.o
EINT3_IRQHandler                                  ./src/cr_startup_lpc175x_6x.o
ENET_IRQHandler                                   ./src/cr_startup_lpc175x_6x.o
FLASH_EraseSector                                 D:\University\Engineering\Ano 4\se1\HAL_SE1\Debug\libHAL_SE1.a(FLASH.o)
                                                  ./src/LAB_8.o
FLASH_Init                                        D:\University\Engineering\Ano 4\se1\HAL_SE1\Debug\libHAL_SE1.a(FLASH.o)
                                                  ./src/LAB_8.o
FLASH_VerifyData                                  D:\University\Engineering\Ano 4\se1\HAL_SE1\Debug\libHAL_SE1.a(FLASH.o)
                                                  ./src/LAB_8.o
FLASH_WriteData                                   D:\University\Engineering\Ano 4\se1\HAL_SE1\Debug\libHAL_SE1.a(FLASH.o)
                                                  ./src/LAB_8.o
GetReg16                                          D:\University\Engineering\Ano 4\se1\HAL_SE1\Debug\libHAL_SE1.a(BMP.o)
GetReg8                                           D:\University\Engineering\Ano 4\se1\HAL_SE1\Debug\libHAL_SE1.a(BMP.o)
HardFault_Handler                                 ./src/cr_startup_lpc175x_6x.o
I2C0_IRQHandler                                   ./src/cr_startup_lpc175x_6x.o
I2C1_IRQHandler                                   ./src/cr_startup_lpc175x_6x.o
I2C2_IRQHandler                                   ./src/cr_startup_lpc175x_6x.o
I2S_IRQHandler                                    ./src/cr_startup_lpc175x_6x.o
IntDefaultHandler                                 ./src/cr_startup_lpc175x_6x.o
KEYPAD_Hit                                        D:\University\Engineering\Ano 4\se1\HAL_SE1\Debug\libHAL_SE1.a(KEYPAD.o)
KEYPAD_Init                                       D:\University\Engineering\Ano 4\se1\HAL_SE1\Debug\libHAL_SE1.a(KEYPAD.o)
                                                  ./src/LAB_8.o
KEYPAD_Read                                       D:\University\Engineering\Ano 4\se1\HAL_SE1\Debug\libHAL_SE1.a(KEYPAD.o)
LCDText_Clear                                     D:\University\Engineering\Ano 4\se1\HAL_SE1\Debug\libHAL_SE1.a(LCDText.o)
                                                  ./src/LAB_8.o
LCDText_GetStatus                                 D:\University\Engineering\Ano 4\se1\HAL_SE1\Debug\libHAL_SE1.a(LCDText.o)
                                                  ./src/LAB_8.o
LCDText_Init                                      D:\University\Engineering\Ano 4\se1\HAL_SE1\Debug\libHAL_SE1.a(LCDText.o)
                                                  ./src/LAB_8.o
LCDText_Printf                                    D:\University\Engineering\Ano 4\se1\HAL_SE1\Debug\libHAL_SE1.a(LCDText.o)
                                                  ./src/LAB_8.o
LCDText_SetCursor                                 D:\University\Engineering\Ano 4\se1\HAL_SE1\Debug\libHAL_SE1.a(LCDText.o)
                                                  ./src/LAB_8.o
LCDText_SetCursorStatus                           D:\University\Engineering\Ano 4\se1\HAL_SE1\Debug\libHAL_SE1.a(LCDText.o)
LCDText_SetStatus                                 D:\University\Engineering\Ano 4\se1\HAL_SE1\Debug\libHAL_SE1.a(LCDText.o)
                                                  ./src/LAB_8.o
LCDText_WriteChar                                 D:\University\Engineering\Ano 4\se1\HAL_SE1\Debug\libHAL_SE1.a(LCDText.o)
LCDText_WriteString                               D:\University\Engineering\Ano 4\se1\HAL_SE1\Debug\libHAL_SE1.a(LCDText.o)
MCPWM_IRQHandler                                  ./src/cr_startup_lpc175x_6x.o
MemManage_Handler                                 ./src/cr_startup_lpc175x_6x.o
NMI_Handler                                       ./src/cr_startup_lpc175x_6x.o
PLL0_IRQHandler                                   ./src/cr_startup_lpc175x_6x.o
PLL1_IRQHandler                                   ./src/cr_startup_lpc175x_6x.o
PULSE_ENABLE                                      D:\University\Engineering\Ano 4\se1\HAL_SE1\Debug\libHAL_SE1.a(LCDText.o)
PWM1_IRQHandler                                   ./src/cr_startup_lpc175x_6x.o
PendSV_Handler                                    ./src/cr_startup_lpc175x_6x.o
QEI_IRQHandler                                    ./src/cr_startup_lpc175x_6x.o
RIT_IRQHandler                                    ./src/cr_startup_lpc175x_6x.o
RTC_GetSeconds                                    D:\University\Engineering\Ano 4\se1\HAL_SE1\Debug\libHAL_SE1.a(RTC.o)
RTC_GetValue                                      D:\University\Engineering\Ano 4\se1\HAL_SE1\Debug\libHAL_SE1.a(RTC.o)
                                                  ./src/LAB_8.o
RTC_IRQHandler                                    ./src/cr_startup_lpc175x_6x.o
RTC_Init                                          D:\University\Engineering\Ano 4\se1\HAL_SE1\Debug\libHAL_SE1.a(RTC.o)
                                                  ./src/LAB_8.o
RTC_SetSeconds                                    D:\University\Engineering\Ano 4\se1\HAL_SE1\Debug\libHAL_SE1.a(RTC.o)
RTC_SetValue                                      D:\University\Engineering\Ano 4\se1\HAL_SE1\Debug\libHAL_SE1.a(RTC.o)
                                                  ./src/LAB_8.o
ResetISR                                          ./src/cr_startup_lpc175x_6x.o
SPI_ConfigTransfer                                D:\University\Engineering\Ano 4\se1\HAL_SE1\Debug\libHAL_SE1.a(SPI.o)
                                                  D:\University\Engineering\Ano 4\se1\HAL_SE1\Debug\libHAL_SE1.a(BMP.o)
SPI_IRQHandler                                    ./src/cr_startup_lpc175x_6x.o
SPI_Init                                          D:\University\Engineering\Ano 4\se1\HAL_SE1\Debug\libHAL_SE1.a(SPI.o)
                                                  D:\University\Engineering\Ano 4\se1\HAL_SE1\Debug\libHAL_SE1.a(BMP.o)
SPI_Read                                          D:\University\Engineering\Ano 4\se1\HAL_SE1\Debug\libHAL_SE1.a(SPI.o)
SPI_Transfer                                      D:\University\Engineering\Ano 4\se1\HAL_SE1\Debug\libHAL_SE1.a(SPI.o)
                                                  D:\University\Engineering\Ano 4\se1\HAL_SE1\Debug\libHAL_SE1.a(BMP.o)
SPI_Write                                         D:\University\Engineering\Ano 4\se1\HAL_SE1\Debug\libHAL_SE1.a(SPI.o)
SSP0_IRQHandler                                   ./src/cr_startup_lpc175x_6x.o
SSP1_IRQHandler                                   ./src/cr_startup_lpc175x_6x.o
SVC_Handler                                       ./src/cr_startup_lpc175x_6x.o
SetReg8                                           D:\University\Engineering\Ano 4\se1\HAL_SE1\Debug\libHAL_SE1.a(BMP.o)
SysTick_Handler                                   D:\University\Engineering\Ano 4\se1\HAL_SE1\Debug\libHAL_SE1.a(Wait.o)
                                                  ./src/cr_startup_lpc175x_6x.o
SystemCoreClock                                   D:\University\Engineering\Ano 4\se1\CMSIS_CORE_LPC17xx\Debug\libCMSIS_CORE_LPC17xx.a(system_LPC17xx.o)
                                                  D:\University\Engineering\Ano 4\se1\HAL_SE1\Debug\libHAL_SE1.a(Wait.o)
                                                  D:\University\Engineering\Ano 4\se1\HAL_SE1\Debug\libHAL_SE1.a(SPI.o)
                                                  D:\University\Engineering\Ano 4\se1\HAL_SE1\Debug\libHAL_SE1.a(FLASH.o)
SystemCoreClockUpdate                             D:\University\Engineering\Ano 4\se1\CMSIS_CORE_LPC17xx\Debug\libCMSIS_CORE_LPC17xx.a(system_LPC17xx.o)
                                                  D:\University\Engineering\Ano 4\se1\HAL_SE1\Debug\libHAL_SE1.a(Wait.o)
SystemInit                                        D:\University\Engineering\Ano 4\se1\CMSIS_CORE_LPC17xx\Debug\libCMSIS_CORE_LPC17xx.a(system_LPC17xx.o)
                                                  D:\University\Engineering\Ano 4\se1\HAL_SE1\Debug\libHAL_SE1.a(RTC.o)
                                                  ./src/cr_startup_lpc175x_6x.o
TIMER0_IRQHandler                                 D:\University\Engineering\Ano 4\se1\HAL_SE1\Debug\libHAL_SE1.a(Wait.o)
                                                  ./src/cr_startup_lpc175x_6x.o
TIMER1_IRQHandler                                 ./src/cr_startup_lpc175x_6x.o
TIMER2_IRQHandler                                 ./src/cr_startup_lpc175x_6x.o
TIMER3_IRQHandler                                 ./src/cr_startup_lpc175x_6x.o
UART0_IRQHandler                                  ./src/cr_startup_lpc175x_6x.o
UART1_IRQHandler                                  ./src/cr_startup_lpc175x_6x.o
UART2_IRQHandler                                  ./src/cr_startup_lpc175x_6x.o
UART3_IRQHandler                                  ./src/cr_startup_lpc175x_6x.o
USBActivity_IRQHandler                            ./src/cr_startup_lpc175x_6x.o
USB_IRQHandler                                    ./src/cr_startup_lpc175x_6x.o
UsageFault_Handler                                ./src/cr_startup_lpc175x_6x.o
WAIT_ChronoUs                                     D:\University\Engineering\Ano 4\se1\HAL_SE1\Debug\libHAL_SE1.a(Wait.o)